Archive member included to satisfy reference by file (symbol)

C:/ST/STM32CubeIDE_1.13.1/STM32CubeIDE/plugins/com.st.stm32cube.ide.mcu.externaltools.gnu-tools-for-stm32.11.3.rel1.win32_1.1.0.202305231506/tools/bin/../lib/gcc/arm-none-eabi/11.3.1/../../../../arm-none-eabi/lib/thumb/v7-m/nofp\libc_nano.a(libc_a-exit.o)
                              C:/ST/STM32CubeIDE_1.13.1/STM32CubeIDE/plugins/com.st.stm32cube.ide.mcu.externaltools.gnu-tools-for-stm32.11.3.rel1.win32_1.1.0.202305231506/tools/bin/../lib/gcc/arm-none-eabi/11.3.1/../../../../arm-none-eabi/lib/thumb/v7-m/nofp/crt0.o (exit)
C:/ST/STM32CubeIDE_1.13.1/STM32CubeIDE/plugins/com.st.stm32cube.ide.mcu.externaltools.gnu-tools-for-stm32.11.3.rel1.win32_1.1.0.202305231506/tools/bin/../lib/gcc/arm-none-eabi/11.3.1/../../../../arm-none-eabi/lib/thumb/v7-m/nofp\libc_nano.a(libc_a-findfp.o)
                              C:/ST/STM32CubeIDE_1.13.1/STM32CubeIDE/plugins/com.st.stm32cube.ide.mcu.externaltools.gnu-tools-for-stm32.11.3.rel1.win32_1.1.0.202305231506/tools/bin/../lib/gcc/arm-none-eabi/11.3.1/../../../../arm-none-eabi/lib/thumb/v7-m/nofp\libc_nano.a(libc_a-exit.o) (__stdio_exit_handler)
C:/ST/STM32CubeIDE_1.13.1/STM32CubeIDE/plugins/com.st.stm32cube.ide.mcu.externaltools.gnu-tools-for-stm32.11.3.rel1.win32_1.1.0.202305231506/tools/bin/../lib/gcc/arm-none-eabi/11.3.1/../../../../arm-none-eabi/lib/thumb/v7-m/nofp\libc_nano.a(libc_a-fwalk.o)
                              C:/ST/STM32CubeIDE_1.13.1/STM32CubeIDE/plugins/com.st.stm32cube.ide.mcu.externaltools.gnu-tools-for-stm32.11.3.rel1.win32_1.1.0.202305231506/tools/bin/../lib/gcc/arm-none-eabi/11.3.1/../../../../arm-none-eabi/lib/thumb/v7-m/nofp\libc_nano.a(libc_a-findfp.o) (_fwalk_sglue)
C:/ST/STM32CubeIDE_1.13.1/STM32CubeIDE/plugins/com.st.stm32cube.ide.mcu.externaltools.gnu-tools-for-stm32.11.3.rel1.win32_1.1.0.202305231506/tools/bin/../lib/gcc/arm-none-eabi/11.3.1/../../../../arm-none-eabi/lib/thumb/v7-m/nofp\libc_nano.a(libc_a-stdio.o)
                              C:/ST/STM32CubeIDE_1.13.1/STM32CubeIDE/plugins/com.st.stm32cube.ide.mcu.externaltools.gnu-tools-for-stm32.11.3.rel1.win32_1.1.0.202305231506/tools/bin/../lib/gcc/arm-none-eabi/11.3.1/../../../../arm-none-eabi/lib/thumb/v7-m/nofp\libc_nano.a(libc_a-findfp.o) (__sread)
C:/ST/STM32CubeIDE_1.13.1/STM32CubeIDE/plugins/com.st.stm32cube.ide.mcu.externaltools.gnu-tools-for-stm32.11.3.rel1.win32_1.1.0.202305231506/tools/bin/../lib/gcc/arm-none-eabi/11.3.1/../../../../arm-none-eabi/lib/thumb/v7-m/nofp\libc_nano.a(libc_a-memset.o)
                              C:/ST/STM32CubeIDE_1.13.1/STM32CubeIDE/plugins/com.st.stm32cube.ide.mcu.externaltools.gnu-tools-for-stm32.11.3.rel1.win32_1.1.0.202305231506/tools/bin/../lib/gcc/arm-none-eabi/11.3.1/../../../../arm-none-eabi/lib/thumb/v7-m/nofp/crt0.o (memset)
C:/ST/STM32CubeIDE_1.13.1/STM32CubeIDE/plugins/com.st.stm32cube.ide.mcu.externaltools.gnu-tools-for-stm32.11.3.rel1.win32_1.1.0.202305231506/tools/bin/../lib/gcc/arm-none-eabi/11.3.1/../../../../arm-none-eabi/lib/thumb/v7-m/nofp\libc_nano.a(libc_a-closer.o)
                              C:/ST/STM32CubeIDE_1.13.1/STM32CubeIDE/plugins/com.st.stm32cube.ide.mcu.externaltools.gnu-tools-for-stm32.11.3.rel1.win32_1.1.0.202305231506/tools/bin/../lib/gcc/arm-none-eabi/11.3.1/../../../../arm-none-eabi/lib/thumb/v7-m/nofp\libc_nano.a(libc_a-stdio.o) (_close_r)
C:/ST/STM32CubeIDE_1.13.1/STM32CubeIDE/plugins/com.st.stm32cube.ide.mcu.externaltools.gnu-tools-for-stm32.11.3.rel1.win32_1.1.0.202305231506/tools/bin/../lib/gcc/arm-none-eabi/11.3.1/../../../../arm-none-eabi/lib/thumb/v7-m/nofp\libc_nano.a(libc_a-reent.o)
                              C:/ST/STM32CubeIDE_1.13.1/STM32CubeIDE/plugins/com.st.stm32cube.ide.mcu.externaltools.gnu-tools-for-stm32.11.3.rel1.win32_1.1.0.202305231506/tools/bin/../lib/gcc/arm-none-eabi/11.3.1/../../../../arm-none-eabi/lib/thumb/v7-m/nofp\libc_nano.a(libc_a-closer.o) (errno)
C:/ST/STM32CubeIDE_1.13.1/STM32CubeIDE/plugins/com.st.stm32cube.ide.mcu.externaltools.gnu-tools-for-stm32.11.3.rel1.win32_1.1.0.202305231506/tools/bin/../lib/gcc/arm-none-eabi/11.3.1/../../../../arm-none-eabi/lib/thumb/v7-m/nofp\libc_nano.a(libc_a-impure.o)
                              C:/ST/STM32CubeIDE_1.13.1/STM32CubeIDE/plugins/com.st.stm32cube.ide.mcu.externaltools.gnu-tools-for-stm32.11.3.rel1.win32_1.1.0.202305231506/tools/bin/../lib/gcc/arm-none-eabi/11.3.1/../../../../arm-none-eabi/lib/thumb/v7-m/nofp\libc_nano.a(libc_a-reent.o) (_impure_ptr)
C:/ST/STM32CubeIDE_1.13.1/STM32CubeIDE/plugins/com.st.stm32cube.ide.mcu.externaltools.gnu-tools-for-stm32.11.3.rel1.win32_1.1.0.202305231506/tools/bin/../lib/gcc/arm-none-eabi/11.3.1/../../../../arm-none-eabi/lib/thumb/v7-m/nofp\libc_nano.a(libc_a-lseekr.o)
[...]
Memory Configuration

Name             Origin             Length             Attributes
RAM              0x0000000020000000 0x0000000000005000 xrw
FLASH            0x0000000008000000 0x0000000000010000 xr
*default*        0x0000000000000000 0xffffffffffffffff

Linker script and memory map

LOAD C:/ST/STM32CubeIDE_1.13.1/STM32CubeIDE/plugins/com.st.stm32cube.ide.mcu.externaltools.gnu-tools-for-stm32.11.3.rel1.win32_1.1.0.202305231506/tools/bin/../lib/gcc/arm-none-eabi/11.3.1/thumb/v7-m/nofp/crti.o
LOAD C:/ST/STM32CubeIDE_1.13.1/STM32CubeIDE/plugins/com.st.stm32cube.ide.mcu.externaltools.gnu-tools-for-stm32.11.3.rel1.win32_1.1.0.202305231506/tools/bin/../lib/gcc/arm-none-eabi/11.3.1/thumb/v7-m/nofp/crtbegin.o
LOAD C:/ST/STM32CubeIDE_1.13.1/STM32CubeIDE/plugins/com.st.stm32cube.ide.mcu.externaltools.gnu-tools-for-stm32.11.3.rel1.win32_1.1.0.202305231506/tools/bin/../lib/gcc/arm-none-eabi/11.3.1/../../../../arm-none-eabi/lib/thumb/v7-m/nofp/crt0.o
LOAD ./Core/Src/fixedwing/fixedwing.o
LOAD ./Core/Src/fixedwing/fw_pid.o
LOAD ./Core/Src/fixedwing/navigation.o
LOAD ./Core/Src/fixedwing/scheduler.o
LOAD ./Core/Src/gpio.o
LOAD ./Core/Src/i2c.o
LOAD ./Core/Src/main.o
LOAD ./Core/Src/spi.o
LOAD ./Core/Src/stm32f1xx_hal_msp.o
LOAD ./Core/Src/stm32f1xx_it.o
LOAD ./Core/Src/syscalls.o
LOAD ./Core/Src/sysmem.o
LOAD ./Core/Src/system_stm32f1xx.o
LOAD ./Core/Src/tim.o
LOAD ./Core/Src/usart.o
LOAD ./Core/Src/quadrotor/opticalflow.o
LOAD ./Core/Src/quadrotor/pidQuad.o
LOAD ./Core/Src/quadrotor/position.o
LOAD ./Core/Src/quadrotor/quadrotor.o
LOAD ./Core/Src/quadrotor/scheduler.o
LOAD ./Core/Startup/startup_stm32f103c8tx.o
LOAD ./Core/lib/ahrs.o
LOAD ./Core/lib/bmp280.o
LOAD ./Core/lib/gps.o
LOAD ./Core/lib/hc_sr04.o
LOAD ./Core/lib/ibus.o
LOAD ./Core/lib/imu.o
LOAD ./Core/lib/log.o
LOAD ./Core/lib/maths.o
LOAD ./Core/lib/mavlink_handler.o
LOAD ./Core/lib/mpu6500.o
LOAD ./Core/lib/ms5611.o
LOAD ./Core/lib/nrf24l01p.o
LOAD ./Core/lib/pid.o
LOAD ./Core/lib/ppmreceiver.o
LOAD ./Core/lib/pwmwrite.o
LOAD ./Core/lib/qmc5883.o
LOAD ./Core/lib/ssd1306/fonts.o
LOAD ./Core/lib/ssd1306/ssd1306.o
LOAD ./Drivers/STM32F1xx_HAL_Driver/Src/stm32f1xx_hal.o
LOAD ./Drivers/STM32F1xx_HAL_Driver/Src/stm32f1xx_hal_cortex.o
LOAD ./Drivers/STM32F1xx_HAL_Driver/Src/stm32f1xx_hal_dma.o
LOAD ./Drivers/STM32F1xx_HAL_Driver/Src/stm32f1xx_hal_exti.o
LOAD ./Drivers/STM32F1xx_HAL_Driver/Src/stm32f1xx_hal_flash.o
LOAD ./Drivers/STM32F1xx_HAL_Driver/Src/stm32f1xx_hal_flash_ex.o
LOAD ./Drivers/STM32F1xx_HAL_Driver/Src/stm32f1xx_hal_gpio.o
LOAD ./Drivers/STM32F1xx_HAL_Driver/Src/stm32f1xx_hal_gpio_ex.o
LOAD ./Drivers/STM32F1xx_HAL_Driver/Src/stm32f1xx_hal_i2c.o
LOAD ./Drivers/STM32F1xx_HAL_Driver/Src/stm32f1xx_hal_pwr.o
LOAD ./Drivers/STM32F1xx_HAL_Driver/Src/stm32f1xx_hal_rcc.o
LOAD ./Drivers/STM32F1xx_HAL_Driver/Src/stm32f1xx_hal_rcc_ex.o
LOAD ./Drivers/STM32F1xx_HAL_Driver/Src/stm32f1xx_hal_spi.o
LOAD ./Drivers/STM32F1xx_HAL_Driver/Src/stm32f1xx_hal_tim.o
LOAD ./Drivers/STM32F1xx_HAL_Driver/Src/stm32f1xx_hal_tim_ex.o
LOAD ./Drivers/STM32F1xx_HAL_Driver/Src/stm32f1xx_hal_uart.o
START GROUP
LOAD C:/ST/STM32CubeIDE_1.13.1/STM32CubeIDE/plugins/com.st.stm32cube.ide.mcu.externaltools.gnu-tools-for-stm32.11.3.rel1.win32_1.1.0.202305231506/tools/bin/../lib/gcc/arm-none-eabi/11.3.1/../../../../arm-none-eabi/lib/thumb/v7-m/nofp\libc_nano.a
LOAD C:/ST/STM32CubeIDE_1.13.1/STM32CubeIDE/plugins/com.st.stm32cube.ide.mcu.externaltools.gnu-tools-for-stm32.11.3.rel1.win32_1.1.0.202305231506/tools/bin/../lib/gcc/arm-none-eabi/11.3.1/../../../../arm-none-eabi/lib/thumb/v7-m/nofp\libm.a
END GROUP
START GROUP
LOAD C:/ST/STM32CubeIDE_1.13.1/STM32CubeIDE/plugins/com.st.stm32cube.ide.mcu.externaltools.gnu-tools-for-stm32.11.3.rel1.win32_1.1.0.202305231506/tools/bin/../lib/gcc/arm-none-eabi/11.3.1/thumb/v7-m/nofp\libgcc.a
LOAD C:/ST/STM32CubeIDE_1.13.1/STM32CubeIDE/plugins/com.st.stm32cube.ide.mcu.externaltools.gnu-tools-for-stm32.11.3.rel1.win32_1.1.0.202305231506/tools/bin/../lib/gcc/arm-none-eabi/11.3.1/../../../../arm-none-eabi/lib/thumb/v7-m/nofp\libc_nano.a
END GROUP
START GROUP
LOAD C:/ST/STM32CubeIDE_1.13.1/STM32CubeIDE/plugins/com.st.stm32cube.ide.mcu.externaltools.gnu-tools-for-stm32.11.3.rel1.win32_1.1.0.202305231506/tools/bin/../lib/gcc/arm-none-eabi/11.3.1/thumb/v7-m/nofp\libgcc.a
LOAD C:/ST/STM32CubeIDE_1.13.1/STM32CubeIDE/plugins/com.st.stm32cube.ide.mcu.externaltools.gnu-tools-for-stm32.11.3.rel1.win32_1.1.0.202305231506/tools/bin/../lib/gcc/arm-none-eabi/11.3.1/../../../../arm-none-eabi/lib/thumb/v7-m/nofp\libc_nano.a
LOAD C:/ST/STM32CubeIDE_1.13.1/STM32CubeIDE/plugins/com.st.stm32cube.ide.mcu.externaltools.gnu-tools-for-stm32.11.3.rel1.win32_1.1.0.202305231506/tools/bin/../lib/gcc/arm-none-eabi/11.3.1/../../../../arm-none-eabi/lib/thumb/v7-m/nofp\libnosys.a
END GROUP
START GROUP
LOAD C:/ST/STM32CubeIDE_1.13.1/STM32CubeIDE/plugins/com.st.stm32cube.ide.mcu.externaltools.gnu-tools-for-stm32.11.3.rel1.win32_1.1.0.202305231506/tools/bin/../lib/gcc/arm-none-eabi/11.3.1/thumb/v7-m/nofp\libgcc.a
LOAD C:/ST/STM32CubeIDE_1.13.1/STM32CubeIDE/plugins/com.st.stm32cube.ide.mcu.externaltools.gnu-tools-for-stm32.11.3.rel1.win32_1.1.0.202305231506/tools/bin/../lib/gcc/arm-none-eabi/11.3.1/../../../../arm-none-eabi/lib/thumb/v7-m/nofp\libc_nano.a
LOAD C:/ST/STM32CubeIDE_1.13.1/STM32CubeIDE/plugins/com.st.stm32cube.ide.mcu.externaltools.gnu-tools-for-stm32.11.3.rel1.win32_1.1.0.202305231506/tools/bin/../lib/gcc/arm-none-eabi/11.3.1/../../../../arm-none-eabi/lib/thumb/v7-m/nofp\libnosys.a
END GROUP
LOAD C:/ST/STM32CubeIDE_1.13.1/STM32CubeIDE/plugins/com.st.stm32cube.ide.mcu.externaltools.gnu-tools-for-stm32.11.3.rel1.win32_1.1.0.202305231506/tools/bin/../lib/gcc/arm-none-eabi/11.3.1/thumb/v7-m/nofp/crtend.o
LOAD C:/ST/STM32CubeIDE_1.13.1/STM32CubeIDE/plugins/com.st.stm32cube.ide.mcu.externaltools.gnu-tools-for-stm32.11.3.rel1.win32_1.1.0.202305231506/tools/bin/../lib/gcc/arm-none-eabi/11.3.1/thumb/v7-m/nofp/crtn.o
                0x0000000020005000                _estack = (ORIGIN (RAM) + LENGTH (RAM))
                0x0000000000000200                _Min_Heap_Size = 0x200
                0x0000000000000400                _Min_Stack_Size = 0x400

.isr_vector     0x0000000008000000      0x10c
                0x0000000008000000                . = ALIGN (0x4)
 *(.isr_vector)
 .isr_vector    0x0000000008000000      0x10c ./Core/Startup/startup_stm32f103c8tx.o
                0x0000000008000000                g_pfnVectors
                0x000000000800010c                . = ALIGN (0x4)

.text           0x000000000800010c     0x2a04
                0x000000000800010c                . = ALIGN (0x4)
 *(.text)
 .text          0x000000000800010c       0x40 C:/ST/STM32CubeIDE_1.13.1/STM32CubeIDE/plugins/com.st.stm32cube.ide.mcu.externaltools.gnu-tools-for-stm32.11.3.rel1.win32_1.1.0.202305231506/tools/bin/../lib/gcc/arm-none-eabi/11.3.1/thumb/v7-m/nofp/crtbegin.o
 *(.text*)
 .text.HAL_TIM_PeriodElapsedCallback
                0x000000000800014c       0x30 ./Core/Src/fixedwing/scheduler.o
                0x000000000800014c                HAL_TIM_PeriodElapsedCallback
 .text.MX_GPIO_Init
                0x000000000800017c       0xd8 ./Core/Src/gpio.o
                0x000000000800017c                MX_GPIO_Init
 .text.MX_I2C1_Init
                0x0000000008000254       0x5c ./Core/Src/i2c.o
                0x0000000008000254                MX_I2C1_Init
 .text.MX_I2C2_Init
                0x00000000080002b0       0x5c ./Core/Src/i2c.o
                0x00000000080002b0                MX_I2C2_Init
 .text.HAL_I2C_MspInit
                0x000000000800030c       0xd8 ./Core/Src/i2c.o
                0x000000000800030c                HAL_I2C_MspInit
 .text.main     0x00000000080003e4       0x2a ./Core/Src/main.o
                0x00000000080003e4                main
 .text.SystemClock_Config
                0x000000000800040e       0x8a ./Core/Src/main.o
                0x000000000800040e                SystemClock_Config
 .text.Error_Handler
                0x0000000008000498        0xa ./Core/Src/main.o
                0x0000000008000498                Error_Handler
 *fill*         0x00000000080004a2        0x2 
 .text.MX_SPI1_Init
                0x00000000080004a4       0x6c ./Core/Src/spi.o
                0x00000000080004a4                MX_SPI1_Init
 .text.HAL_SPI_MspInit
                0x0000000008000510       0x94 ./Core/Src/spi.o
                0x0000000008000510                HAL_SPI_MspInit
 .text.HAL_MspInit
                0x00000000080005a4       0x64 ./Core/Src/stm32f1xx_hal_msp.o
                0x00000000080005a4                HAL_MspInit
 .text.NMI_Handler
                0x0000000008000608        0x6 ./Core/Src/stm32f1xx_it.o
                0x0000000008000608                NMI_Handler
 .text.HardFault_Handler
                0x000000000800060e        0x6 ./Core/Src/stm32f1xx_it.o
                0x000000000800060e                HardFault_Handler
 .text.MemManage_Handler
                0x0000000008000614        0x6 ./Core/Src/stm32f1xx_it.o
                0x0000000008000614                MemManage_Handler
 .text.BusFault_Handler
                0x000000000800061a        0x6 ./Core/Src/stm32f1xx_it.o
                0x000000000800061a                BusFault_Handler
 .text.UsageFault_Handler
                0x0000000008000620        0x6 ./Core/Src/stm32f1xx_it.o
                0x0000000008000620                UsageFault_Handler
 .text.SVC_Handler
                0x0000000008000626        0xc ./Core/Src/stm32f1xx_it.o
                0x0000000008000626                SVC_Handler
 .text.DebugMon_Handler
                0x0000000008000632        0xc ./Core/Src/stm32f1xx_it.o
                0x0000000008000632                DebugMon_Handler
 .text.PendSV_Handler
                0x000000000800063e        0xc ./Core/Src/stm32f1xx_it.o
                0x000000000800063e                PendSV_Handler
 .text.SysTick_Handler
                0x000000000800064a        0xc ./Core/Src/stm32f1xx_it.o
                0x000000000800064a                SysTick_Handler
 *fill*         0x0000000008000656        0x2 
 .text.TIM4_IRQHandler
                0x0000000008000658       0x14 ./Core/Src/stm32f1xx_it.o
                0x0000000008000658                TIM4_IRQHandler
 .text.SystemInit
                0x000000000800066c        0xc ./Core/Src/system_stm32f1xx.o
                0x000000000800066c                SystemInit
 .text.MX_TIM3_Init
                0x0000000008000678      0x130 ./Core/Src/tim.o
                0x0000000008000678                MX_TIM3_Init
 .text.MX_TIM4_Init
                0x00000000080007a8       0x9c ./Core/Src/tim.o
                0x00000000080007a8                MX_TIM4_Init
 .text.HAL_TIM_Base_MspInit
                0x0000000008000844       0x74 ./Core/Src/tim.o
                0x0000000008000844                HAL_TIM_Base_MspInit
 .text.HAL_TIM_MspPostInit
                0x00000000080008b8       0x8c ./Core/Src/tim.o
                0x00000000080008b8                HAL_TIM_MspPostInit
 .text.MX_USART1_UART_Init
                0x0000000008000944       0x54 ./Core/Src/usart.o
                0x0000000008000944                MX_USART1_UART_Init
 .text.HAL_UART_MspInit
                0x0000000008000998       0x98 ./Core/Src/usart.o
                0x0000000008000998                HAL_UART_MspInit
 .text.Reset_Handler
                0x0000000008000a30       0x48 ./Core/Startup/startup_stm32f103c8tx.o
                0x0000000008000a30                Reset_Handler
 .text.Default_Handler
                0x0000000008000a78        0x2 ./Core/Startup/startup_stm32f103c8tx.o
                0x0000000008000a78                RTC_Alarm_IRQHandler
                0x0000000008000a78                EXTI2_IRQHandler
                0x0000000008000a78                TIM1_CC_IRQHandler
                0x0000000008000a78                PVD_IRQHandler
                0x0000000008000a78                EXTI3_IRQHandler
                0x0000000008000a78                EXTI0_IRQHandler
                0x0000000008000a78                I2C2_EV_IRQHandler
                0x0000000008000a78                ADC1_2_IRQHandler
                0x0000000008000a78                SPI1_IRQHandler
                0x0000000008000a78                TAMPER_IRQHandler
                0x0000000008000a78                DMA1_Channel4_IRQHandler
                0x0000000008000a78                USART3_IRQHandler
                0x0000000008000a78                RTC_IRQHandler
                0x0000000008000a78                DMA1_Channel7_IRQHandler
                0x0000000008000a78                CAN1_RX1_IRQHandler
                0x0000000008000a78                I2C1_EV_IRQHandler
                0x0000000008000a78                DMA1_Channel6_IRQHandler
                0x0000000008000a78                TIM3_IRQHandler
                0x0000000008000a78                RCC_IRQHandler
                0x0000000008000a78                TIM1_TRG_COM_IRQHandler
                0x0000000008000a78                DMA1_Channel1_IRQHandler
                0x0000000008000a78                Default_Handler
                0x0000000008000a78                EXTI15_10_IRQHandler
                0x0000000008000a78                EXTI9_5_IRQHandler
                0x0000000008000a78                SPI2_IRQHandler
                0x0000000008000a78                DMA1_Channel5_IRQHandler
                0x0000000008000a78                EXTI4_IRQHandler
                0x0000000008000a78                USB_LP_CAN1_RX0_IRQHandler
                0x0000000008000a78                USB_HP_CAN1_TX_IRQHandler
                0x0000000008000a78                DMA1_Channel3_IRQHandler
                0x0000000008000a78                TIM1_UP_IRQHandler
                0x0000000008000a78                WWDG_IRQHandler
                0x0000000008000a78                TIM2_IRQHandler
                0x0000000008000a78                TIM1_BRK_IRQHandler
                0x0000000008000a78                EXTI1_IRQHandler
                0x0000000008000a78                USART2_IRQHandler
                0x0000000008000a78                I2C2_ER_IRQHandler
                0x0000000008000a78                DMA1_Channel2_IRQHandler
                0x0000000008000a78                CAN1_SCE_IRQHandler
                0x0000000008000a78                FLASH_IRQHandler
                0x0000000008000a78                USART1_IRQHandler
                0x0000000008000a78                I2C1_ER_IRQHandler
                0x0000000008000a78                USBWakeUp_IRQHandler
 *fill*         0x0000000008000a7a        0x2 
 .text.HAL_Init
                0x0000000008000a7c       0x2c ./Drivers/STM32F1xx_HAL_Driver/Src/stm32f1xx_hal.o
                0x0000000008000a7c                HAL_Init
 .text.HAL_InitTick
                0x0000000008000aa8       0x60 ./Drivers/STM32F1xx_HAL_Driver/Src/stm32f1xx_hal.o
                0x0000000008000aa8                HAL_InitTick
 .text.HAL_IncTick
                0x0000000008000b08       0x24 ./Drivers/STM32F1xx_HAL_Driver/Src/stm32f1xx_hal.o
                0x0000000008000b08                HAL_IncTick
 .text.HAL_GetTick
                0x0000000008000b2c       0x14 ./Drivers/STM32F1xx_HAL_Driver/Src/stm32f1xx_hal.o
                0x0000000008000b2c                HAL_GetTick
 .text.__NVIC_SetPriorityGrouping
                0x0000000008000b40       0x48 ./Drivers/STM32F1xx_HAL_Driver/Src/stm32f1xx_hal_cortex.o
 .text.__NVIC_GetPriorityGrouping
                0x0000000008000b88       0x1c ./Drivers/STM32F1xx_HAL_Driver/Src/stm32f1xx_hal_cortex.o
 .text.__NVIC_EnableIRQ
                0x0000000008000ba4       0x38 ./Drivers/STM32F1xx_HAL_Driver/Src/stm32f1xx_hal_cortex.o
 .text.__NVIC_SetPriority
                0x0000000008000bdc       0x54 ./Drivers/STM32F1xx_HAL_Driver/Src/stm32f1xx_hal_cortex.o
 .text.NVIC_EncodePriority
                0x0000000008000c30       0x64 ./Drivers/STM32F1xx_HAL_Driver/Src/stm32f1xx_hal_cortex.o
 .text.SysTick_Config
                0x0000000008000c94       0x44 ./Drivers/STM32F1xx_HAL_Driver/Src/stm32f1xx_hal_cortex.o
 .text.HAL_NVIC_SetPriorityGrouping
                0x0000000008000cd8       0x16 ./Drivers/STM32F1xx_HAL_Driver/Src/stm32f1xx_hal_cortex.o
                0x0000000008000cd8                HAL_NVIC_SetPriorityGrouping
 .text.HAL_NVIC_SetPriority
                0x0000000008000cee       0x38 ./Drivers/STM32F1xx_HAL_Driver/Src/stm32f1xx_hal_cortex.o
                0x0000000008000cee                HAL_NVIC_SetPriority
 .text.HAL_NVIC_EnableIRQ
                0x0000000008000d26       0x1c ./Drivers/STM32F1xx_HAL_Driver/Src/stm32f1xx_hal_cortex.o
                0x0000000008000d26                HAL_NVIC_EnableIRQ
 .text.HAL_SYSTICK_Config
                0x0000000008000d42       0x18 ./Drivers/STM32F1xx_HAL_Driver/Src/stm32f1xx_hal_cortex.o
                0x0000000008000d42                HAL_SYSTICK_Config
 *fill*         0x0000000008000d5a        0x2 
 .text.HAL_GPIO_Init
                0x0000000008000d5c      0x308 ./Drivers/STM32F1xx_HAL_Driver/Src/stm32f1xx_hal_gpio.o
                0x0000000008000d5c                HAL_GPIO_Init
 .text.HAL_GPIO_WritePin
                0x0000000008001064       0x30 ./Drivers/STM32F1xx_HAL_Driver/Src/stm32f1xx_hal_gpio.o
                0x0000000008001064                HAL_GPIO_WritePin
 .text.HAL_I2C_Init
                0x0000000008001094      0x288 ./Drivers/STM32F1xx_HAL_Driver/Src/stm32f1xx_hal_i2c.o
                0x0000000008001094                HAL_I2C_Init
 .text.HAL_RCC_OscConfig
                0x000000000800131c      0x504 ./Drivers/STM32F1xx_HAL_Driver/Src/stm32f1xx_hal_rcc.o
                0x000000000800131c                HAL_RCC_OscConfig
 .text.HAL_RCC_ClockConfig
                0x0000000008001820      0x1d4 ./Drivers/STM32F1xx_HAL_Driver/Src/stm32f1xx_hal_rcc.o
                0x0000000008001820                HAL_RCC_ClockConfig
 .text.HAL_RCC_GetSysClockFreq
                0x00000000080019f4       0xac ./Drivers/STM32F1xx_HAL_Driver/Src/stm32f1xx_hal_rcc.o
                0x00000000080019f4                HAL_RCC_GetSysClockFreq
 .text.HAL_RCC_GetHCLKFreq
                0x0000000008001aa0       0x14 ./Drivers/STM32F1xx_HAL_Driver/Src/stm32f1xx_hal_rcc.o
                0x0000000008001aa0                HAL_RCC_GetHCLKFreq
 .text.HAL_RCC_GetPCLK1Freq
                0x0000000008001ab4       0x28 ./Drivers/STM32F1xx_HAL_Driver/Src/stm32f1xx_hal_rcc.o
                0x0000000008001ab4                HAL_RCC_GetPCLK1Freq
 .text.HAL_RCC_GetPCLK2Freq
                0x0000000008001adc       0x28 ./Drivers/STM32F1xx_HAL_Driver/Src/stm32f1xx_hal_rcc.o
                0x0000000008001adc                HAL_RCC_GetPCLK2Freq
 .text.RCC_Delay
                0x0000000008001b04       0x3c ./Drivers/STM32F1xx_HAL_Driver/Src/stm32f1xx_hal_rcc.o
 .text.HAL_SPI_Init
                0x0000000008001b40      0x108 ./Drivers/STM32F1xx_HAL_Driver/Src/stm32f1xx_hal_spi.o
                0x0000000008001b40                HAL_SPI_Init
 .text.HAL_TIM_Base_Init
                0x0000000008001c48       0x9e ./Drivers/STM32F1xx_HAL_Driver/Src/stm32f1xx_hal_tim.o
                0x0000000008001c48                HAL_TIM_Base_Init
 .text.HAL_TIM_PWM_Init
                0x0000000008001ce6       0x9e ./Drivers/STM32F1xx_HAL_Driver/Src/stm32f1xx_hal_tim.o
                0x0000000008001ce6                HAL_TIM_PWM_Init
 .text.HAL_TIM_PWM_MspInit
                0x0000000008001d84       0x12 ./Drivers/STM32F1xx_HAL_Driver/Src/stm32f1xx_hal_tim.o
                0x0000000008001d84                HAL_TIM_PWM_MspInit
 .text.HAL_TIM_IRQHandler
                0x0000000008001d96      0x210 ./Drivers/STM32F1xx_HAL_Driver/Src/stm32f1xx_hal_tim.o
                0x0000000008001d96                HAL_TIM_IRQHandler
 *fill*         0x0000000008001fa6        0x2 
 .text.HAL_TIM_PWM_ConfigChannel
                0x0000000008001fa8      0x184 ./Drivers/STM32F1xx_HAL_Driver/Src/stm32f1xx_hal_tim.o
                0x0000000008001fa8                HAL_TIM_PWM_ConfigChannel
 .text.HAL_TIM_ConfigClockSource
                0x000000000800212c      0x18e ./Drivers/STM32F1xx_HAL_Driver/Src/stm32f1xx_hal_tim.o
                0x000000000800212c                HAL_TIM_ConfigClockSource
 .text.HAL_TIM_OC_DelayElapsedCallback
                0x00000000080022ba       0x12 ./Drivers/STM32F1xx_HAL_Driver/Src/stm32f1xx_hal_tim.o
                0x00000000080022ba                HAL_TIM_OC_DelayElapsedCallback
 .text.HAL_TIM_IC_CaptureCallback
                0x00000000080022cc       0x12 ./Drivers/STM32F1xx_HAL_Driver/Src/stm32f1xx_hal_tim.o
                0x00000000080022cc                HAL_TIM_IC_CaptureCallback
 .text.HAL_TIM_PWM_PulseFinishedCallback
                0x00000000080022de       0x12 ./Drivers/STM32F1xx_HAL_Driver/Src/stm32f1xx_hal_tim.o
                0x00000000080022de                HAL_TIM_PWM_PulseFinishedCallback
 .text.HAL_TIM_TriggerCallback
                0x00000000080022f0       0x12 ./Drivers/STM32F1xx_HAL_Driver/Src/stm32f1xx_hal_tim.o
                0x00000000080022f0                HAL_TIM_TriggerCallback
 *fill*         0x0000000008002302        0x2 
 .text.TIM_Base_SetConfig
                0x0000000008002304       0xc4 ./Drivers/STM32F1xx_HAL_Driver/Src/stm32f1xx_hal_tim.o
                0x0000000008002304                TIM_Base_SetConfig
 .text.TIM_OC1_SetConfig
                0x00000000080023c8       0xcc ./Drivers/STM32F1xx_HAL_Driver/Src/stm32f1xx_hal_tim.o
 .text.TIM_OC2_SetConfig
                0x0000000008002494       0xd4 ./Drivers/STM32F1xx_HAL_Driver/Src/stm32f1xx_hal_tim.o
                0x0000000008002494                TIM_OC2_SetConfig
 .text.TIM_OC3_SetConfig
                0x0000000008002568       0xd4 ./Drivers/STM32F1xx_HAL_Driver/Src/stm32f1xx_hal_tim.o
 .text.TIM_OC4_SetConfig
                0x000000000800263c       0x9c ./Drivers/STM32F1xx_HAL_Driver/Src/stm32f1xx_hal_tim.o
 .text.TIM_TI1_ConfigInputStage
                0x00000000080026d8       0x5c ./Drivers/STM32F1xx_HAL_Driver/Src/stm32f1xx_hal_tim.o
 .text.TIM_TI2_ConfigInputStage
                0x0000000008002734       0x5e ./Drivers/STM32F1xx_HAL_Driver/Src/stm32f1xx_hal_tim.o
 .text.TIM_ITRx_SetConfig
                0x0000000008002792       0x34 ./Drivers/STM32F1xx_HAL_Driver/Src/stm32f1xx_hal_tim.o
 .text.TIM_ETR_SetConfig
                0x00000000080027c6       0x3e ./Drivers/STM32F1xx_HAL_Driver/Src/stm32f1xx_hal_tim.o
                0x00000000080027c6                TIM_ETR_SetConfig
 .text.HAL_TIMEx_MasterConfigSynchronization
                0x0000000008002804       0xbc ./Drivers/STM32F1xx_HAL_Driver/Src/stm32f1xx_hal_tim_ex.o
                0x0000000008002804                HAL_TIMEx_MasterConfigSynchronization
 .text.HAL_TIMEx_CommutCallback
                0x00000000080028c0       0x12 ./Drivers/STM32F1xx_HAL_Driver/Src/stm32f1xx_hal_tim_ex.o
                0x00000000080028c0                HAL_TIMEx_CommutCallback
 .text.HAL_TIMEx_BreakCallback
                0x00000000080028d2       0x12 ./Drivers/STM32F1xx_HAL_Driver/Src/stm32f1xx_hal_tim_ex.o
                0x00000000080028d2                HAL_TIMEx_BreakCallback
 .text.HAL_UART_Init
                0x00000000080028e4       0xa0 ./Drivers/STM32F1xx_HAL_Driver/Src/stm32f1xx_hal_uart.o
                0x00000000080028e4                HAL_UART_Init
 .text.UART_SetConfig
                0x0000000008002984      0x11c ./Drivers/STM32F1xx_HAL_Driver/Src/stm32f1xx_hal_uart.o
 .text.memset   0x0000000008002aa0       0x10 C:/ST/STM32CubeIDE_1.13.1/STM32CubeIDE/plugins/com.st.stm32cube.ide.mcu.externaltools.gnu-tools-for-stm32.11.3.rel1.win32_1.1.0.202305231506/tools/bin/../lib/gcc/arm-none-eabi/11.3.1/../../../../arm-none-eabi/lib/thumb/v7-m/nofp\libc_nano.a(libc_a-memset.o)
                0x0000000008002aa0                memset
 .text.__libc_init_array
                0x0000000008002ab0       0x48 C:/ST/STM32CubeIDE_1.13.1/STM32CubeIDE/plugins/com.st.stm32cube.ide.mcu.externaltools.gnu-tools-for-stm32.11.3.rel1.win32_1.1.0.202305231506/tools/bin/../lib/gcc/arm-none-eabi/11.3.1/../../../../arm-none-eabi/lib/thumb/v7-m/nofp\libc_nano.a(libc_a-init.o)
                0x0000000008002ab0                __libc_init_array
 *(.glue_7)
 .glue_7        0x0000000008002af8        0x0 linker stubs
 *(.glue_7t)
 .glue_7t       0x0000000008002af8        0x0 linker stubs
 *(.eh_frame)
 .eh_frame      0x0000000008002af8        0x0 C:/ST/STM32CubeIDE_1.13.1/STM32CubeIDE/plugins/com.st.stm32cube.ide.mcu.externaltools.gnu-tools-for-stm32.11.3.rel1.win32_1.1.0.202305231506/tools/bin/../lib/gcc/arm-none-eabi/11.3.1/thumb/v7-m/nofp/crtbegin.o
 *(.init)
 .init          0x0000000008002af8        0x4 C:/ST/STM32CubeIDE_1.13.1/STM32CubeIDE/plugins/com.st.stm32cube.ide.mcu.externaltools.gnu-tools-for-stm32.11.3.rel1.win32_1.1.0.202305231506/tools/bin/../lib/gcc/arm-none-eabi/11.3.1/thumb/v7-m/nofp/crti.o
                0x0000000008002af8                _init
 .init          0x0000000008002afc        0x8 C:/ST/STM32CubeIDE_1.13.1/STM32CubeIDE/plugins/com.st.stm32cube.ide.mcu.externaltools.gnu-tools-for-stm32.11.3.rel1.win32_1.1.0.202305231506/tools/bin/../lib/gcc/arm-none-eabi/11.3.1/thumb/v7-m/nofp/crtn.o
 *(.fini)
 .fini          0x0000000008002b04        0x4 C:/ST/STM32CubeIDE_1.13.1/STM32CubeIDE/plugins/com.st.stm32cube.ide.mcu.externaltools.gnu-tools-for-stm32.11.3.rel1.win32_1.1.0.202305231506/tools/bin/../lib/gcc/arm-none-eabi/11.3.1/thumb/v7-m/nofp/crti.o
                0x0000000008002b04                _fini
 .fini          0x0000000008002b08        0x8 C:/ST/STM32CubeIDE_1.13.1/STM32CubeIDE/plugins/com.st.stm32cube.ide.mcu.externaltools.gnu-tools-for-stm32.11.3.rel1.win32_1.1.0.202305231506/tools/bin/../lib/gcc/arm-none-eabi/11.3.1/thumb/v7-m/nofp/crtn.o
                0x0000000008002b10                . = ALIGN (0x4)
                0x0000000008002b10                _etext = .

.vfp11_veneer   0x0000000008002b10        0x0
 .vfp11_veneer  0x0000000008002b10        0x0 linker stubs

.v4_bx          0x0000000008002b10        0x0
 .v4_bx         0x0000000008002b10        0x0 linker stubs

.iplt           0x0000000008002b10        0x0
 .iplt          0x0000000008002b10        0x0 C:/ST/STM32CubeIDE_1.13.1/STM32CubeIDE/plugins/com.st.stm32cube.ide.mcu.externaltools.gnu-tools-for-stm32.11.3.rel1.win32_1.1.0.202305231506/tools/bin/../lib/gcc/arm-none-eabi/11.3.1/thumb/v7-m/nofp/crtbegin.o

.rodata         0x0000000008002b10       0x2c
                0x0000000008002b10                . = ALIGN (0x4)
 *(.rodata)
 *(.rodata*)
 .rodata.AHBPrescTable
                0x0000000008002b10       0x10 ./Core/Src/system_stm32f1xx.o
                0x0000000008002b10                AHBPrescTable
 .rodata.APBPrescTable
                0x0000000008002b20        0x8 ./Core/Src/system_stm32f1xx.o
                0x0000000008002b20                APBPrescTable
 .rodata.aPLLMULFactorTable.1
                0x0000000008002b28       0x10 ./Drivers/STM32F1xx_HAL_Driver/Src/stm32f1xx_hal_rcc.o
 .rodata.aPredivFactorTable.0
                0x0000000008002b38        0x2 ./Drivers/STM32F1xx_HAL_Driver/Src/stm32f1xx_hal_rcc.o
                0x0000000008002b3c                . = ALIGN (0x4)
 *fill*         0x0000000008002b3a        0x2 

.rel.dyn        0x0000000008002b3c        0x0
 .rel.iplt      0x0000000008002b3c        0x0 C:/ST/STM32CubeIDE_1.13.1/STM32CubeIDE/plugins/com.st.stm32cube.ide.mcu.externaltools.gnu-tools-for-stm32.11.3.rel1.win32_1.1.0.202305231506/tools/bin/../lib/gcc/arm-none-eabi/11.3.1/thumb/v7-m/nofp/crtbegin.o

.ARM.extab      0x0000000008002b3c        0x0
                0x0000000008002b3c                . = ALIGN (0x4)
 *(.ARM.extab* .gnu.linkonce.armextab.*)
                0x0000000008002b3c                . = ALIGN (0x4)

.ARM            0x0000000008002b3c        0x0
                0x0000000008002b3c                . = ALIGN (0x4)
                0x0000000008002b3c                __exidx_start = .
 *(.ARM.exidx*)
                0x0000000008002b3c                __exidx_end = .
                0x0000000008002b3c                . = ALIGN (0x4)

.preinit_array  0x0000000008002b3c        0x0
                0x0000000008002b3c                . = ALIGN (0x4)
                0x0000000008002b3c                PROVIDE (__preinit_array_start = .)
 *(.preinit_array*)
                0x0000000008002b3c                PROVIDE (__preinit_array_end = .)
                0x0000000008002b3c                . = ALIGN (0x4)

.init_array     0x0000000008002b3c        0x4
                0x0000000008002b3c                . = ALIGN (0x4)
                0x0000000008002b3c                PROVIDE (__init_array_start = .)
 *(SORT_BY_NAME(.init_array.*))
 *(.init_array*)
 .init_array    0x0000000008002b3c        0x4 C:/ST/STM32CubeIDE_1.13.1/STM32CubeIDE/plugins/com.st.stm32cube.ide.mcu.externaltools.gnu-tools-for-stm32.11.3.rel1.win32_1.1.0.202305231506/tools/bin/../lib/gcc/arm-none-eabi/11.3.1/thumb/v7-m/nofp/crtbegin.o
                0x0000000008002b40                PROVIDE (__init_array_end = .)
                0x0000000008002b40                . = ALIGN (0x4)

.fini_array     0x0000000008002b40        0x4
                0x0000000008002b40                . = ALIGN (0x4)
                [!provide]                        PROVIDE (__fini_array_start = .)
 *(SORT_BY_NAME(.fini_array.*))
 *(.fini_array*)
 .fini_array    0x0000000008002b40        0x4 C:/ST/STM32CubeIDE_1.13.1/STM32CubeIDE/plugins/com.st.stm32cube.ide.mcu.externaltools.gnu-tools-for-stm32.11.3.rel1.win32_1.1.0.202305231506/tools/bin/../lib/gcc/arm-none-eabi/11.3.1/thumb/v7-m/nofp/crtbegin.o
                [!provide]                        PROVIDE (__fini_array_end = .)
                0x0000000008002b44                . = ALIGN (0x4)
                0x0000000008002b44                _sidata = LOADADDR (.data)

.data           0x0000000020000000        0xc load address 0x0000000008002b44
                0x0000000020000000                . = ALIGN (0x4)
                0x0000000020000000                _sdata = .
 *(.data)
 *(.data*)
 .data.SystemCoreClock
                0x0000000020000000        0x4 ./Core/Src/system_stm32f1xx.o
                0x0000000020000000                SystemCoreClock
 .data.uwTickPrio
                0x0000000020000004        0x4 ./Drivers/STM32F1xx_HAL_Driver/Src/stm32f1xx_hal.o
                0x0000000020000004                uwTickPrio
 .data.uwTickFreq
                0x0000000020000008        0x1 ./Drivers/STM32F1xx_HAL_Driver/Src/stm32f1xx_hal.o
                0x0000000020000008                uwTickFreq
 *(.RamFunc)
 *(.RamFunc*)
                0x000000002000000c                . = ALIGN (0x4)
 *fill*         0x0000000020000009        0x3 
                0x000000002000000c                _edata = .

.igot.plt       0x000000002000000c        0x0 load address 0x0000000008002b50
 .igot.plt      0x000000002000000c        0x0 C:/ST/STM32CubeIDE_1.13.1/STM32CubeIDE/plugins/com.st.stm32cube.ide.mcu.externaltools.gnu-tools-for-stm32.11.3.rel1.win32_1.1.0.202305231506/tools/bin/../lib/gcc/arm-none-eabi/11.3.1/thumb/v7-m/nofp/crtbegin.o
                0x000000002000000c                . = ALIGN (0x4)

.bss            0x000000002000000c      0x1fc load address 0x0000000008002b50
                0x000000002000000c                _sbss = .
                0x000000002000000c                __bss_start__ = _sbss
 *(.bss)
 .bss           0x000000002000000c       0x1c C:/ST/STM32CubeIDE_1.13.1/STM32CubeIDE/plugins/com.st.stm32cube.ide.mcu.externaltools.gnu-tools-for-stm32.11.3.rel1.win32_1.1.0.202305231506/tools/bin/../lib/gcc/arm-none-eabi/11.3.1/thumb/v7-m/nofp/crtbegin.o
 *(.bss*)
 .bss.micross   0x0000000020000028        0x4 ./Core/Src/fixedwing/scheduler.o
 .bss.hi2c1     0x000000002000002c       0x54 ./Core/Src/i2c.o
                0x000000002000002c                hi2c1
 .bss.hi2c2     0x0000000020000080       0x54 ./Core/Src/i2c.o
                0x0000000020000080                hi2c2
 .bss.hspi1     0x00000000200000d4       0x58 ./Core/Src/spi.o
                0x00000000200000d4                hspi1
 .bss.htim3     0x000000002000012c       0x48 ./Core/Src/tim.o
                0x000000002000012c                htim3
 .bss.htim4     0x0000000020000174       0x48 ./Core/Src/tim.o
                0x0000000020000174                htim4
 .bss.huart1    0x00000000200001bc       0x48 ./Core/Src/usart.o
                0x00000000200001bc                huart1
 .bss.uwTick    0x0000000020000204        0x4 ./Drivers/STM32F1xx_HAL_Driver/Src/stm32f1xx_hal.o
                0x0000000020000204                uwTick
 *(COMMON)
                0x0000000020000208                . = ALIGN (0x4)
                0x0000000020000208                _ebss = .
                0x0000000020000208                __bss_end__ = _ebss

._user_heap_stack
                0x0000000020000208      0x600 load address 0x0000000008002b50
                0x0000000020000208                . = ALIGN (0x8)
                [!provide]                        PROVIDE (end = .)
                0x0000000020000208                PROVIDE (_end = .)
                0x0000000020000408                . = (. + _Min_Heap_Size)
 *fill*         0x0000000020000208      0x200 
                0x0000000020000808                . = (. + _Min_Stack_Size)
 *fill*         0x0000000020000408      0x400 
                0x0000000020000808                . = ALIGN (0x8)

/DISCARD/
 libc.a(*)
 libm.a(*)
 libgcc.a(*)

.ARM.attributes
                0x0000000000000000       0x29
 *(.ARM.attributes)
 .ARM.attributes
                0x0000000000000000       0x1d C:/ST/STM32CubeIDE_1.13.1/STM32CubeIDE/plugins/com.st.stm32cube.ide.mcu.externaltools.gnu-tools-for-stm32.11.3.rel1.win32_1.1.0.202305231506/tools/bin/../lib/gcc/arm-none-eabi/11.3.1/thumb/v7-m/nofp/crti.o
 .ARM.attributes
                0x000000000000001d       0x2d C:/ST/STM32CubeIDE_1.13.1/STM32CubeIDE/plugins/com.st.stm32cube.ide.mcu.externaltools.gnu-tools-for-stm32.11.3.rel1.win32_1.1.0.202305231506/tools/bin/../lib/gcc/arm-none-eabi/11.3.1/thumb/v7-m/nofp/crtbegin.o
 .ARM.attributes
                0x000000000000004a       0x2d ./Core/Src/fixedwing/scheduler.o
 .ARM.attributes
                0x0000000000000077       0x2d ./Core/Src/gpio.o
 .ARM.attributes
                0x00000000000000a4       0x2d ./Core/Src/i2c.o
 .ARM.attributes
                0x00000000000000d1       0x2d ./Core/Src/main.o
 .ARM.attributes
                0x00000000000000fe       0x2d ./Core/Src/spi.o
 .ARM.attributes
                0x000000000000012b       0x2d ./Core/Src/stm32f1xx_hal_msp.o
 .ARM.attributes
                0x0000000000000158       0x2d ./Core/Src/stm32f1xx_it.o
 .ARM.attributes
                0x0000000000000185       0x2d ./Core/Src/system_stm32f1xx.o
 .ARM.attributes
                0x00000000000001b2       0x2d ./Core/Src/tim.o
 .ARM.attributes
                0x00000000000001df       0x2d ./Core/Src/usart.o
 .ARM.attributes
                0x000000000000020c       0x21 ./Core/Startup/startup_stm32f103c8tx.o
 .ARM.attributes
                0x000000000000022d       0x2d ./Drivers/STM32F1xx_HAL_Driver/Src/stm32f1xx_hal.o
 .ARM.attributes
                0x000000000000025a       0x2d ./Drivers/STM32F1xx_HAL_Driver/Src/stm32f1xx_hal_cortex.o
 .ARM.attributes
                0x0000000000000287       0x2d ./Drivers/STM32F1xx_HAL_Driver/Src/stm32f1xx_hal_gpio.o
 .ARM.attributes
                0x00000000000002b4       0x2d ./Drivers/STM32F1xx_HAL_Driver/Src/stm32f1xx_hal_i2c.o
 .ARM.attributes
                0x00000000000002e1       0x2d ./Drivers/STM32F1xx_HAL_Driver/Src/stm32f1xx_hal_rcc.o
 .ARM.attributes
                0x000000000000030e       0x2d ./Drivers/STM32F1xx_HAL_Driver/Src/stm32f1xx_hal_spi.o
 .ARM.attributes
                0x000000000000033b       0x2d ./Drivers/STM32F1xx_HAL_Driver/Src/stm32f1xx_hal_tim.o
 .ARM.attributes
                0x0000000000000368       0x2d ./Drivers/STM32F1xx_HAL_Driver/Src/stm32f1xx_hal_tim_ex.o
 .ARM.attributes
                0x0000000000000395       0x2d ./Drivers/STM32F1xx_HAL_Driver/Src/stm32f1xx_hal_uart.o
 .ARM.attributes
                0x00000000000003c2       0x2d C:/ST/STM32CubeIDE_1.13.1/STM32CubeIDE/plugins/com.st.stm32cube.ide.mcu.externaltools.gnu-tools-for-stm32.11.3.rel1.win32_1.1.0.202305231506/tools/bin/../lib/gcc/arm-none-eabi/11.3.1/../../../../arm-none-eabi/lib/thumb/v7-m/nofp\libc_nano.a(libc_a-memset.o)
 .ARM.attributes
                0x00000000000003ef       0x2d C:/ST/STM32CubeIDE_1.13.1/STM32CubeIDE/plugins/com.st.stm32cube.ide.mcu.externaltools.gnu-tools-for-stm32.11.3.rel1.win32_1.1.0.202305231506/tools/bin/../lib/gcc/arm-none-eabi/11.3.1/../../../../arm-none-eabi/lib/thumb/v7-m/nofp\libc_nano.a(libc_a-init.o)
 .ARM.attributes
                0x000000000000041c       0x1d C:/ST/STM32CubeIDE_1.13.1/STM32CubeIDE/plugins/com.st.stm32cube.ide.mcu.externaltools.gnu-tools-for-stm32.11.3.rel1.win32_1.1.0.202305231506/tools/bin/../lib/gcc/arm-none-eabi/11.3.1/thumb/v7-m/nofp/crtn.o
OUTPUT(mario.elf elf32-littlearm)
LOAD linker stubs
LOAD C:/ST/STM32CubeIDE_1.13.1/STM32CubeIDE/plugins/com.st.stm32cube.ide.mcu.externaltools.gnu-tools-for-stm32.11.3.rel1.win32_1.1.0.202305231506/tools/bin/../lib/gcc/arm-none-eabi/11.3.1/../../../../arm-none-eabi/lib/thumb/v7-m/nofp\libc.a
LOAD C:/ST/STM32CubeIDE_1.13.1/STM32CubeIDE/plugins/com.st.stm32cube.ide.mcu.externaltools.gnu-tools-for-stm32.11.3.rel1.win32_1.1.0.202305231506/tools/bin/../lib/gcc/arm-none-eabi/11.3.1/../../../../arm-none-eabi/lib/thumb/v7-m/nofp\libm.a
LOAD C:/ST/STM32CubeIDE_1.13.1/STM32CubeIDE/plugins/com.st.stm32cube.ide.mcu.externaltools.gnu-tools-for-stm32.11.3.rel1.win32_1.1.0.202305231506/tools/bin/../lib/gcc/arm-none-eabi/11.3.1/thumb/v7-m/nofp\libgcc.a

.comment        0x0000000000000000       0x43
 .comment       0x0000000000000000       0x43 C:/ST/STM32CubeIDE_1.13.1/STM32CubeIDE/plugins/com.st.stm32cube.ide.mcu.externaltools.gnu-tools-for-stm32.11.3.rel1.win32_1.1.0.202305231506/tools/bin/../lib/gcc/arm-none-eabi/11.3.1/thumb/v7-m/nofp/crtbegin.o
                                         0x44 (size before relaxing)
 .comment       0x0000000000000043       0x44 ./Core/Src/fixedwing/scheduler.o
 .comment       0x0000000000000043       0x44 ./Core/Src/gpio.o
 .comment       0x0000000000000043       0x44 ./Core/Src/i2c.o
 .comment       0x0000000000000043       0x44 ./Core/Src/main.o
 .comment       0x0000000000000043       0x44 ./Core/Src/spi.o
 .comment       0x0000000000000043       0x44 ./Core/Src/stm32f1xx_hal_msp.o
 .comment       0x0000000000000043       0x44 ./Core/Src/stm32f1xx_it.o
 .comment       0x0000000000000043       0x44 ./Core/Src/system_stm32f1xx.o
 .comment       0x0000000000000043       0x44 ./Core/Src/tim.o
 .comment       0x0000000000000043       0x44 ./Core/Src/usart.o
 .comment       0x0000000000000043       0x44 ./Drivers/STM32F1xx_HAL_Driver/Src/stm32f1xx_hal.o
 .comment       0x0000000000000043       0x44 ./Drivers/STM32F1xx_HAL_Driver/Src/stm32f1xx_hal_cortex.o
 .comment       0x0000000000000043       0x44 ./Drivers/STM32F1xx_HAL_Driver/Src/stm32f1xx_hal_gpio.o
 .comment       0x0000000000000043       0x44 ./Drivers/STM32F1xx_HAL_Driver/Src/stm32f1xx_hal_i2c.o
 .comment       0x0000000000000043       0x44 ./Drivers/STM32F1xx_HAL_Driver/Src/stm32f1xx_hal_rcc.o
 .comment       0x0000000000000043       0x44 ./Drivers/STM32F1xx_HAL_Driver/Src/stm32f1xx_hal_spi.o
 .comment       0x0000000000000043       0x44 ./Drivers/STM32F1xx_HAL_Driver/Src/stm32f1xx_hal_tim.o
 .comment       0x0000000000000043       0x44 ./Drivers/STM32F1xx_HAL_Driver/Src/stm32f1xx_hal_tim_ex.o
 .comment       0x0000000000000043       0x44 ./Drivers/STM32F1xx_HAL_Driver/Src/stm32f1xx_hal_uart.o

.debug_info     0x0000000000000000    0x10a56
 .debug_info    0x0000000000000000      0xf35 ./Core/Src/fixedwing/scheduler.o
 .debug_info    0x0000000000000f35      0x2d3 ./Core/Src/gpio.o
 .debug_info    0x0000000000001208      0x83b ./Core/Src/i2c.o
 .debug_info    0x0000000000001a43      0x2b3 ./Core/Src/main.o
 .debug_info    0x0000000000001cf6      0x7b2 ./Core/Src/spi.o
 .debug_info    0x00000000000024a8      0x1f1 ./Core/Src/stm32f1xx_hal_msp.o
 .debug_info    0x0000000000002699      0x6a1 ./Core/Src/stm32f1xx_it.o
 .debug_info    0x0000000000002d3a      0x222 ./Core/Src/system_stm32f1xx.o
 .debug_info    0x0000000000002f5c      0xc9e ./Core/Src/tim.o
 .debug_info    0x0000000000003bfa      0x798 ./Core/Src/usart.o
 .debug_info    0x0000000000004392       0x23 ./Core/Startup/startup_stm32f103c8tx.o
 .debug_info    0x00000000000043b5      0x704 ./Drivers/STM32F1xx_HAL_Driver/Src/stm32f1xx_hal.o
 .debug_info    0x0000000000004ab9      0xa87 ./Drivers/STM32F1xx_HAL_Driver/Src/stm32f1xx_hal_cortex.o
 .debug_info    0x0000000000005540      0x5ab ./Drivers/STM32F1xx_HAL_Driver/Src/stm32f1xx_hal_gpio.o
 .debug_info    0x0000000000005aeb     0x2515 ./Drivers/STM32F1xx_HAL_Driver/Src/stm32f1xx_hal_i2c.o
 .debug_info    0x0000000000008000      0x7d5 ./Drivers/STM32F1xx_HAL_Driver/Src/stm32f1xx_hal_rcc.o
 .debug_info    0x00000000000087d5     0x1503 ./Drivers/STM32F1xx_HAL_Driver/Src/stm32f1xx_hal_spi.o
 .debug_info    0x0000000000009cd8     0x293b ./Drivers/STM32F1xx_HAL_Driver/Src/stm32f1xx_hal_tim.o
 .debug_info    0x000000000000c613     0x149b ./Drivers/STM32F1xx_HAL_Driver/Src/stm32f1xx_hal_tim_ex.o
 .debug_info    0x000000000000daae     0x2fa8 ./Drivers/STM32F1xx_HAL_Driver/Src/stm32f1xx_hal_uart.o

.debug_abbrev   0x0000000000000000     0x278c
 .debug_abbrev  0x0000000000000000      0x2a3 ./Core/Src/fixedwing/scheduler.o
 .debug_abbrev  0x00000000000002a3      0x13f ./Core/Src/gpio.o
 .debug_abbrev  0x00000000000003e2      0x1e4 ./Core/Src/i2c.o
 .debug_abbrev  0x00000000000005c6      0x172 ./Core/Src/main.o
 .debug_abbrev  0x0000000000000738      0x1e0 ./Core/Src/spi.o
 .debug_abbrev  0x0000000000000918       0xdb ./Core/Src/stm32f1xx_hal_msp.o
 .debug_abbrev  0x00000000000009f3      0x191 ./Core/Src/stm32f1xx_it.o
 .debug_abbrev  0x0000000000000b84      0x13f ./Core/Src/system_stm32f1xx.o
 .debug_abbrev  0x0000000000000cc3      0x243 ./Core/Src/tim.o
 .debug_abbrev  0x0000000000000f06      0x1e6 ./Core/Src/usart.o
 .debug_abbrev  0x00000000000010ec       0x12 ./Core/Startup/startup_stm32f103c8tx.o
 .debug_abbrev  0x00000000000010fe      0x201 ./Drivers/STM32F1xx_HAL_Driver/Src/stm32f1xx_hal.o
 .debug_abbrev  0x00000000000012ff      0x2f8 ./Drivers/STM32F1xx_HAL_Driver/Src/stm32f1xx_hal_cortex.o
 .debug_abbrev  0x00000000000015f7      0x1ca ./Drivers/STM32F1xx_HAL_Driver/Src/stm32f1xx_hal_gpio.o
 .debug_abbrev  0x00000000000017c1      0x2a3 ./Drivers/STM32F1xx_HAL_Driver/Src/stm32f1xx_hal_i2c.o
 .debug_abbrev  0x0000000000001a64      0x2b3 ./Drivers/STM32F1xx_HAL_Driver/Src/stm32f1xx_hal_rcc.o
 .debug_abbrev  0x0000000000001d17      0x284 ./Drivers/STM32F1xx_HAL_Driver/Src/stm32f1xx_hal_spi.o
 .debug_abbrev  0x0000000000001f9b      0x277 ./Drivers/STM32F1xx_HAL_Driver/Src/stm32f1xx_hal_tim.o
 .debug_abbrev  0x0000000000002212      0x282 ./Drivers/STM32F1xx_HAL_Driver/Src/stm32f1xx_hal_tim_ex.o
 .debug_abbrev  0x0000000000002494      0x2f8 ./Drivers/STM32F1xx_HAL_Driver/Src/stm32f1xx_hal_uart.o

.debug_aranges  0x0000000000000000     0x10d8
 .debug_aranges
                0x0000000000000000       0x58 ./Core/Src/fixedwing/scheduler.o
 .debug_aranges
                0x0000000000000058       0x20 ./Core/Src/gpio.o
 .debug_aranges
                0x0000000000000078       0x38 ./Core/Src/i2c.o
 .debug_aranges
                0x00000000000000b0       0x30 ./Core/Src/main.o
 .debug_aranges
                0x00000000000000e0       0x30 ./Core/Src/spi.o
 .debug_aranges
                0x0000000000000110       0x20 ./Core/Src/stm32f1xx_hal_msp.o
 .debug_aranges
                0x0000000000000130       0x68 ./Core/Src/stm32f1xx_it.o
 .debug_aranges
                0x0000000000000198       0x28 ./Core/Src/system_stm32f1xx.o
 .debug_aranges
                0x00000000000001c0       0x40 ./Core/Src/tim.o
 .debug_aranges
                0x0000000000000200       0x30 ./Core/Src/usart.o
 .debug_aranges
                0x0000000000000230       0x28 ./Core/Startup/startup_stm32f103c8tx.o
 .debug_aranges
                0x0000000000000258       0xe0 ./Drivers/STM32F1xx_HAL_Driver/Src/stm32f1xx_hal.o
 .debug_aranges
                0x0000000000000338      0x100 ./Drivers/STM32F1xx_HAL_Driver/Src/stm32f1xx_hal_cortex.o
 .debug_aranges
                0x0000000000000438       0x58 ./Drivers/STM32F1xx_HAL_Driver/Src/stm32f1xx_hal_gpio.o
 .debug_aranges
                0x0000000000000490      0x2a8 ./Drivers/STM32F1xx_HAL_Driver/Src/stm32f1xx_hal_i2c.o
 .debug_aranges
                0x0000000000000738       0x90 ./Drivers/STM32F1xx_HAL_Driver/Src/stm32f1xx_hal_rcc.o
 .debug_aranges
                0x00000000000007c8      0x1d0 ./Drivers/STM32F1xx_HAL_Driver/Src/stm32f1xx_hal_spi.o
 .debug_aranges
                0x0000000000000998      0x3d0 ./Drivers/STM32F1xx_HAL_Driver/Src/stm32f1xx_hal_tim.o
 .debug_aranges
                0x0000000000000d68      0x168 ./Drivers/STM32F1xx_HAL_Driver/Src/stm32f1xx_hal_tim_ex.o
 .debug_aranges
                0x0000000000000ed0      0x208 ./Drivers/STM32F1xx_HAL_Driver/Src/stm32f1xx_hal_uart.o

.debug_rnglists
                0x0000000000000000      0xd44
 .debug_rnglists
                0x0000000000000000       0x3f ./Core/Src/fixedwing/scheduler.o
 .debug_rnglists
                0x000000000000003f       0x14 ./Core/Src/gpio.o
 .debug_rnglists
                0x0000000000000053       0x26 ./Core/Src/i2c.o
 .debug_rnglists
                0x0000000000000079       0x20 ./Core/Src/main.o
 .debug_rnglists
                0x0000000000000099       0x20 ./Core/Src/spi.o
 .debug_rnglists
                0x00000000000000b9       0x13 ./Core/Src/stm32f1xx_hal_msp.o
 .debug_rnglists
                0x00000000000000cc       0x49 ./Core/Src/stm32f1xx_it.o
 .debug_rnglists
                0x0000000000000115       0x1a ./Core/Src/system_stm32f1xx.o
 .debug_rnglists
                0x000000000000012f       0x2e ./Core/Src/tim.o
 .debug_rnglists
                0x000000000000015d       0x20 ./Core/Src/usart.o
 .debug_rnglists
                0x000000000000017d       0x19 ./Core/Startup/startup_stm32f103c8tx.o
 .debug_rnglists
                0x0000000000000196       0xa3 ./Drivers/STM32F1xx_HAL_Driver/Src/stm32f1xx_hal.o
 .debug_rnglists
                0x0000000000000239       0xbb ./Drivers/STM32F1xx_HAL_Driver/Src/stm32f1xx_hal_cortex.o
 .debug_rnglists
                0x00000000000002f4       0x3f ./Drivers/STM32F1xx_HAL_Driver/Src/stm32f1xx_hal_gpio.o
 .debug_rnglists
                0x0000000000000333      0x23c ./Drivers/STM32F1xx_HAL_Driver/Src/stm32f1xx_hal_i2c.o
 .debug_rnglists
                0x000000000000056f       0x6c ./Drivers/STM32F1xx_HAL_Driver/Src/stm32f1xx_hal_rcc.o
 .debug_rnglists
                0x00000000000005db      0x16e ./Drivers/STM32F1xx_HAL_Driver/Src/stm32f1xx_hal_spi.o
 .debug_rnglists
                0x0000000000000749      0x31a ./Drivers/STM32F1xx_HAL_Driver/Src/stm32f1xx_hal_tim.o
 .debug_rnglists
                0x0000000000000a63      0x125 ./Drivers/STM32F1xx_HAL_Driver/Src/stm32f1xx_hal_tim_ex.o
 .debug_rnglists
                0x0000000000000b88      0x1bc ./Drivers/STM32F1xx_HAL_Driver/Src/stm32f1xx_hal_uart.o

.debug_macro    0x0000000000000000     0x3fc9
 .debug_macro   0x0000000000000000      0x904 ./Core/Src/fixedwing/scheduler.o
 .debug_macro   0x0000000000000904       0x22 ./Core/Src/fixedwing/scheduler.o
 .debug_macro   0x0000000000000926       0x1c ./Core/Src/fixedwing/scheduler.o
 .debug_macro   0x0000000000000942       0x1c ./Core/Src/fixedwing/scheduler.o
 .debug_macro   0x000000000000095e       0x10 ./Core/Src/fixedwing/scheduler.o
 .debug_macro   0x000000000000096e       0x20 ./Core/Src/fixedwing/scheduler.o
 .debug_macro   0x000000000000098e       0x84 ./Core/Src/fixedwing/scheduler.o
 .debug_macro   0x0000000000000a12       0x2e ./Core/Src/fixedwing/scheduler.o
 .debug_macro   0x0000000000000a40       0x16 ./Core/Src/fixedwing/scheduler.o
 .debug_macro   0x0000000000000a56       0x7b ./Core/Src/fixedwing/scheduler.o
 .debug_macro   0x0000000000000ad1       0xdf ./Core/Src/fixedwing/scheduler.o
 .debug_macro   0x0000000000000bb0       0x28 ./Core/Src/fixedwing/scheduler.o
 .debug_macro   0x0000000000000bd8       0x28 ./Core/Src/fixedwing/scheduler.o
 .debug_macro   0x0000000000000c00       0x28 ./Core/Src/fixedwing/scheduler.o
 .debug_macro   0x0000000000000c28       0x28 ./Core/Src/fixedwing/scheduler.o
 .debug_macro   0x0000000000000c50       0x2e ./Core/Src/fixedwing/scheduler.o
 .debug_macro   0x0000000000000c7e       0x28 ./Core/Src/fixedwing/scheduler.o
 .debug_macro   0x0000000000000ca6       0x2e ./Core/Src/fixedwing/scheduler.o
 .debug_macro   0x0000000000000cd4       0x28 ./Core/Src/fixedwing/scheduler.o
 .debug_macro   0x0000000000000cfc       0x2e ./Core/Src/fixedwing/scheduler.o
 .debug_macro   0x0000000000000d2a       0x28 ./Core/Src/fixedwing/scheduler.o
 .debug_macro   0x0000000000000d52       0x2e ./Core/Src/fixedwing/scheduler.o
 .debug_macro   0x0000000000000d80       0x2e ./Core/Src/fixedwing/scheduler.o
 .debug_macro   0x0000000000000dae       0x28 ./Core/Src/fixedwing/scheduler.o
 .debug_macro   0x0000000000000dd6       0x46 ./Core/Src/fixedwing/scheduler.o
 .debug_macro   0x0000000000000e1c       0x28 ./Core/Src/fixedwing/scheduler.o
 .debug_macro   0x0000000000000e44       0x28 ./Core/Src/fixedwing/scheduler.o
 .debug_macro   0x0000000000000e6c       0x28 ./Core/Src/fixedwing/scheduler.o
 .debug_macro   0x0000000000000e94       0x28 ./Core/Src/fixedwing/scheduler.o
 .debug_macro   0x0000000000000ebc       0x28 ./Core/Src/fixedwing/scheduler.o
 .debug_macro   0x0000000000000ee4       0x28 ./Core/Src/fixedwing/scheduler.o
 .debug_macro   0x0000000000000f0c       0x28 ./Core/Src/fixedwing/scheduler.o
 .debug_macro   0x0000000000000f34       0x28 ./Core/Src/fixedwing/scheduler.o
 .debug_macro   0x0000000000000f5c       0x28 ./Core/Src/fixedwing/scheduler.o
 .debug_macro   0x0000000000000f84       0x28 ./Core/Src/fixedwing/scheduler.o
 .debug_macro   0x0000000000000fac       0x28 ./Core/Src/fixedwing/scheduler.o
 .debug_macro   0x0000000000000fd4       0x28 ./Core/Src/fixedwing/scheduler.o
 .debug_macro   0x0000000000000ffc       0x28 ./Core/Src/fixedwing/scheduler.o
 .debug_macro   0x0000000000001024       0x28 ./Core/Src/fixedwing/scheduler.o
 .debug_macro   0x000000000000104c       0x28 ./Core/Src/fixedwing/scheduler.o
 .debug_macro   0x0000000000001074       0x28 ./Core/Src/fixedwing/scheduler.o
 .debug_macro   0x000000000000109c       0x28 ./Core/Src/fixedwing/scheduler.o
 .debug_macro   0x00000000000010c4       0x28 ./Core/Src/fixedwing/scheduler.o
 .debug_macro   0x00000000000010ec       0x28 ./Core/Src/fixedwing/scheduler.o
 .debug_macro   0x0000000000001114       0x28 ./Core/Src/fixedwing/scheduler.o
 .debug_macro   0x000000000000113c       0x28 ./Core/Src/fixedwing/scheduler.o
 .debug_macro   0x0000000000001164       0x28 ./Core/Src/fixedwing/scheduler.o
 .debug_macro   0x000000000000118c       0x28 ./Core/Src/fixedwing/scheduler.o
 .debug_macro   0x00000000000011b4       0x28 ./Core/Src/fixedwing/scheduler.o
 .debug_macro   0x00000000000011dc       0x2e ./Core/Src/fixedwing/scheduler.o
 .debug_macro   0x000000000000120a       0x28 ./Core/Src/fixedwing/scheduler.o
 .debug_macro   0x0000000000001232       0x28 ./Core/Src/fixedwing/scheduler.o
 .debug_macro   0x000000000000125a       0x34 ./Core/Src/fixedwing/scheduler.o
 .debug_macro   0x000000000000128e       0x28 ./Core/Src/fixedwing/scheduler.o
 .debug_macro   0x00000000000012b6       0x2e ./Core/Src/fixedwing/scheduler.o
 .debug_macro   0x00000000000012e4       0x2e ./Core/Src/fixedwing/scheduler.o
 .debug_macro   0x0000000000001312       0x28 ./Core/Src/fixedwing/scheduler.o
 .debug_macro   0x000000000000133a       0x28 ./Core/Src/fixedwing/scheduler.o
 .debug_macro   0x0000000000001362       0x28 ./Core/Src/fixedwing/scheduler.o
 .debug_macro   0x000000000000138a       0x28 ./Core/Src/fixedwing/scheduler.o
 .debug_macro   0x00000000000013b2       0x28 ./Core/Src/fixedwing/scheduler.o
 .debug_macro   0x00000000000013da       0x28 ./Core/Src/fixedwing/scheduler.o
 .debug_macro   0x0000000000001402       0x28 ./Core/Src/fixedwing/scheduler.o
 .debug_macro   0x000000000000142a       0x28 ./Core/Src/fixedwing/scheduler.o
 .debug_macro   0x0000000000001452       0x28 ./Core/Src/fixedwing/scheduler.o
 .debug_macro   0x000000000000147a       0x28 ./Core/Src/fixedwing/scheduler.o
 .debug_macro   0x00000000000014a2       0x28 ./Core/Src/fixedwing/scheduler.o
 .debug_macro   0x00000000000014ca       0x2e ./Core/Src/fixedwing/scheduler.o
 .debug_macro   0x00000000000014f8       0x2e ./Core/Src/fixedwing/scheduler.o
 .debug_macro   0x0000000000001526       0x28 ./Core/Src/fixedwing/scheduler.o
 .debug_macro   0x000000000000154e       0x28 ./Core/Src/fixedwing/scheduler.o
 .debug_macro   0x0000000000001576       0x28 ./Core/Src/fixedwing/scheduler.o
 .debug_macro   0x000000000000159e       0x28 ./Core/Src/fixedwing/scheduler.o
 .debug_macro   0x00000000000015c6       0x28 ./Core/Src/fixedwing/scheduler.o
 .debug_macro   0x00000000000015ee       0x28 ./Core/Src/fixedwing/scheduler.o
 .debug_macro   0x0000000000001616       0x28 ./Core/Src/fixedwing/scheduler.o
 .debug_macro   0x000000000000163e       0x28 ./Core/Src/fixedwing/scheduler.o
 .debug_macro   0x0000000000001666       0x28 ./Core/Src/fixedwing/scheduler.o
 .debug_macro   0x000000000000168e       0x28 ./Core/Src/fixedwing/scheduler.o
 .debug_macro   0x00000000000016b6       0x28 ./Core/Src/fixedwing/scheduler.o
 .debug_macro   0x00000000000016de       0x28 ./Core/Src/fixedwing/scheduler.o
 .debug_macro   0x0000000000001706       0x28 ./Core/Src/fixedwing/scheduler.o
 .debug_macro   0x000000000000172e       0x28 ./Core/Src/fixedwing/scheduler.o
 .debug_macro   0x0000000000001756       0x28 ./Core/Src/fixedwing/scheduler.o
 .debug_macro   0x000000000000177e       0x28 ./Core/Src/fixedwing/scheduler.o
 .debug_macro   0x00000000000017a6       0x28 ./Core/Src/fixedwing/scheduler.o
 .debug_macro   0x00000000000017ce       0x28 ./Core/Src/fixedwing/scheduler.o
 .debug_macro   0x00000000000017f6       0x2e ./Core/Src/fixedwing/scheduler.o
 .debug_macro   0x0000000000001824       0x28 ./Core/Src/fixedwing/scheduler.o
 .debug_macro   0x000000000000184c       0x28 ./Core/Src/fixedwing/scheduler.o
 .debug_macro   0x0000000000001874       0x28 ./Core/Src/fixedwing/scheduler.o
 .debug_macro   0x000000000000189c       0x28 ./Core/Src/fixedwing/scheduler.o
 .debug_macro   0x00000000000018c4       0x2e ./Core/Src/fixedwing/scheduler.o
 .debug_macro   0x00000000000018f2       0x28 ./Core/Src/fixedwing/scheduler.o
 .debug_macro   0x000000000000191a       0x28 ./Core/Src/fixedwing/scheduler.o
 .debug_macro   0x0000000000001942       0x28 ./Core/Src/fixedwing/scheduler.o
 .debug_macro   0x000000000000196a       0x28 ./Core/Src/fixedwing/scheduler.o
 .debug_macro   0x0000000000001992       0x2e ./Core/Src/fixedwing/scheduler.o
 .debug_macro   0x00000000000019c0       0x28 ./Core/Src/fixedwing/scheduler.o
 .debug_macro   0x00000000000019e8       0x28 ./Core/Src/fixedwing/scheduler.o
 .debug_macro   0x0000000000001a10       0x2e ./Core/Src/fixedwing/scheduler.o
 .debug_macro   0x0000000000001a3e       0x28 ./Core/Src/fixedwing/scheduler.o
 .debug_macro   0x0000000000001a66       0x28 ./Core/Src/fixedwing/scheduler.o
 .debug_macro   0x0000000000001a8e       0x2e ./Core/Src/fixedwing/scheduler.o
 .debug_macro   0x0000000000001abc       0x28 ./Core/Src/fixedwing/scheduler.o
 .debug_macro   0x0000000000001ae4       0x28 ./Core/Src/fixedwing/scheduler.o
 .debug_macro   0x0000000000001b0c       0x28 ./Core/Src/fixedwing/scheduler.o
 .debug_macro   0x0000000000001b34       0x28 ./Core/Src/fixedwing/scheduler.o
 .debug_macro   0x0000000000001b5c       0x2e ./Core/Src/fixedwing/scheduler.o
 .debug_macro   0x0000000000001b8a       0x28 ./Core/Src/fixedwing/scheduler.o
 .debug_macro   0x0000000000001bb2       0x28 ./Core/Src/fixedwing/scheduler.o
 .debug_macro   0x0000000000001bda       0x2e ./Core/Src/fixedwing/scheduler.o
 .debug_macro   0x0000000000001c08       0x28 ./Core/Src/fixedwing/scheduler.o
 .debug_macro   0x0000000000001c30       0x28 ./Core/Src/fixedwing/scheduler.o
 .debug_macro   0x0000000000001c58       0x28 ./Core/Src/fixedwing/scheduler.o
 .debug_macro   0x0000000000001c80       0x2e ./Core/Src/fixedwing/scheduler.o
 .debug_macro   0x0000000000001cae       0x2e ./Core/Src/fixedwing/scheduler.o
 .debug_macro   0x0000000000001cdc       0x2e ./Core/Src/fixedwing/scheduler.o
 .debug_macro   0x0000000000001d0a       0x2e ./Core/Src/fixedwing/scheduler.o
 .debug_macro   0x0000000000001d38       0x3a ./Core/Src/fixedwing/scheduler.o
 .debug_macro   0x0000000000001d72       0x2e ./Core/Src/fixedwing/scheduler.o
 .debug_macro   0x0000000000001da0       0x2e ./Core/Src/fixedwing/scheduler.o
 .debug_macro   0x0000000000001dce       0x2e ./Core/Src/fixedwing/scheduler.o
 .debug_macro   0x0000000000001dfc       0x2e ./Core/Src/fixedwing/scheduler.o
 .debug_macro   0x0000000000001e2a       0x2e ./Core/Src/fixedwing/scheduler.o
 .debug_macro   0x0000000000001e58       0x2e ./Core/Src/fixedwing/scheduler.o
 .debug_macro   0x0000000000001e86       0x28 ./Core/Src/fixedwing/scheduler.o
 .debug_macro   0x0000000000001eae       0x1c ./Core/Src/fixedwing/scheduler.o
 .debug_macro   0x0000000000001eca       0x1c ./Core/Src/fixedwing/scheduler.o
 .debug_macro   0x0000000000001ee6       0x22 ./Core/Src/fixedwing/scheduler.o
 .debug_macro   0x0000000000001f08       0x28 ./Core/Src/fixedwing/scheduler.o
 .debug_macro   0x0000000000001f30      0x1cb ./Core/Src/gpio.o
 .debug_macro   0x00000000000020fb      0x1cb ./Core/Src/i2c.o
 .debug_macro   0x00000000000022c6      0x1f7 ./Core/Src/main.o
 .debug_macro   0x00000000000024bd      0x1cb ./Core/Src/spi.o
 .debug_macro   0x0000000000002688      0x1c1 ./Core/Src/stm32f1xx_hal_msp.o
 .debug_macro   0x0000000000002849      0x1cb ./Core/Src/stm32f1xx_it.o
 .debug_macro   0x0000000000002a14      0x1b7 ./Core/Src/system_stm32f1xx.o
 .debug_macro   0x0000000000002bcb      0x1cb ./Core/Src/tim.o
 .debug_macro   0x0000000000002d96      0x1cb ./Core/Src/usart.o
 .debug_macro   0x0000000000002f61      0x1db ./Drivers/STM32F1xx_HAL_Driver/Src/stm32f1xx_hal.o
 .debug_macro   0x000000000000313c      0x1b7 ./Drivers/STM32F1xx_HAL_Driver/Src/stm32f1xx_hal_cortex.o
 .debug_macro   0x00000000000032f3      0x222 ./Drivers/STM32F1xx_HAL_Driver/Src/stm32f1xx_hal_gpio.o
 .debug_macro   0x0000000000003515      0x205 ./Drivers/STM32F1xx_HAL_Driver/Src/stm32f1xx_hal_i2c.o
 .debug_macro   0x000000000000371a      0x1c9 ./Drivers/STM32F1xx_HAL_Driver/Src/stm32f1xx_hal_rcc.o
 .debug_macro   0x00000000000038e3      0x1bf ./Drivers/STM32F1xx_HAL_Driver/Src/stm32f1xx_hal_spi.o
 .debug_macro   0x0000000000003aa2      0x1b8 ./Drivers/STM32F1xx_HAL_Driver/Src/stm32f1xx_hal_tim.o
 .debug_macro   0x0000000000003c5a      0x1b7 ./Drivers/STM32F1xx_HAL_Driver/Src/stm32f1xx_hal_tim_ex.o
 .debug_macro   0x0000000000003e11      0x1b8 ./Drivers/STM32F1xx_HAL_Driver/Src/stm32f1xx_hal_uart.o

.debug_line     0x0000000000000000    0x15ec3
 .debug_line    0x0000000000000000     0x1c2b ./Core/Src/fixedwing/scheduler.o
 .debug_line    0x0000000000001c2b      0x748 ./Core/Src/gpio.o
 .debug_line    0x0000000000002373      0x7fa ./Core/Src/i2c.o
 .debug_line    0x0000000000002b6d      0x7cd ./Core/Src/main.o
 .debug_line    0x000000000000333a      0x7a2 ./Core/Src/spi.o
 .debug_line    0x0000000000003adc      0x72c ./Core/Src/stm32f1xx_hal_msp.o
 .debug_line    0x0000000000004208      0x805 ./Core/Src/stm32f1xx_it.o
 .debug_line    0x0000000000004a0d      0x7a9 ./Core/Src/system_stm32f1xx.o
 .debug_line    0x00000000000051b6      0x873 ./Core/Src/tim.o
 .debug_line    0x0000000000005a29      0x79a ./Core/Src/usart.o
 .debug_line    0x00000000000061c3       0x78 ./Core/Startup/startup_stm32f103c8tx.o
 .debug_line    0x000000000000623b      0x9d6 ./Drivers/STM32F1xx_HAL_Driver/Src/stm32f1xx_hal.o
 .debug_line    0x0000000000006c11      0xbbe ./Drivers/STM32F1xx_HAL_Driver/Src/stm32f1xx_hal_cortex.o
 .debug_line    0x00000000000077cf      0xa6f ./Drivers/STM32F1xx_HAL_Driver/Src/stm32f1xx_hal_gpio.o
 .debug_line    0x000000000000823e     0x3b4d ./Drivers/STM32F1xx_HAL_Driver/Src/stm32f1xx_hal_i2c.o
 .debug_line    0x000000000000bd8b      0xddf ./Drivers/STM32F1xx_HAL_Driver/Src/stm32f1xx_hal_rcc.o
 .debug_line    0x000000000000cb6a     0x1c5e ./Drivers/STM32F1xx_HAL_Driver/Src/stm32f1xx_hal_spi.o
 .debug_line    0x000000000000e7c8     0x34c2 ./Drivers/STM32F1xx_HAL_Driver/Src/stm32f1xx_hal_tim.o
 .debug_line    0x0000000000011c8a     0x1935 ./Drivers/STM32F1xx_HAL_Driver/Src/stm32f1xx_hal_tim_ex.o
 .debug_line    0x00000000000135bf     0x2904 ./Drivers/STM32F1xx_HAL_Driver/Src/stm32f1xx_hal_uart.o

.debug_str      0x0000000000000000    0xadbca
 .debug_str     0x0000000000000000    0xa9ce7 ./Core/Src/fixedwing/scheduler.o
                                      0xaa179 (size before relaxing)
 .debug_str     0x00000000000a9ce7       0x95 ./Core/Src/gpio.o
                                      0x8637a (size before relaxing)
 .debug_str     0x00000000000a9d7c       0x89 ./Core/Src/i2c.o
                                      0x86847 (size before relaxing)
 .debug_str     0x00000000000a9e05      0x1be ./Core/Src/main.o
                                      0x864bc (size before relaxing)
 .debug_str     0x00000000000a9fc3      0x1c3 ./Core/Src/spi.o
                                      0x8678b (size before relaxing)
 .debug_str     0x00000000000aa186       0x5a ./Core/Src/stm32f1xx_hal_msp.o
                                      0x86302 (size before relaxing)
 .debug_str     0x00000000000aa1e0       0xec ./Core/Src/stm32f1xx_it.o
                                      0x86808 (size before relaxing)
 .debug_str     0x00000000000aa2cc       0x7e ./Core/Src/system_stm32f1xx.o
                                      0x8632d (size before relaxing)
 .debug_str     0x00000000000aa34a      0x494 ./Core/Src/tim.o
                                      0x86d77 (size before relaxing)
 .debug_str     0x00000000000aa7de       0x51 ./Core/Src/usart.o
                                      0x867c2 (size before relaxing)
 .debug_str     0x00000000000aa82f       0x34 ./Core/Startup/startup_stm32f103c8tx.o
                                         0x65 (size before relaxing)
 .debug_str     0x00000000000aa863      0x375 ./Drivers/STM32F1xx_HAL_Driver/Src/stm32f1xx_hal.o
                                      0x86a60 (size before relaxing)
 .debug_str     0x00000000000aabd8      0x294 ./Drivers/STM32F1xx_HAL_Driver/Src/stm32f1xx_hal_cortex.o
                                      0x869ac (size before relaxing)
 .debug_str     0x00000000000aae6c      0x2ae ./Drivers/STM32F1xx_HAL_Driver/Src/stm32f1xx_hal_gpio.o
                                      0x866b3 (size before relaxing)
 .debug_str     0x00000000000ab11a      0xbc4 ./Drivers/STM32F1xx_HAL_Driver/Src/stm32f1xx_hal_i2c.o
                                      0x873f4 (size before relaxing)
 .debug_str     0x00000000000abcde      0x209 ./Drivers/STM32F1xx_HAL_Driver/Src/stm32f1xx_hal_rcc.o
                                      0x8675c (size before relaxing)
 .debug_str     0x00000000000abee7      0x534 ./Drivers/STM32F1xx_HAL_Driver/Src/stm32f1xx_hal_spi.o
                                      0x86c59 (size before relaxing)
 .debug_str     0x00000000000ac41b      0xd38 ./Drivers/STM32F1xx_HAL_Driver/Src/stm32f1xx_hal_tim.o
                                      0x8774e (size before relaxing)
 .debug_str     0x00000000000ad153      0x493 ./Drivers/STM32F1xx_HAL_Driver/Src/stm32f1xx_hal_tim_ex.o
                                      0x86f6a (size before relaxing)
 .debug_str     0x00000000000ad5e6      0x5e4 ./Drivers/STM32F1xx_HAL_Driver/Src/stm32f1xx_hal_uart.o
                                      0x86dcd (size before relaxing)

.debug_frame    0x0000000000000000     0x46a0
 .debug_frame   0x0000000000000000      0x12c ./Core/Src/fixedwing/scheduler.o
 .debug_frame   0x000000000000012c       0x34 ./Core/Src/gpio.o
 .debug_frame   0x0000000000000160       0x90 ./Core/Src/i2c.o
 .debug_frame   0x00000000000001f0       0x68 ./Core/Src/main.o
 .debug_frame   0x0000000000000258       0x74 ./Core/Src/spi.o
 .debug_frame   0x00000000000002cc       0x38 ./Core/Src/stm32f1xx_hal_msp.o
 .debug_frame   0x0000000000000304      0x120 ./Core/Src/stm32f1xx_it.o
 .debug_frame   0x0000000000000424       0x58 ./Core/Src/system_stm32f1xx.o
 .debug_frame   0x000000000000047c       0xc4 ./Core/Src/tim.o
 .debug_frame   0x0000000000000540       0x74 ./Core/Src/usart.o
 .debug_frame   0x00000000000005b4      0x334 ./Drivers/STM32F1xx_HAL_Driver/Src/stm32f1xx_hal.o
 .debug_frame   0x00000000000008e8      0x428 ./Drivers/STM32F1xx_HAL_Driver/Src/stm32f1xx_hal_cortex.o
 .debug_frame   0x0000000000000d10      0x14c ./Drivers/STM32F1xx_HAL_Driver/Src/stm32f1xx_hal_gpio.o
 .debug_frame   0x0000000000000e5c      0xc84 ./Drivers/STM32F1xx_HAL_Driver/Src/stm32f1xx_hal_i2c.o
 .debug_frame   0x0000000000001ae0      0x218 ./Drivers/STM32F1xx_HAL_Driver/Src/stm32f1xx_hal_rcc.o
 .debug_frame   0x0000000000001cf8      0x824 ./Drivers/STM32F1xx_HAL_Driver/Src/stm32f1xx_hal_spi.o
 .debug_frame   0x000000000000251c     0x11bc ./Drivers/STM32F1xx_HAL_Driver/Src/stm32f1xx_hal_tim.o
 .debug_frame   0x00000000000036d8      0x638 ./Drivers/STM32F1xx_HAL_Driver/Src/stm32f1xx_hal_tim_ex.o
 .debug_frame   0x0000000000003d10      0x944 ./Drivers/STM32F1xx_HAL_Driver/Src/stm32f1xx_hal_uart.o
 .debug_frame   0x0000000000004654       0x20 C:/ST/STM32CubeIDE_1.13.1/STM32CubeIDE/plugins/com.st.stm32cube.ide.mcu.externaltools.gnu-tools-for-stm32.11.3.rel1.win32_1.1.0.202305231506/tools/bin/../lib/gcc/arm-none-eabi/11.3.1/../../../../arm-none-eabi/lib/thumb/v7-m/nofp\libc_nano.a(libc_a-memset.o)
 .debug_frame   0x0000000000004674       0x2c C:/ST/STM32CubeIDE_1.13.1/STM32CubeIDE/plugins/com.st.stm32cube.ide.mcu.externaltools.gnu-tools-for-stm32.11.3.rel1.win32_1.1.0.202305231506/tools/bin/../lib/gcc/arm-none-eabi/11.3.1/../../../../arm-none-eabi/lib/thumb/v7-m/nofp\libc_nano.a(libc_a-init.o)

.debug_line_str
                0x0000000000000000       0x59
 .debug_line_str
                0x0000000000000000       0x59 ./Core/Startup/startup_stm32f103c8tx.o
                                         0x71 (size before relaxing)
