Archive member included to satisfy reference by file (symbol)

c:/st/stm32cubeide_1.9.0/stm32cubeide/plugins/com.st.stm32cube.ide.mcu.externaltools.gnu-tools-for-stm32.10.3-2021.10.win32_1.0.0.202111181127/tools/bin/../lib/gcc/arm-none-eabi/10.3.1/../../../../arm-none-eabi/lib/thumb/v7-m/nofp\libc_nano.a(lib_a-errno.o)
                              ./Core/Src/syscalls.o (__errno)
c:/st/stm32cubeide_1.9.0/stm32cubeide/plugins/com.st.stm32cube.ide.mcu.externaltools.gnu-tools-for-stm32.10.3-2021.10.win32_1.0.0.202111181127/tools/bin/../lib/gcc/arm-none-eabi/10.3.1/../../../../arm-none-eabi/lib/thumb/v7-m/nofp\libc_nano.a(lib_a-exit.o)
                              c:/st/stm32cubeide_1.9.0/stm32cubeide/plugins/com.st.stm32cube.ide.mcu.externaltools.gnu-tools-for-stm32.10.3-2021.10.win32_1.0.0.202111181127/tools/bin/../lib/gcc/arm-none-eabi/10.3.1/../../../../arm-none-eabi/lib/thumb/v7-m/nofp/crt0.o (exit)
c:/st/stm32cubeide_1.9.0/stm32cubeide/plugins/com.st.stm32cube.ide.mcu.externaltools.gnu-tools-for-stm32.10.3-2021.10.win32_1.0.0.202111181127/tools/bin/../lib/gcc/arm-none-eabi/10.3.1/../../../../arm-none-eabi/lib/thumb/v7-m/nofp\libc_nano.a(lib_a-impure.o)
                              c:/st/stm32cubeide_1.9.0/stm32cubeide/plugins/com.st.stm32cube.ide.mcu.externaltools.gnu-tools-for-stm32.10.3-2021.10.win32_1.0.0.202111181127/tools/bin/../lib/gcc/arm-none-eabi/10.3.1/../../../../arm-none-eabi/lib/thumb/v7-m/nofp\libc_nano.a(lib_a-exit.o) (_global_impure_ptr)
c:/st/stm32cubeide_1.9.0/stm32cubeide/plugins/com.st.stm32cube.ide.mcu.externaltools.gnu-tools-for-stm32.10.3-2021.10.win32_1.0.0.202111181127/tools/bin/../lib/gcc/arm-none-eabi/10.3.1/../../../../arm-none-eabi/lib/thumb/v7-m/nofp\libc_nano.a(lib_a-init.o)
                              c:/st/stm32cubeide_1.9.0/stm32cubeide/plugins/com.st.stm32cube.ide.mcu.externaltools.gnu-tools-for-stm32.10.3-2021.10.win32_1.0.0.202111181127/tools/bin/../lib/gcc/arm-none-eabi/10.3.1/../../../../arm-none-eabi/lib/thumb/v7-m/nofp/crt0.o (__libc_init_array)
c:/st/stm32cubeide_1.9.0/stm32cubeide/plugins/com.st.stm32cube.ide.mcu.externaltools.gnu-tools-for-stm32.10.3-2021.10.win32_1.0.0.202111181127/tools/bin/../lib/gcc/arm-none-eabi/10.3.1/../../../../arm-none-eabi/lib/thumb/v7-m/nofp\libc_nano.a(lib_a-memcpy-stub.o)
                              ./Core/lib/mpu6500.o (memcpy)
c:/st/stm32cubeide_1.9.0/stm32cubeide/plugins/com.st.stm32cube.ide.mcu.externaltools.gnu-tools-for-stm32.10.3-2021.10.win32_1.0.0.202111181127/tools/bin/../lib/gcc/arm-none-eabi/10.3.1/../../../../arm-none-eabi/lib/thumb/v7-m/nofp\libc_nano.a(lib_a-memset.o)
                              c:/st/stm32cubeide_1.9.0/stm32cubeide/plugins/com.st.stm32cube.ide.mcu.externaltools.gnu-tools-for-stm32.10.3-2021.10.win32_1.0.0.202111181127/tools/bin/../lib/gcc/arm-none-eabi/10.3.1/../../../../arm-none-eabi/lib/thumb/v7-m/nofp/crt0.o (memset)
c:/st/stm32cubeide_1.9.0/stm32cubeide/plugins/com.st.stm32cube.ide.mcu.externaltools.gnu-tools-for-stm32.10.3-2021.10.win32_1.0.0.202111181127/tools/bin/../lib/gcc/arm-none-eabi/10.3.1/../../../../arm-none-eabi/lib/thumb/v7-m/nofp\libm.a(lib_a-w_pow.o)
                              ./Core/lib/debug.o (pow)
c:/st/stm32cubeide_1.9.0/stm32cubeide/plugins/com.st.stm32cube.ide.mcu.externaltools.gnu-tools-for-stm32.10.3-2021.10.win32_1.0.0.202111181127/tools/bin/../lib/gcc/arm-none-eabi/10.3.1/../../../../arm-none-eabi/lib/thumb/v7-m/nofp\libm.a(lib_a-w_sqrt.o)
                              ./Core/lib/mpu6500.o (sqrt)
c:/st/stm32cubeide_1.9.0/stm32cubeide/plugins/com.st.stm32cube.ide.mcu.externaltools.gnu-tools-for-stm32.10.3-2021.10.win32_1.0.0.202111181127/tools/bin/../lib/gcc/arm-none-eabi/10.3.1/../../../../arm-none-eabi/lib/thumb/v7-m/nofp\libm.a(lib_a-wf_pow.o)
                              ./Core/lib/bmp280.o (powf)
c:/st/stm32cubeide_1.9.0/stm32cubeide/plugins/com.st.stm32cube.ide.mcu.externaltools.gnu-tools-for-stm32.10.3-2021.10.win32_1.0.0.202111181127/tools/bin/../lib/gcc/arm-none-eabi/10.3.1/../../../../arm-none-eabi/lib/thumb/v7-m/nofp\libm.a(lib_a-wf_sqrt.o)
                              ./Core/lib/maths.o (sqrtf)
c:/st/stm32cubeide_1.9.0/stm32cubeide/plugins/com.st.stm32cube.ide.mcu.externaltools.gnu-tools-for-stm32.10.3-2021.10.win32_1.0.0.202111181127/tools/bin/../lib/gcc/arm-none-eabi/10.3.1/../../../../arm-none-eabi/lib/thumb/v7-m/nofp\libm.a(lib_a-e_pow.o)
                              c:/st/stm32cubeide_1.9.0/stm32cubeide/plugins/com.st.stm32cube.ide.mcu.externaltools.gnu-tools-for-stm32.10.3-2021.10.win32_1.0.0.202111181127/tools/bin/../lib/gcc/arm-none-eabi/10.3.1/../../../../arm-none-eabi/lib/thumb/v7-m/nofp\libm.a(lib_a-w_pow.o) (__ieee754_pow)
c:/st/stm32cubeide_1.9.0/stm32cubeide/plugins/com.st.stm32cube.ide.mcu.externaltools.gnu-tools-for-stm32.10.3-2021.10.win32_1.0.0.202111181127/tools/bin/../lib/gcc/arm-none-eabi/10.3.1/../../../../arm-none-eabi/lib/thumb/v7-m/nofp\libm.a(lib_a-e_sqrt.o)
[...]
Memory Configuration

Name             Origin             Length             Attributes
RAM              0x0000000020000000 0x0000000000005000 xrw
FLASH            0x0000000008000000 0x0000000000010000 xr
*default*        0x0000000000000000 0xffffffffffffffff

Linker script and memory map

LOAD c:/st/stm32cubeide_1.9.0/stm32cubeide/plugins/com.st.stm32cube.ide.mcu.externaltools.gnu-tools-for-stm32.10.3-2021.10.win32_1.0.0.202111181127/tools/bin/../lib/gcc/arm-none-eabi/10.3.1/thumb/v7-m/nofp/crti.o
LOAD c:/st/stm32cubeide_1.9.0/stm32cubeide/plugins/com.st.stm32cube.ide.mcu.externaltools.gnu-tools-for-stm32.10.3-2021.10.win32_1.0.0.202111181127/tools/bin/../lib/gcc/arm-none-eabi/10.3.1/thumb/v7-m/nofp/crtbegin.o
LOAD c:/st/stm32cubeide_1.9.0/stm32cubeide/plugins/com.st.stm32cube.ide.mcu.externaltools.gnu-tools-for-stm32.10.3-2021.10.win32_1.0.0.202111181127/tools/bin/../lib/gcc/arm-none-eabi/10.3.1/../../../../arm-none-eabi/lib/thumb/v7-m/nofp/crt0.o
LOAD ./Core/Src/gpio.o
LOAD ./Core/Src/i2c.o
LOAD ./Core/Src/main.o
LOAD ./Core/Src/spi.o
LOAD ./Core/Src/stm32f1xx_hal_msp.o
LOAD ./Core/Src/stm32f1xx_it.o
LOAD ./Core/Src/syscalls.o
LOAD ./Core/Src/sysmem.o
LOAD ./Core/Src/system_stm32f1xx.o
LOAD ./Core/Src/tim.o
LOAD ./Core/Src/usart.o
LOAD ./Core/Startup/startup_stm32f103c8tx.o
LOAD ./Core/flymode/quadrotor/mainloop.o
LOAD ./Core/lib/bmp280.o
LOAD ./Core/lib/debug.o
LOAD ./Core/lib/gps.o
LOAD ./Core/lib/ibus.o
LOAD ./Core/lib/maths.o
LOAD ./Core/lib/mpu6500.o
LOAD ./Core/lib/pid.o
LOAD ./Core/lib/ppmreceiver.o
LOAD ./Core/lib/pwmwrite.o
LOAD ./Core/lib/qmc5883.o
LOAD ./Core/lib/timeclock.o
LOAD ./Core/lib/ssd1306/fonts.o
LOAD ./Core/lib/ssd1306/ssd1306.o
LOAD ./Drivers/STM32F1xx_HAL_Driver/Src/stm32f1xx_hal.o
LOAD ./Drivers/STM32F1xx_HAL_Driver/Src/stm32f1xx_hal_cortex.o
LOAD ./Drivers/STM32F1xx_HAL_Driver/Src/stm32f1xx_hal_dma.o
LOAD ./Drivers/STM32F1xx_HAL_Driver/Src/stm32f1xx_hal_exti.o
LOAD ./Drivers/STM32F1xx_HAL_Driver/Src/stm32f1xx_hal_flash.o
LOAD ./Drivers/STM32F1xx_HAL_Driver/Src/stm32f1xx_hal_flash_ex.o
LOAD ./Drivers/STM32F1xx_HAL_Driver/Src/stm32f1xx_hal_gpio.o
LOAD ./Drivers/STM32F1xx_HAL_Driver/Src/stm32f1xx_hal_gpio_ex.o
LOAD ./Drivers/STM32F1xx_HAL_Driver/Src/stm32f1xx_hal_i2c.o
LOAD ./Drivers/STM32F1xx_HAL_Driver/Src/stm32f1xx_hal_pwr.o
LOAD ./Drivers/STM32F1xx_HAL_Driver/Src/stm32f1xx_hal_rcc.o
LOAD ./Drivers/STM32F1xx_HAL_Driver/Src/stm32f1xx_hal_rcc_ex.o
LOAD ./Drivers/STM32F1xx_HAL_Driver/Src/stm32f1xx_hal_spi.o
LOAD ./Drivers/STM32F1xx_HAL_Driver/Src/stm32f1xx_hal_tim.o
LOAD ./Drivers/STM32F1xx_HAL_Driver/Src/stm32f1xx_hal_tim_ex.o
LOAD ./Drivers/STM32F1xx_HAL_Driver/Src/stm32f1xx_hal_uart.o
START GROUP
LOAD c:/st/stm32cubeide_1.9.0/stm32cubeide/plugins/com.st.stm32cube.ide.mcu.externaltools.gnu-tools-for-stm32.10.3-2021.10.win32_1.0.0.202111181127/tools/bin/../lib/gcc/arm-none-eabi/10.3.1/../../../../arm-none-eabi/lib/thumb/v7-m/nofp\libc_nano.a
LOAD c:/st/stm32cubeide_1.9.0/stm32cubeide/plugins/com.st.stm32cube.ide.mcu.externaltools.gnu-tools-for-stm32.10.3-2021.10.win32_1.0.0.202111181127/tools/bin/../lib/gcc/arm-none-eabi/10.3.1/../../../../arm-none-eabi/lib/thumb/v7-m/nofp\libm.a
END GROUP
START GROUP
LOAD c:/st/stm32cubeide_1.9.0/stm32cubeide/plugins/com.st.stm32cube.ide.mcu.externaltools.gnu-tools-for-stm32.10.3-2021.10.win32_1.0.0.202111181127/tools/bin/../lib/gcc/arm-none-eabi/10.3.1/thumb/v7-m/nofp\libgcc.a
LOAD c:/st/stm32cubeide_1.9.0/stm32cubeide/plugins/com.st.stm32cube.ide.mcu.externaltools.gnu-tools-for-stm32.10.3-2021.10.win32_1.0.0.202111181127/tools/bin/../lib/gcc/arm-none-eabi/10.3.1/../../../../arm-none-eabi/lib/thumb/v7-m/nofp\libc_nano.a
END GROUP
START GROUP
LOAD c:/st/stm32cubeide_1.9.0/stm32cubeide/plugins/com.st.stm32cube.ide.mcu.externaltools.gnu-tools-for-stm32.10.3-2021.10.win32_1.0.0.202111181127/tools/bin/../lib/gcc/arm-none-eabi/10.3.1/thumb/v7-m/nofp\libgcc.a
LOAD c:/st/stm32cubeide_1.9.0/stm32cubeide/plugins/com.st.stm32cube.ide.mcu.externaltools.gnu-tools-for-stm32.10.3-2021.10.win32_1.0.0.202111181127/tools/bin/../lib/gcc/arm-none-eabi/10.3.1/../../../../arm-none-eabi/lib/thumb/v7-m/nofp\libc_nano.a
LOAD c:/st/stm32cubeide_1.9.0/stm32cubeide/plugins/com.st.stm32cube.ide.mcu.externaltools.gnu-tools-for-stm32.10.3-2021.10.win32_1.0.0.202111181127/tools/bin/../lib/gcc/arm-none-eabi/10.3.1/../../../../arm-none-eabi/lib/thumb/v7-m/nofp\libnosys.a
END GROUP
START GROUP
LOAD c:/st/stm32cubeide_1.9.0/stm32cubeide/plugins/com.st.stm32cube.ide.mcu.externaltools.gnu-tools-for-stm32.10.3-2021.10.win32_1.0.0.202111181127/tools/bin/../lib/gcc/arm-none-eabi/10.3.1/thumb/v7-m/nofp\libgcc.a
LOAD c:/st/stm32cubeide_1.9.0/stm32cubeide/plugins/com.st.stm32cube.ide.mcu.externaltools.gnu-tools-for-stm32.10.3-2021.10.win32_1.0.0.202111181127/tools/bin/../lib/gcc/arm-none-eabi/10.3.1/../../../../arm-none-eabi/lib/thumb/v7-m/nofp\libc_nano.a
LOAD c:/st/stm32cubeide_1.9.0/stm32cubeide/plugins/com.st.stm32cube.ide.mcu.externaltools.gnu-tools-for-stm32.10.3-2021.10.win32_1.0.0.202111181127/tools/bin/../lib/gcc/arm-none-eabi/10.3.1/../../../../arm-none-eabi/lib/thumb/v7-m/nofp\libnosys.a
END GROUP
LOAD c:/st/stm32cubeide_1.9.0/stm32cubeide/plugins/com.st.stm32cube.ide.mcu.externaltools.gnu-tools-for-stm32.10.3-2021.10.win32_1.0.0.202111181127/tools/bin/../lib/gcc/arm-none-eabi/10.3.1/thumb/v7-m/nofp/crtend.o
LOAD c:/st/stm32cubeide_1.9.0/stm32cubeide/plugins/com.st.stm32cube.ide.mcu.externaltools.gnu-tools-for-stm32.10.3-2021.10.win32_1.0.0.202111181127/tools/bin/../lib/gcc/arm-none-eabi/10.3.1/thumb/v7-m/nofp/crtn.o
                0x0000000020005000                _estack = (ORIGIN (RAM) + LENGTH (RAM))
                0x0000000000000200                _Min_Heap_Size = 0x200
                0x0000000000000400                _Min_Stack_Size = 0x400

.isr_vector     0x0000000008000000      0x10c
                0x0000000008000000                . = ALIGN (0x4)
 *(.isr_vector)
 .isr_vector    0x0000000008000000      0x10c ./Core/Startup/startup_stm32f103c8tx.o
                0x0000000008000000                g_pfnVectors
                0x000000000800010c                . = ALIGN (0x4)

.text           0x0000000008000110     0x66fc
                0x0000000008000110                . = ALIGN (0x4)
 *(.text)
 .text          0x0000000008000110       0x40 c:/st/stm32cubeide_1.9.0/stm32cubeide/plugins/com.st.stm32cube.ide.mcu.externaltools.gnu-tools-for-stm32.10.3-2021.10.win32_1.0.0.202111181127/tools/bin/../lib/gcc/arm-none-eabi/10.3.1/thumb/v7-m/nofp/crtbegin.o
 .text          0x0000000008000150      0x378 c:/st/stm32cubeide_1.9.0/stm32cubeide/plugins/com.st.stm32cube.ide.mcu.externaltools.gnu-tools-for-stm32.10.3-2021.10.win32_1.0.0.202111181127/tools/bin/../lib/gcc/arm-none-eabi/10.3.1/thumb/v7-m/nofp\libgcc.a(_arm_addsubdf3.o)
                0x0000000008000150                __aeabi_drsub
                0x0000000008000158                __aeabi_dsub
                0x0000000008000158                __subdf3
                0x000000000800015c                __aeabi_dadd
                0x000000000800015c                __adddf3
                0x00000000080003d4                __floatunsidf
                0x00000000080003d4                __aeabi_ui2d
                0x00000000080003f4                __floatsidf
                0x00000000080003f4                __aeabi_i2d
                0x0000000008000418                __aeabi_f2d
                0x0000000008000418                __extendsfdf2
                0x000000000800045c                __floatundidf
                0x000000000800045c                __aeabi_ul2d
                0x000000000800046c                __floatdidf
                0x000000000800046c                __aeabi_l2d
 .text          0x00000000080004c8      0x424 c:/st/stm32cubeide_1.9.0/stm32cubeide/plugins/com.st.stm32cube.ide.mcu.externaltools.gnu-tools-for-stm32.10.3-2021.10.win32_1.0.0.202111181127/tools/bin/../lib/gcc/arm-none-eabi/10.3.1/thumb/v7-m/nofp\libgcc.a(_arm_muldivdf3.o)
                0x00000000080004c8                __aeabi_dmul
                0x00000000080004c8                __muldf3
                0x000000000800071c                __divdf3
                0x000000000800071c                __aeabi_ddiv
 .text          0x00000000080008ec       0x40 c:/st/stm32cubeide_1.9.0/stm32cubeide/plugins/com.st.stm32cube.ide.mcu.externaltools.gnu-tools-for-stm32.10.3-2021.10.win32_1.0.0.202111181127/tools/bin/../lib/gcc/arm-none-eabi/10.3.1/thumb/v7-m/nofp\libgcc.a(_arm_fixunsdfsi.o)
                0x00000000080008ec                __aeabi_d2uiz
                0x00000000080008ec                __fixunsdfsi
 .text          0x000000000800092c      0x21c c:/st/stm32cubeide_1.9.0/stm32cubeide/plugins/com.st.stm32cube.ide.mcu.externaltools.gnu-tools-for-stm32.10.3-2021.10.win32_1.0.0.202111181127/tools/bin/../lib/gcc/arm-none-eabi/10.3.1/thumb/v7-m/nofp\libgcc.a(_arm_addsubsf3.o)
                0x000000000800092c                __aeabi_frsub
                0x0000000008000934                __subsf3
                0x0000000008000934                __aeabi_fsub
                0x0000000008000938                __aeabi_fadd
                0x0000000008000938                __addsf3
                0x0000000008000a98                __aeabi_ui2f
                0x0000000008000a98                __floatunsisf
                0x0000000008000aa0                __aeabi_i2f
                0x0000000008000aa0                __floatsisf
                0x0000000008000abc                __aeabi_ul2f
                0x0000000008000abc                __floatundisf
                0x0000000008000acc                __aeabi_l2f
                0x0000000008000acc                __floatdisf
 .text          0x0000000008000b48      0x2a0 c:/st/stm32cubeide_1.9.0/stm32cubeide/plugins/com.st.stm32cube.ide.mcu.externaltools.gnu-tools-for-stm32.10.3-2021.10.win32_1.0.0.202111181127/tools/bin/../lib/gcc/arm-none-eabi/10.3.1/thumb/v7-m/nofp\libgcc.a(_arm_muldivsf3.o)
                0x0000000008000b48                __mulsf3
                0x0000000008000b48                __aeabi_fmul
                0x0000000008000cb0                __aeabi_fdiv
                0x0000000008000cb0                __divsf3
 .text          0x0000000008000de8       0xec c:/st/stm32cubeide_1.9.0/stm32cubeide/plugins/com.st.stm32cube.ide.mcu.externaltools.gnu-tools-for-stm32.10.3-2021.10.win32_1.0.0.202111181127/tools/bin/../lib/gcc/arm-none-eabi/10.3.1/thumb/v7-m/nofp\libgcc.a(_arm_cmpsf2.o)
                0x0000000008000de8                __gesf2
                0x0000000008000de8                __gtsf2
                0x0000000008000df0                __lesf2
                0x0000000008000df0                __ltsf2
                0x0000000008000df8                __nesf2
                0x0000000008000df8                __eqsf2
                0x0000000008000df8                __cmpsf2
                0x0000000008000e58                __aeabi_cfrcmple
                0x0000000008000e60                __aeabi_cfcmpeq
                0x0000000008000e60                __aeabi_cfcmple
                0x0000000008000e70                __aeabi_fcmpeq
                0x0000000008000e84                __aeabi_fcmplt
                0x0000000008000e98                __aeabi_fcmple
                0x0000000008000eac                __aeabi_fcmpge
                0x0000000008000ec0                __aeabi_fcmpgt
 .text          0x0000000008000ed4       0x2c c:/st/stm32cubeide_1.9.0/stm32cubeide/plugins/com.st.stm32cube.ide.mcu.externaltools.gnu-tools-for-stm32.10.3-2021.10.win32_1.0.0.202111181127/tools/bin/../lib/gcc/arm-none-eabi/10.3.1/thumb/v7-m/nofp\libgcc.a(_arm_unordsf2.o)
                0x0000000008000ed4                __unordsf2
                0x0000000008000ed4                __aeabi_fcmpun
 .text          0x0000000008000f00       0x4c c:/st/stm32cubeide_1.9.0/stm32cubeide/plugins/com.st.stm32cube.ide.mcu.externaltools.gnu-tools-for-stm32.10.3-2021.10.win32_1.0.0.202111181127/tools/bin/../lib/gcc/arm-none-eabi/10.3.1/thumb/v7-m/nofp\libgcc.a(_arm_fixsfsi.o)
                0x0000000008000f00                __aeabi_f2iz
                0x0000000008000f00                __fixsfsi
 .text          0x0000000008000f4c       0x40 c:/st/stm32cubeide_1.9.0/stm32cubeide/plugins/com.st.stm32cube.ide.mcu.externaltools.gnu-tools-for-stm32.10.3-2021.10.win32_1.0.0.202111181127/tools/bin/../lib/gcc/arm-none-eabi/10.3.1/thumb/v7-m/nofp\libgcc.a(_arm_fixunssfsi.o)
                0x0000000008000f4c                __fixunssfsi
                0x0000000008000f4c                __aeabi_f2uiz
 *(.text*)
 .text.MX_GPIO_Init
                0x0000000008000f8c       0xf8 ./Core/Src/gpio.o
                0x0000000008000f8c                MX_GPIO_Init
 .text.MX_I2C2_Init
                0x0000000008001084       0x5c ./Core/Src/i2c.o
                0x0000000008001084                MX_I2C2_Init
 .text.HAL_I2C_MspInit
                0x00000000080010e0       0x80 ./Core/Src/i2c.o
                0x00000000080010e0                HAL_I2C_MspInit
 .text.main     0x0000000008001160       0x2a ./Core/Src/main.o
                0x0000000008001160                main
 .text.SystemClock_Config
                0x000000000800118a       0x8a ./Core/Src/main.o
                0x000000000800118a                SystemClock_Config
 .text.Error_Handler
                0x0000000008001214        0xa ./Core/Src/main.o
                0x0000000008001214                Error_Handler
 *fill*         0x000000000800121e        0x2 
 .text.MX_SPI1_Init
                0x0000000008001220       0x6c ./Core/Src/spi.o
                0x0000000008001220                MX_SPI1_Init
 .text.HAL_SPI_MspInit
                0x000000000800128c       0x94 ./Core/Src/spi.o
                0x000000000800128c                HAL_SPI_MspInit
 .text.HAL_MspInit
                0x0000000008001320       0x64 ./Core/Src/stm32f1xx_hal_msp.o
                0x0000000008001320                HAL_MspInit
 .text.NMI_Handler
                0x0000000008001384        0x6 ./Core/Src/stm32f1xx_it.o
                0x0000000008001384                NMI_Handler
 .text.HardFault_Handler
                0x000000000800138a        0x6 ./Core/Src/stm32f1xx_it.o
                0x000000000800138a                HardFault_Handler
 .text.MemManage_Handler
                0x0000000008001390        0x6 ./Core/Src/stm32f1xx_it.o
                0x0000000008001390                MemManage_Handler
 .text.BusFault_Handler
                0x0000000008001396        0x6 ./Core/Src/stm32f1xx_it.o
                0x0000000008001396                BusFault_Handler
 .text.UsageFault_Handler
                0x000000000800139c        0x6 ./Core/Src/stm32f1xx_it.o
                0x000000000800139c                UsageFault_Handler
 .text.SVC_Handler
                0x00000000080013a2        0xc ./Core/Src/stm32f1xx_it.o
                0x00000000080013a2                SVC_Handler
 .text.DebugMon_Handler
                0x00000000080013ae        0xc ./Core/Src/stm32f1xx_it.o
                0x00000000080013ae                DebugMon_Handler
 .text.PendSV_Handler
                0x00000000080013ba        0xc ./Core/Src/stm32f1xx_it.o
                0x00000000080013ba                PendSV_Handler
 .text.SysTick_Handler
                0x00000000080013c6        0xc ./Core/Src/stm32f1xx_it.o
                0x00000000080013c6                SysTick_Handler
 *fill*         0x00000000080013d2        0x2 
 .text.TIM4_IRQHandler
                0x00000000080013d4       0x14 ./Core/Src/stm32f1xx_it.o
                0x00000000080013d4                TIM4_IRQHandler
 .text.USART1_IRQHandler
                0x00000000080013e8       0x14 ./Core/Src/stm32f1xx_it.o
                0x00000000080013e8                USART1_IRQHandler
 .text.SystemInit
                0x00000000080013fc        0xc ./Core/Src/system_stm32f1xx.o
                0x00000000080013fc                SystemInit
 .text.MX_TIM2_Init
                0x0000000008001408      0x12c ./Core/Src/tim.o
                0x0000000008001408                MX_TIM2_Init
 .text.MX_TIM4_Init
                0x0000000008001534       0x9c ./Core/Src/tim.o
                0x0000000008001534                MX_TIM4_Init
 .text.HAL_TIM_Base_MspInit
                0x00000000080015d0       0x70 ./Core/Src/tim.o
                0x00000000080015d0                HAL_TIM_Base_MspInit
 .text.HAL_TIM_MspPostInit
                0x0000000008001640       0xc0 ./Core/Src/tim.o
                0x0000000008001640                HAL_TIM_MspPostInit
 .text.MX_USART1_UART_Init
                0x0000000008001700       0x54 ./Core/Src/usart.o
                0x0000000008001700                MX_USART1_UART_Init
 .text.HAL_UART_MspInit
                0x0000000008001754       0xa8 ./Core/Src/usart.o
                0x0000000008001754                HAL_UART_MspInit
 .text.Reset_Handler
                0x00000000080017fc       0x48 ./Core/Startup/startup_stm32f103c8tx.o
                0x00000000080017fc                Reset_Handler
 .text.Default_Handler
                0x0000000008001844        0x2 ./Core/Startup/startup_stm32f103c8tx.o
                0x0000000008001844                RTC_Alarm_IRQHandler
                0x0000000008001844                EXTI2_IRQHandler
                0x0000000008001844                TIM1_CC_IRQHandler
                0x0000000008001844                PVD_IRQHandler
                0x0000000008001844                EXTI3_IRQHandler
                0x0000000008001844                EXTI0_IRQHandler
                0x0000000008001844                I2C2_EV_IRQHandler
                0x0000000008001844                ADC1_2_IRQHandler
                0x0000000008001844                SPI1_IRQHandler
                0x0000000008001844                TAMPER_IRQHandler
                0x0000000008001844                DMA1_Channel4_IRQHandler
                0x0000000008001844                USART3_IRQHandler
                0x0000000008001844                RTC_IRQHandler
                0x0000000008001844                DMA1_Channel7_IRQHandler
                0x0000000008001844                CAN1_RX1_IRQHandler
                0x0000000008001844                I2C1_EV_IRQHandler
                0x0000000008001844                DMA1_Channel6_IRQHandler
                0x0000000008001844                TIM3_IRQHandler
                0x0000000008001844                RCC_IRQHandler
                0x0000000008001844                TIM1_TRG_COM_IRQHandler
                0x0000000008001844                DMA1_Channel1_IRQHandler
                0x0000000008001844                Default_Handler
                0x0000000008001844                EXTI15_10_IRQHandler
                0x0000000008001844                EXTI9_5_IRQHandler
                0x0000000008001844                SPI2_IRQHandler
                0x0000000008001844                DMA1_Channel5_IRQHandler
                0x0000000008001844                EXTI4_IRQHandler
                0x0000000008001844                USB_LP_CAN1_RX0_IRQHandler
                0x0000000008001844                USB_HP_CAN1_TX_IRQHandler
                0x0000000008001844                DMA1_Channel3_IRQHandler
                0x0000000008001844                TIM1_UP_IRQHandler
                0x0000000008001844                WWDG_IRQHandler
                0x0000000008001844                TIM2_IRQHandler
                0x0000000008001844                TIM1_BRK_IRQHandler
                0x0000000008001844                EXTI1_IRQHandler
                0x0000000008001844                USART2_IRQHandler
                0x0000000008001844                I2C2_ER_IRQHandler
                0x0000000008001844                DMA1_Channel2_IRQHandler
                0x0000000008001844                CAN1_SCE_IRQHandler
                0x0000000008001844                FLASH_IRQHandler
                0x0000000008001844                I2C1_ER_IRQHandler
                0x0000000008001844                USBWakeUp_IRQHandler
 *fill*         0x0000000008001846        0x2 
 .text.looptime
                0x0000000008001848       0xb0 ./Core/flymode/quadrotor/mainloop.o
                0x0000000008001848                looptime
 .text.fequency_division
                0x00000000080018f8       0x50 ./Core/flymode/quadrotor/mainloop.o
                0x00000000080018f8                fequency_division
 .text.main_loop
                0x0000000008001948      0x360 ./Core/flymode/quadrotor/mainloop.o
                0x0000000008001948                main_loop
 .text.ibusInit
                0x0000000008001ca8       0x2c ./Core/lib/ibus.o
                0x0000000008001ca8                ibusInit
 .text.ibusDataReceive
                0x0000000008001cd4       0x84 ./Core/lib/ibus.o
                0x0000000008001cd4                ibusDataReceive
 .text.ibusFrameComplete
                0x0000000008001d58      0x104 ./Core/lib/ibus.o
                0x0000000008001d58                ibusFrameComplete
 .text.ibusReadRawRC
                0x0000000008001e5c       0x24 ./Core/lib/ibus.o
                0x0000000008001e5c                ibusReadRawRC
 .text.ibusReadf
                0x0000000008001e80       0x3c ./Core/lib/ibus.o
                0x0000000008001e80                ibusReadf
 .text.HAL_UART_RxCpltCallback
                0x0000000008001ebc       0x3c ./Core/lib/ibus.o
                0x0000000008001ebc                HAL_UART_RxCpltCallback
 .text.sin_approx
                0x0000000008001ef8      0x138 ./Core/lib/maths.o
                0x0000000008001ef8                sin_approx
 .text.cos_approx
                0x0000000008002030       0x28 ./Core/lib/maths.o
                0x0000000008002030                cos_approx
 .text.atan2_approx
                0x0000000008002058      0x180 ./Core/lib/maths.o
                0x0000000008002058                atan2_approx
 .text.constrainf
                0x00000000080021d8       0x3a ./Core/lib/mpu6500.o
 *fill*         0x0000000008002212        0x2 
 .text.mpu_read_gyro
                0x0000000008002214       0xdc ./Core/lib/mpu6500.o
 .text.mpu_read_acc
                0x00000000080022f0       0xdc ./Core/lib/mpu6500.o
 .text.get_offset
                0x00000000080023cc      0x230 ./Core/lib/mpu6500.o
 .text.MPU_spi_init
                0x00000000080025fc       0xe4 ./Core/lib/mpu6500.o
                0x00000000080025fc                MPU_spi_init
 .text.gyro_read
                0x00000000080026e0       0xcc ./Core/lib/mpu6500.o
 .text.rotateV  0x00000000080027ac      0x20a ./Core/lib/mpu6500.o
 *fill*         0x00000000080029b6        0x2 
 .text.invSqrt_
                0x00000000080029b8       0xb0 ./Core/lib/mpu6500.o
 .text.mpu_update
                0x0000000008002a68      0x384 ./Core/lib/mpu6500.o
                0x0000000008002a68                mpu_update
 .text.constrainf
                0x0000000008002dec       0x3a ./Core/lib/pid.o
 *fill*         0x0000000008002e26        0x2 
 .text.pidCalculate
                0x0000000008002e28      0x1ec ./Core/lib/pid.o
                0x0000000008002e28                pidCalculate
 .text.constrain
                0x0000000008003014       0x30 ./Core/lib/pwmwrite.o
 .text.initPWM  0x0000000008003044       0x50 ./Core/lib/pwmwrite.o
                0x0000000008003044                initPWM
 .text.writePwm
                0x0000000008003094       0x78 ./Core/lib/pwmwrite.o
                0x0000000008003094                writePwm
 .text.initTimeloop
                0x000000000800310c       0x24 ./Core/lib/timeclock.o
                0x000000000800310c                initTimeloop
 .text.micros   0x0000000008003130       0x34 ./Core/lib/timeclock.o
                0x0000000008003130                micros
 .text.HAL_TIM_PeriodElapsedCallback
                0x0000000008003164       0x3c ./Core/lib/timeclock.o
                0x0000000008003164                HAL_TIM_PeriodElapsedCallback
 .text.HAL_Init
                0x00000000080031a0       0x2c ./Drivers/STM32F1xx_HAL_Driver/Src/stm32f1xx_hal.o
                0x00000000080031a0                HAL_Init
 .text.HAL_InitTick
                0x00000000080031cc       0x60 ./Drivers/STM32F1xx_HAL_Driver/Src/stm32f1xx_hal.o
                0x00000000080031cc                HAL_InitTick
 .text.HAL_IncTick
                0x000000000800322c       0x24 ./Drivers/STM32F1xx_HAL_Driver/Src/stm32f1xx_hal.o
                0x000000000800322c                HAL_IncTick
 .text.HAL_GetTick
                0x0000000008003250       0x14 ./Drivers/STM32F1xx_HAL_Driver/Src/stm32f1xx_hal.o
                0x0000000008003250                HAL_GetTick
 .text.HAL_Delay
                0x0000000008003264       0x48 ./Drivers/STM32F1xx_HAL_Driver/Src/stm32f1xx_hal.o
                0x0000000008003264                HAL_Delay
 .text.__NVIC_SetPriorityGrouping
                0x00000000080032ac       0x48 ./Drivers/STM32F1xx_HAL_Driver/Src/stm32f1xx_hal_cortex.o
 .text.__NVIC_GetPriorityGrouping
                0x00000000080032f4       0x1c ./Drivers/STM32F1xx_HAL_Driver/Src/stm32f1xx_hal_cortex.o
 .text.__NVIC_EnableIRQ
                0x0000000008003310       0x38 ./Drivers/STM32F1xx_HAL_Driver/Src/stm32f1xx_hal_cortex.o
 .text.__NVIC_SetPriority
                0x0000000008003348       0x54 ./Drivers/STM32F1xx_HAL_Driver/Src/stm32f1xx_hal_cortex.o
 .text.NVIC_EncodePriority
                0x000000000800339c       0x64 ./Drivers/STM32F1xx_HAL_Driver/Src/stm32f1xx_hal_cortex.o
 .text.SysTick_Config
                0x0000000008003400       0x44 ./Drivers/STM32F1xx_HAL_Driver/Src/stm32f1xx_hal_cortex.o
 .text.HAL_NVIC_SetPriorityGrouping
                0x0000000008003444       0x16 ./Drivers/STM32F1xx_HAL_Driver/Src/stm32f1xx_hal_cortex.o
                0x0000000008003444                HAL_NVIC_SetPriorityGrouping
 .text.HAL_NVIC_SetPriority
                0x000000000800345a       0x38 ./Drivers/STM32F1xx_HAL_Driver/Src/stm32f1xx_hal_cortex.o
                0x000000000800345a                HAL_NVIC_SetPriority
 .text.HAL_NVIC_EnableIRQ
                0x0000000008003492       0x1c ./Drivers/STM32F1xx_HAL_Driver/Src/stm32f1xx_hal_cortex.o
                0x0000000008003492                HAL_NVIC_EnableIRQ
 .text.HAL_SYSTICK_Config
                0x00000000080034ae       0x18 ./Drivers/STM32F1xx_HAL_Driver/Src/stm32f1xx_hal_cortex.o
                0x00000000080034ae                HAL_SYSTICK_Config
 .text.HAL_DMA_Abort
                0x00000000080034c6       0x74 ./Drivers/STM32F1xx_HAL_Driver/Src/stm32f1xx_hal_dma.o
                0x00000000080034c6                HAL_DMA_Abort
 *fill*         0x000000000800353a        0x2 
 .text.HAL_DMA_Abort_IT
                0x000000000800353c       0xec ./Drivers/STM32F1xx_HAL_Driver/Src/stm32f1xx_hal_dma.o
                0x000000000800353c                HAL_DMA_Abort_IT
 .text.HAL_GPIO_Init
                0x0000000008003628      0x308 ./Drivers/STM32F1xx_HAL_Driver/Src/stm32f1xx_hal_gpio.o
                0x0000000008003628                HAL_GPIO_Init
 .text.HAL_GPIO_WritePin
                0x0000000008003930       0x30 ./Drivers/STM32F1xx_HAL_Driver/Src/stm32f1xx_hal_gpio.o
                0x0000000008003930                HAL_GPIO_WritePin
 .text.HAL_GPIO_TogglePin
                0x0000000008003960       0x32 ./Drivers/STM32F1xx_HAL_Driver/Src/stm32f1xx_hal_gpio.o
                0x0000000008003960                HAL_GPIO_TogglePin
 *fill*         0x0000000008003992        0x2 
 .text.HAL_I2C_Init
                0x0000000008003994      0x288 ./Drivers/STM32F1xx_HAL_Driver/Src/stm32f1xx_hal_i2c.o
                0x0000000008003994                HAL_I2C_Init
 .text.HAL_RCC_OscConfig
                0x0000000008003c1c      0x504 ./Drivers/STM32F1xx_HAL_Driver/Src/stm32f1xx_hal_rcc.o
                0x0000000008003c1c                HAL_RCC_OscConfig
 .text.HAL_RCC_ClockConfig
                0x0000000008004120      0x1d4 ./Drivers/STM32F1xx_HAL_Driver/Src/stm32f1xx_hal_rcc.o
                0x0000000008004120                HAL_RCC_ClockConfig
 .text.HAL_RCC_GetSysClockFreq
                0x00000000080042f4       0xbc ./Drivers/STM32F1xx_HAL_Driver/Src/stm32f1xx_hal_rcc.o
                0x00000000080042f4                HAL_RCC_GetSysClockFreq
 .text.HAL_RCC_GetHCLKFreq
                0x00000000080043b0       0x14 ./Drivers/STM32F1xx_HAL_Driver/Src/stm32f1xx_hal_rcc.o
                0x00000000080043b0                HAL_RCC_GetHCLKFreq
 .text.HAL_RCC_GetPCLK1Freq
                0x00000000080043c4       0x28 ./Drivers/STM32F1xx_HAL_Driver/Src/stm32f1xx_hal_rcc.o
                0x00000000080043c4                HAL_RCC_GetPCLK1Freq
 .text.HAL_RCC_GetPCLK2Freq
                0x00000000080043ec       0x28 ./Drivers/STM32F1xx_HAL_Driver/Src/stm32f1xx_hal_rcc.o
                0x00000000080043ec                HAL_RCC_GetPCLK2Freq
 .text.RCC_Delay
                0x0000000008004414       0x3c ./Drivers/STM32F1xx_HAL_Driver/Src/stm32f1xx_hal_rcc.o
 .text.HAL_SPI_Init
                0x0000000008004450      0x108 ./Drivers/STM32F1xx_HAL_Driver/Src/stm32f1xx_hal_spi.o
                0x0000000008004450                HAL_SPI_Init
 .text.HAL_SPI_Transmit
                0x0000000008004558      0x278 ./Drivers/STM32F1xx_HAL_Driver/Src/stm32f1xx_hal_spi.o
                0x0000000008004558                HAL_SPI_Transmit
 .text.HAL_SPI_Receive
                0x00000000080047d0      0x222 ./Drivers/STM32F1xx_HAL_Driver/Src/stm32f1xx_hal_spi.o
                0x00000000080047d0                HAL_SPI_Receive
 .text.HAL_SPI_TransmitReceive
                0x00000000080049f2      0x344 ./Drivers/STM32F1xx_HAL_Driver/Src/stm32f1xx_hal_spi.o
                0x00000000080049f2                HAL_SPI_TransmitReceive
 *fill*         0x0000000008004d36        0x2 
 .text.SPI_WaitFlagStateUntilTimeout
                0x0000000008004d38      0x110 ./Drivers/STM32F1xx_HAL_Driver/Src/stm32f1xx_hal_spi.o
 .text.SPI_EndRxTransaction
                0x0000000008004e48       0xa4 ./Drivers/STM32F1xx_HAL_Driver/Src/stm32f1xx_hal_spi.o
 .text.SPI_EndRxTxTransaction
                0x0000000008004eec       0x3c ./Drivers/STM32F1xx_HAL_Driver/Src/stm32f1xx_hal_spi.o
 .text.HAL_TIM_Base_Init
                0x0000000008004f28       0x9e ./Drivers/STM32F1xx_HAL_Driver/Src/stm32f1xx_hal_tim.o
                0x0000000008004f28                HAL_TIM_Base_Init
 *fill*         0x0000000008004fc6        0x2 
 .text.HAL_TIM_Base_Start_IT
                0x0000000008004fc8       0xa4 ./Drivers/STM32F1xx_HAL_Driver/Src/stm32f1xx_hal_tim.o
                0x0000000008004fc8                HAL_TIM_Base_Start_IT
 .text.HAL_TIM_PWM_Init
                0x000000000800506c       0x9e ./Drivers/STM32F1xx_HAL_Driver/Src/stm32f1xx_hal_tim.o
                0x000000000800506c                HAL_TIM_PWM_Init
 .text.HAL_TIM_PWM_MspInit
                0x000000000800510a       0x12 ./Drivers/STM32F1xx_HAL_Driver/Src/stm32f1xx_hal_tim.o
                0x000000000800510a                HAL_TIM_PWM_MspInit
 .text.HAL_TIM_PWM_Start
                0x000000000800511c      0x144 ./Drivers/STM32F1xx_HAL_Driver/Src/stm32f1xx_hal_tim.o
                0x000000000800511c                HAL_TIM_PWM_Start
 .text.HAL_TIM_IRQHandler
                0x0000000008005260      0x210 ./Drivers/STM32F1xx_HAL_Driver/Src/stm32f1xx_hal_tim.o
                0x0000000008005260                HAL_TIM_IRQHandler
 .text.HAL_TIM_PWM_ConfigChannel
                0x0000000008005470      0x17c ./Drivers/STM32F1xx_HAL_Driver/Src/stm32f1xx_hal_tim.o
                0x0000000008005470                HAL_TIM_PWM_ConfigChannel
 .text.HAL_TIM_ConfigClockSource
                0x00000000080055ec      0x188 ./Drivers/STM32F1xx_HAL_Driver/Src/stm32f1xx_hal_tim.o
                0x00000000080055ec                HAL_TIM_ConfigClockSource
 .text.HAL_TIM_OC_DelayElapsedCallback
                0x0000000008005774       0x12 ./Drivers/STM32F1xx_HAL_Driver/Src/stm32f1xx_hal_tim.o
                0x0000000008005774                HAL_TIM_OC_DelayElapsedCallback
 .text.HAL_TIM_IC_CaptureCallback
                0x0000000008005786       0x12 ./Drivers/STM32F1xx_HAL_Driver/Src/stm32f1xx_hal_tim.o
                0x0000000008005786                HAL_TIM_IC_CaptureCallback
 .text.HAL_TIM_PWM_PulseFinishedCallback
                0x0000000008005798       0x12 ./Drivers/STM32F1xx_HAL_Driver/Src/stm32f1xx_hal_tim.o
                0x0000000008005798                HAL_TIM_PWM_PulseFinishedCallback
 .text.HAL_TIM_TriggerCallback
                0x00000000080057aa       0x12 ./Drivers/STM32F1xx_HAL_Driver/Src/stm32f1xx_hal_tim.o
                0x00000000080057aa                HAL_TIM_TriggerCallback
 .text.TIM_Base_SetConfig
                0x00000000080057bc       0xc4 ./Drivers/STM32F1xx_HAL_Driver/Src/stm32f1xx_hal_tim.o
                0x00000000080057bc                TIM_Base_SetConfig
 .text.TIM_OC1_SetConfig
                0x0000000008005880       0xcc ./Drivers/STM32F1xx_HAL_Driver/Src/stm32f1xx_hal_tim.o
 .text.TIM_OC2_SetConfig
                0x000000000800594c       0xd4 ./Drivers/STM32F1xx_HAL_Driver/Src/stm32f1xx_hal_tim.o
                0x000000000800594c                TIM_OC2_SetConfig
 .text.TIM_OC3_SetConfig
                0x0000000008005a20       0xd4 ./Drivers/STM32F1xx_HAL_Driver/Src/stm32f1xx_hal_tim.o
 .text.TIM_OC4_SetConfig
                0x0000000008005af4       0x9c ./Drivers/STM32F1xx_HAL_Driver/Src/stm32f1xx_hal_tim.o
 .text.TIM_TI1_ConfigInputStage
                0x0000000008005b90       0x5c ./Drivers/STM32F1xx_HAL_Driver/Src/stm32f1xx_hal_tim.o
 .text.TIM_TI2_ConfigInputStage
                0x0000000008005bec       0x5e ./Drivers/STM32F1xx_HAL_Driver/Src/stm32f1xx_hal_tim.o
 .text.TIM_ITRx_SetConfig
                0x0000000008005c4a       0x34 ./Drivers/STM32F1xx_HAL_Driver/Src/stm32f1xx_hal_tim.o
 .text.TIM_ETR_SetConfig
                0x0000000008005c7e       0x3e ./Drivers/STM32F1xx_HAL_Driver/Src/stm32f1xx_hal_tim.o
                0x0000000008005c7e                TIM_ETR_SetConfig
 .text.TIM_CCxChannelCmd
                0x0000000008005cbc       0x48 ./Drivers/STM32F1xx_HAL_Driver/Src/stm32f1xx_hal_tim.o
                0x0000000008005cbc                TIM_CCxChannelCmd
 .text.HAL_TIMEx_MasterConfigSynchronization
                0x0000000008005d04       0xbc ./Drivers/STM32F1xx_HAL_Driver/Src/stm32f1xx_hal_tim_ex.o
                0x0000000008005d04                HAL_TIMEx_MasterConfigSynchronization
 .text.HAL_TIMEx_CommutCallback
                0x0000000008005dc0       0x12 ./Drivers/STM32F1xx_HAL_Driver/Src/stm32f1xx_hal_tim_ex.o
                0x0000000008005dc0                HAL_TIMEx_CommutCallback
 .text.HAL_TIMEx_BreakCallback
                0x0000000008005dd2       0x12 ./Drivers/STM32F1xx_HAL_Driver/Src/stm32f1xx_hal_tim_ex.o
                0x0000000008005dd2                HAL_TIMEx_BreakCallback
 .text.HAL_UART_Init
                0x0000000008005de4       0x9a ./Drivers/STM32F1xx_HAL_Driver/Src/stm32f1xx_hal_uart.o
                0x0000000008005de4                HAL_UART_Init
 .text.HAL_UART_Receive_IT
                0x0000000008005e7e       0x60 ./Drivers/STM32F1xx_HAL_Driver/Src/stm32f1xx_hal_uart.o
                0x0000000008005e7e                HAL_UART_Receive_IT
 *fill*         0x0000000008005ede        0x2 
 .text.HAL_UART_IRQHandler
                0x0000000008005ee0      0x354 ./Drivers/STM32F1xx_HAL_Driver/Src/stm32f1xx_hal_uart.o
                0x0000000008005ee0                HAL_UART_IRQHandler
 .text.HAL_UART_TxCpltCallback
                0x0000000008006234       0x12 ./Drivers/STM32F1xx_HAL_Driver/Src/stm32f1xx_hal_uart.o
                0x0000000008006234                HAL_UART_TxCpltCallback
 .text.HAL_UART_ErrorCallback
                0x0000000008006246       0x12 ./Drivers/STM32F1xx_HAL_Driver/Src/stm32f1xx_hal_uart.o
                0x0000000008006246                HAL_UART_ErrorCallback
 .text.HAL_UARTEx_RxEventCallback
                0x0000000008006258       0x16 ./Drivers/STM32F1xx_HAL_Driver/Src/stm32f1xx_hal_uart.o
                0x0000000008006258                HAL_UARTEx_RxEventCallback
 .text.UART_Start_Receive_IT
                0x000000000800626e       0x72 ./Drivers/STM32F1xx_HAL_Driver/Src/stm32f1xx_hal_uart.o
                0x000000000800626e                UART_Start_Receive_IT
 .text.UART_EndRxTransfer
                0x00000000080062e0       0x58 ./Drivers/STM32F1xx_HAL_Driver/Src/stm32f1xx_hal_uart.o
 .text.UART_DMAAbortOnError
                0x0000000008006338       0x28 ./Drivers/STM32F1xx_HAL_Driver/Src/stm32f1xx_hal_uart.o
 .text.UART_Transmit_IT
                0x0000000008006360       0x9e ./Drivers/STM32F1xx_HAL_Driver/Src/stm32f1xx_hal_uart.o
 .text.UART_EndTransmit_IT
                0x00000000080063fe       0x30 ./Drivers/STM32F1xx_HAL_Driver/Src/stm32f1xx_hal_uart.o
 .text.UART_Receive_IT
                0x000000000800642e      0x152 ./Drivers/STM32F1xx_HAL_Driver/Src/stm32f1xx_hal_uart.o
 .text.UART_SetConfig
                0x0000000008006580      0x11c ./Drivers/STM32F1xx_HAL_Driver/Src/stm32f1xx_hal_uart.o
 .text.__errno  0x000000000800669c        0xc c:/st/stm32cubeide_1.9.0/stm32cubeide/plugins/com.st.stm32cube.ide.mcu.externaltools.gnu-tools-for-stm32.10.3-2021.10.win32_1.0.0.202111181127/tools/bin/../lib/gcc/arm-none-eabi/10.3.1/../../../../arm-none-eabi/lib/thumb/v7-m/nofp\libc_nano.a(lib_a-errno.o)
                0x000000000800669c                __errno
 .text.__libc_init_array
                0x00000000080066a8       0x48 c:/st/stm32cubeide_1.9.0/stm32cubeide/plugins/com.st.stm32cube.ide.mcu.externaltools.gnu-tools-for-stm32.10.3-2021.10.win32_1.0.0.202111181127/tools/bin/../lib/gcc/arm-none-eabi/10.3.1/../../../../arm-none-eabi/lib/thumb/v7-m/nofp\libc_nano.a(lib_a-init.o)
                0x00000000080066a8                __libc_init_array
 .text.memcpy   0x00000000080066f0       0x1c c:/st/stm32cubeide_1.9.0/stm32cubeide/plugins/com.st.stm32cube.ide.mcu.externaltools.gnu-tools-for-stm32.10.3-2021.10.win32_1.0.0.202111181127/tools/bin/../lib/gcc/arm-none-eabi/10.3.1/../../../../arm-none-eabi/lib/thumb/v7-m/nofp\libc_nano.a(lib_a-memcpy-stub.o)
                0x00000000080066f0                memcpy
 .text.memset   0x000000000800670c       0x10 c:/st/stm32cubeide_1.9.0/stm32cubeide/plugins/com.st.stm32cube.ide.mcu.externaltools.gnu-tools-for-stm32.10.3-2021.10.win32_1.0.0.202111181127/tools/bin/../lib/gcc/arm-none-eabi/10.3.1/../../../../arm-none-eabi/lib/thumb/v7-m/nofp\libc_nano.a(lib_a-memset.o)
                0x000000000800670c                memset
 .text.sqrtf    0x000000000800671c       0x34 c:/st/stm32cubeide_1.9.0/stm32cubeide/plugins/com.st.stm32cube.ide.mcu.externaltools.gnu-tools-for-stm32.10.3-2021.10.win32_1.0.0.202111181127/tools/bin/../lib/gcc/arm-none-eabi/10.3.1/../../../../arm-none-eabi/lib/thumb/v7-m/nofp\libm.a(lib_a-wf_sqrt.o)
                0x000000000800671c                sqrtf
 .text.__ieee754_sqrtf
                0x0000000008006750       0xa2 c:/st/stm32cubeide_1.9.0/stm32cubeide/plugins/com.st.stm32cube.ide.mcu.externaltools.gnu-tools-for-stm32.10.3-2021.10.win32_1.0.0.202111181127/tools/bin/../lib/gcc/arm-none-eabi/10.3.1/../../../../arm-none-eabi/lib/thumb/v7-m/nofp\libm.a(lib_a-ef_sqrt.o)
                0x0000000008006750                __ieee754_sqrtf
 *(.glue_7)
 .glue_7        0x00000000080067f2        0x0 linker stubs
 *(.glue_7t)
 .glue_7t       0x00000000080067f2        0x0 linker stubs
 *(.eh_frame)
 *fill*         0x00000000080067f2        0x2 
 .eh_frame      0x00000000080067f4        0x0 c:/st/stm32cubeide_1.9.0/stm32cubeide/plugins/com.st.stm32cube.ide.mcu.externaltools.gnu-tools-for-stm32.10.3-2021.10.win32_1.0.0.202111181127/tools/bin/../lib/gcc/arm-none-eabi/10.3.1/thumb/v7-m/nofp/crtbegin.o
 *(.init)
 .init          0x00000000080067f4        0x4 c:/st/stm32cubeide_1.9.0/stm32cubeide/plugins/com.st.stm32cube.ide.mcu.externaltools.gnu-tools-for-stm32.10.3-2021.10.win32_1.0.0.202111181127/tools/bin/../lib/gcc/arm-none-eabi/10.3.1/thumb/v7-m/nofp/crti.o
                0x00000000080067f4                _init
 .init          0x00000000080067f8        0x8 c:/st/stm32cubeide_1.9.0/stm32cubeide/plugins/com.st.stm32cube.ide.mcu.externaltools.gnu-tools-for-stm32.10.3-2021.10.win32_1.0.0.202111181127/tools/bin/../lib/gcc/arm-none-eabi/10.3.1/thumb/v7-m/nofp/crtn.o
 *(.fini)
 .fini          0x0000000008006800        0x4 c:/st/stm32cubeide_1.9.0/stm32cubeide/plugins/com.st.stm32cube.ide.mcu.externaltools.gnu-tools-for-stm32.10.3-2021.10.win32_1.0.0.202111181127/tools/bin/../lib/gcc/arm-none-eabi/10.3.1/thumb/v7-m/nofp/crti.o
                0x0000000008006800                _fini
 .fini          0x0000000008006804        0x8 c:/st/stm32cubeide_1.9.0/stm32cubeide/plugins/com.st.stm32cube.ide.mcu.externaltools.gnu-tools-for-stm32.10.3-2021.10.win32_1.0.0.202111181127/tools/bin/../lib/gcc/arm-none-eabi/10.3.1/thumb/v7-m/nofp/crtn.o
                0x000000000800680c                . = ALIGN (0x4)
                0x000000000800680c                _etext = .

.vfp11_veneer   0x000000000800680c        0x0
 .vfp11_veneer  0x000000000800680c        0x0 linker stubs

.v4_bx          0x000000000800680c        0x0
 .v4_bx         0x000000000800680c        0x0 linker stubs

.iplt           0x000000000800680c        0x0
 .iplt          0x000000000800680c        0x0 c:/st/stm32cubeide_1.9.0/stm32cubeide/plugins/com.st.stm32cube.ide.mcu.externaltools.gnu-tools-for-stm32.10.3-2021.10.win32_1.0.0.202111181127/tools/bin/../lib/gcc/arm-none-eabi/10.3.1/thumb/v7-m/nofp/crtbegin.o

.rodata         0x000000000800680c       0x28
                0x000000000800680c                . = ALIGN (0x4)
 *(.rodata)
 .rodata        0x000000000800680c       0x10 ./Drivers/STM32F1xx_HAL_Driver/Src/stm32f1xx_hal_rcc.o
 *(.rodata*)
 .rodata.AHBPrescTable
                0x000000000800681c       0x10 ./Core/Src/system_stm32f1xx.o
                0x000000000800681c                AHBPrescTable
 .rodata.APBPrescTable
                0x000000000800682c        0x8 ./Core/Src/system_stm32f1xx.o
                0x000000000800682c                APBPrescTable
                0x0000000008006834                . = ALIGN (0x4)

.rel.dyn        0x0000000008006834        0x0
 .rel.iplt      0x0000000008006834        0x0 c:/st/stm32cubeide_1.9.0/stm32cubeide/plugins/com.st.stm32cube.ide.mcu.externaltools.gnu-tools-for-stm32.10.3-2021.10.win32_1.0.0.202111181127/tools/bin/../lib/gcc/arm-none-eabi/10.3.1/thumb/v7-m/nofp/crtbegin.o

.ARM.extab      0x0000000008006834        0x0
                0x0000000008006834                . = ALIGN (0x4)
 *(.ARM.extab* .gnu.linkonce.armextab.*)
                0x0000000008006834                . = ALIGN (0x4)

.ARM            0x0000000008006834        0x0
                0x0000000008006834                . = ALIGN (0x4)
                0x0000000008006834                __exidx_start = .
 *(.ARM.exidx*)
                0x0000000008006834                __exidx_end = .
                0x0000000008006834                . = ALIGN (0x4)

.preinit_array  0x0000000008006834        0x0
                0x0000000008006834                . = ALIGN (0x4)
                0x0000000008006834                PROVIDE (__preinit_array_start = .)
 *(.preinit_array*)
                0x0000000008006834                PROVIDE (__preinit_array_end = .)
                0x0000000008006834                . = ALIGN (0x4)

.init_array     0x0000000008006834        0x4
                0x0000000008006834                . = ALIGN (0x4)
                0x0000000008006834                PROVIDE (__init_array_start = .)
 *(SORT_BY_NAME(.init_array.*))
 *(.init_array*)
 .init_array    0x0000000008006834        0x4 c:/st/stm32cubeide_1.9.0/stm32cubeide/plugins/com.st.stm32cube.ide.mcu.externaltools.gnu-tools-for-stm32.10.3-2021.10.win32_1.0.0.202111181127/tools/bin/../lib/gcc/arm-none-eabi/10.3.1/thumb/v7-m/nofp/crtbegin.o
                0x0000000008006838                PROVIDE (__init_array_end = .)
                0x0000000008006838                . = ALIGN (0x4)

.fini_array     0x0000000008006838        0x4
                0x0000000008006838                . = ALIGN (0x4)
                [!provide]                        PROVIDE (__fini_array_start = .)
 *(SORT_BY_NAME(.fini_array.*))
 *(.fini_array*)
 .fini_array    0x0000000008006838        0x4 c:/st/stm32cubeide_1.9.0/stm32cubeide/plugins/com.st.stm32cube.ide.mcu.externaltools.gnu-tools-for-stm32.10.3-2021.10.win32_1.0.0.202111181127/tools/bin/../lib/gcc/arm-none-eabi/10.3.1/thumb/v7-m/nofp/crtbegin.o
                [!provide]                        PROVIDE (__fini_array_end = .)
                0x000000000800683c                . = ALIGN (0x4)
                0x000000000800683c                _sidata = LOADADDR (.data)

.data           0x0000000020000000       0x74 load address 0x000000000800683c
                0x0000000020000000                . = ALIGN (0x4)
                0x0000000020000000                _sdata = .
 *(.data)
 *(.data*)
 .data.SystemCoreClock
                0x0000000020000000        0x4 ./Core/Src/system_stm32f1xx.o
                0x0000000020000000                SystemCoreClock
 .data.count_   0x0000000020000004        0x2 ./Core/flymode/quadrotor/mainloop.o
 *fill*         0x0000000020000006        0x2 
 .data.uwTickPrio
                0x0000000020000008        0x4 ./Drivers/STM32F1xx_HAL_Driver/Src/stm32f1xx_hal.o
                0x0000000020000008                uwTickPrio
 .data.uwTickFreq
                0x000000002000000c        0x1 ./Drivers/STM32F1xx_HAL_Driver/Src/stm32f1xx_hal.o
                0x000000002000000c                uwTickFreq
 *fill*         0x000000002000000d        0x3 
 .data._impure_ptr
                0x0000000020000010        0x4 c:/st/stm32cubeide_1.9.0/stm32cubeide/plugins/com.st.stm32cube.ide.mcu.externaltools.gnu-tools-for-stm32.10.3-2021.10.win32_1.0.0.202111181127/tools/bin/../lib/gcc/arm-none-eabi/10.3.1/../../../../arm-none-eabi/lib/thumb/v7-m/nofp\libc_nano.a(lib_a-impure.o)
                0x0000000020000010                _impure_ptr
 .data.impure_data
                0x0000000020000014       0x60 c:/st/stm32cubeide_1.9.0/stm32cubeide/plugins/com.st.stm32cube.ide.mcu.externaltools.gnu-tools-for-stm32.10.3-2021.10.win32_1.0.0.202111181127/tools/bin/../lib/gcc/arm-none-eabi/10.3.1/../../../../arm-none-eabi/lib/thumb/v7-m/nofp\libc_nano.a(lib_a-impure.o)
 *(.RamFunc)
 *(.RamFunc*)
                0x0000000020000074                . = ALIGN (0x4)
                0x0000000020000074                _edata = .

.igot.plt       0x0000000020000074        0x0 load address 0x00000000080068b0
 .igot.plt      0x0000000020000074        0x0 c:/st/stm32cubeide_1.9.0/stm32cubeide/plugins/com.st.stm32cube.ide.mcu.externaltools.gnu-tools-for-stm32.10.3-2021.10.win32_1.0.0.202111181127/tools/bin/../lib/gcc/arm-none-eabi/10.3.1/thumb/v7-m/nofp/crtbegin.o
                0x0000000020000074                . = ALIGN (0x4)

.bss            0x0000000020000078      0x364 load address 0x00000000080068b0
                0x0000000020000078                _sbss = .
                0x0000000020000078                __bss_start__ = _sbss
 *(.bss)
 .bss           0x0000000020000078       0x1c c:/st/stm32cubeide_1.9.0/stm32cubeide/plugins/com.st.stm32cube.ide.mcu.externaltools.gnu-tools-for-stm32.10.3-2021.10.win32_1.0.0.202111181127/tools/bin/../lib/gcc/arm-none-eabi/10.3.1/thumb/v7-m/nofp/crtbegin.o
 *(.bss*)
 .bss.hi2c2     0x0000000020000094       0x54 ./Core/Src/i2c.o
                0x0000000020000094                hi2c2
 .bss.hspi1     0x00000000200000e8       0x58 ./Core/Src/spi.o
                0x00000000200000e8                hspi1
 .bss.htim2     0x0000000020000140       0x48 ./Core/Src/tim.o
                0x0000000020000140                htim2
 .bss.htim4     0x0000000020000188       0x48 ./Core/Src/tim.o
                0x0000000020000188                htim4
 .bss.huart1    0x00000000200001d0       0x44 ./Core/Src/usart.o
                0x00000000200001d0                huart1
 .bss.feq       0x0000000020000214        0x2 ./Core/flymode/quadrotor/mainloop.o
 *fill*         0x0000000020000216        0x2 
 .bss.time1     0x0000000020000218        0x8 ./Core/flymode/quadrotor/mainloop.o
 .bss.Ch1       0x0000000020000220        0x4 ./Core/flymode/quadrotor/mainloop.o
                0x0000000020000220                Ch1
 .bss.Ch2       0x0000000020000224        0x4 ./Core/flymode/quadrotor/mainloop.o
                0x0000000020000224                Ch2
 .bss.Ch4       0x0000000020000228        0x4 ./Core/flymode/quadrotor/mainloop.o
                0x0000000020000228                Ch4
 .bss.throttle  0x000000002000022c        0x2 ./Core/flymode/quadrotor/mainloop.o
                0x000000002000022c                throttle
 *fill*         0x000000002000022e        0x2 
 .bss.pitch_t   0x0000000020000230       0x30 ./Core/flymode/quadrotor/mainloop.o
                0x0000000020000230                pitch_t
 .bss.roll_t    0x0000000020000260       0x30 ./Core/flymode/quadrotor/mainloop.o
                0x0000000020000260                roll_t
 .bss.yaw_t     0x0000000020000290       0x30 ./Core/flymode/quadrotor/mainloop.o
                0x0000000020000290                yaw_t
 .bss.moto1     0x00000000200002c0        0x2 ./Core/flymode/quadrotor/mainloop.o
                0x00000000200002c0                moto1
 .bss.moto2     0x00000000200002c2        0x2 ./Core/flymode/quadrotor/mainloop.o
                0x00000000200002c2                moto2
 .bss.moto3     0x00000000200002c4        0x2 ./Core/flymode/quadrotor/mainloop.o
                0x00000000200002c4                moto3
 .bss.moto4     0x00000000200002c6        0x2 ./Core/flymode/quadrotor/mainloop.o
                0x00000000200002c6                moto4
 .bss.mpu       0x00000000200002c8        0xc ./Core/flymode/quadrotor/mainloop.o
                0x00000000200002c8                mpu
 .bss.ibusFrameDone
                0x00000000200002d4        0x4 ./Core/lib/ibus.o
 .bss.ibusChannelData
                0x00000000200002d8       0x20 ./Core/lib/ibus.o
 .bss.ibus      0x00000000200002f8       0x20 ./Core/lib/ibus.o
 .bss.rx_buff   0x0000000020000318        0x1 ./Core/lib/ibus.o
 *fill*         0x0000000020000319        0x3 
 .bss.uart      0x000000002000031c        0x4 ./Core/lib/ibus.o
                0x000000002000031c                uart
 .bss.ibusTimeLast.1
                0x0000000020000320        0x4 ./Core/lib/ibus.o
 .bss.ibusFramePosition.0
                0x0000000020000324        0x1 ./Core/lib/ibus.o
 *fill*         0x0000000020000325        0x1 
 .bss.gyr_offs_x
                0x0000000020000326        0x2 ./Core/lib/mpu6500.o
                0x0000000020000326                gyr_offs_x
 .bss.gyr_offs_y
                0x0000000020000328        0x2 ./Core/lib/mpu6500.o
                0x0000000020000328                gyr_offs_y
 .bss.gyr_offs_z
                0x000000002000032a        0x2 ./Core/lib/mpu6500.o
                0x000000002000032a                gyr_offs_z
 .bss.acc_vect_offs_x
                0x000000002000032c        0x4 ./Core/lib/mpu6500.o
                0x000000002000032c                acc_vect_offs_x
 .bss.acc_vect_offs_y
                0x0000000020000330        0x4 ./Core/lib/mpu6500.o
                0x0000000020000330                acc_vect_offs_y
 .bss.acc_vect_offs_z
                0x0000000020000334        0x4 ./Core/lib/mpu6500.o
                0x0000000020000334                acc_vect_offs_z
 .bss.mpu_spi_port
                0x0000000020000338       0x58 ./Core/lib/mpu6500.o
                0x0000000020000338                mpu_spi_port
 .bss.mpu_gpio_port
                0x0000000020000390        0x4 ./Core/lib/mpu6500.o
                0x0000000020000390                mpu_gpio_port
 .bss.mpu_cs_pin
                0x0000000020000394        0x2 ./Core/lib/mpu6500.o
                0x0000000020000394                mpu_cs_pin
 *fill*         0x0000000020000396        0x2 
 .bss.vect      0x0000000020000398        0xc ./Core/lib/mpu6500.o
                0x0000000020000398                vect
 .bss.contan_gyro.2
                0x00000000200003a4        0xc ./Core/lib/mpu6500.o
 .bss.contan_acc.1
                0x00000000200003b0        0xc ./Core/lib/mpu6500.o
 .bss.accSmooth.0
                0x00000000200003bc        0xc ./Core/lib/mpu6500.o
 .bss.htimm     0x00000000200003c8        0x4 ./Core/lib/pwmwrite.o
                0x00000000200003c8                htimm
 .bss.htimmz    0x00000000200003cc        0x4 ./Core/lib/timeclock.o
                0x00000000200003cc                htimmz
 .bss.micross   0x00000000200003d0        0x8 ./Core/lib/timeclock.o
 .bss.uwTick    0x00000000200003d8        0x4 ./Drivers/STM32F1xx_HAL_Driver/Src/stm32f1xx_hal.o
                0x00000000200003d8                uwTick
 *(COMMON)
                0x00000000200003dc                . = ALIGN (0x4)
                0x00000000200003dc                _ebss = .
                0x00000000200003dc                __bss_end__ = _ebss

._user_heap_stack
                0x00000000200003dc      0x604 load address 0x00000000080068b0
                0x00000000200003e0                . = ALIGN (0x8)
 *fill*         0x00000000200003dc        0x4 
                [!provide]                        PROVIDE (end = .)
                0x00000000200003e0                PROVIDE (_end = .)
                0x00000000200005e0                . = (. + _Min_Heap_Size)
 *fill*         0x00000000200003e0      0x200 
                0x00000000200009e0                . = (. + _Min_Stack_Size)
 *fill*         0x00000000200005e0      0x400 
                0x00000000200009e0                . = ALIGN (0x8)

/DISCARD/
 libc.a(*)
 libm.a(*)
 libgcc.a(*)

.ARM.attributes
                0x0000000000000000       0x29
 *(.ARM.attributes)
 .ARM.attributes
                0x0000000000000000       0x1d c:/st/stm32cubeide_1.9.0/stm32cubeide/plugins/com.st.stm32cube.ide.mcu.externaltools.gnu-tools-for-stm32.10.3-2021.10.win32_1.0.0.202111181127/tools/bin/../lib/gcc/arm-none-eabi/10.3.1/thumb/v7-m/nofp/crti.o
 .ARM.attributes
                0x000000000000001d       0x2d c:/st/stm32cubeide_1.9.0/stm32cubeide/plugins/com.st.stm32cube.ide.mcu.externaltools.gnu-tools-for-stm32.10.3-2021.10.win32_1.0.0.202111181127/tools/bin/../lib/gcc/arm-none-eabi/10.3.1/thumb/v7-m/nofp/crtbegin.o
 .ARM.attributes
                0x000000000000004a       0x2d ./Core/Src/gpio.o
 .ARM.attributes
                0x0000000000000077       0x2d ./Core/Src/i2c.o
 .ARM.attributes
                0x00000000000000a4       0x2d ./Core/Src/main.o
 .ARM.attributes
                0x00000000000000d1       0x2d ./Core/Src/spi.o
 .ARM.attributes
                0x00000000000000fe       0x2d ./Core/Src/stm32f1xx_hal_msp.o
 .ARM.attributes
                0x000000000000012b       0x2d ./Core/Src/stm32f1xx_it.o
 .ARM.attributes
                0x0000000000000158       0x2d ./Core/Src/system_stm32f1xx.o
 .ARM.attributes
                0x0000000000000185       0x2d ./Core/Src/tim.o
 .ARM.attributes
                0x00000000000001b2       0x2d ./Core/Src/usart.o
 .ARM.attributes
                0x00000000000001df       0x21 ./Core/Startup/startup_stm32f103c8tx.o
 .ARM.attributes
                0x0000000000000200       0x2d ./Core/flymode/quadrotor/mainloop.o
 .ARM.attributes
                0x000000000000022d       0x2d ./Core/lib/ibus.o
 .ARM.attributes
                0x000000000000025a       0x2d ./Core/lib/maths.o
 .ARM.attributes
                0x0000000000000287       0x2d ./Core/lib/mpu6500.o
 .ARM.attributes
                0x00000000000002b4       0x2d ./Core/lib/pid.o
 .ARM.attributes
                0x00000000000002e1       0x2d ./Core/lib/pwmwrite.o
 .ARM.attributes
                0x000000000000030e       0x2d ./Core/lib/timeclock.o
 .ARM.attributes
                0x000000000000033b       0x2d ./Drivers/STM32F1xx_HAL_Driver/Src/stm32f1xx_hal.o
 .ARM.attributes
                0x0000000000000368       0x2d ./Drivers/STM32F1xx_HAL_Driver/Src/stm32f1xx_hal_cortex.o
 .ARM.attributes
                0x0000000000000395       0x2d ./Drivers/STM32F1xx_HAL_Driver/Src/stm32f1xx_hal_dma.o
 .ARM.attributes
                0x00000000000003c2       0x2d ./Drivers/STM32F1xx_HAL_Driver/Src/stm32f1xx_hal_gpio.o
 .ARM.attributes
                0x00000000000003ef       0x2d ./Drivers/STM32F1xx_HAL_Driver/Src/stm32f1xx_hal_i2c.o
 .ARM.attributes
                0x000000000000041c       0x2d ./Drivers/STM32F1xx_HAL_Driver/Src/stm32f1xx_hal_rcc.o
 .ARM.attributes
                0x0000000000000449       0x2d ./Drivers/STM32F1xx_HAL_Driver/Src/stm32f1xx_hal_spi.o
 .ARM.attributes
                0x0000000000000476       0x2d ./Drivers/STM32F1xx_HAL_Driver/Src/stm32f1xx_hal_tim.o
 .ARM.attributes
                0x00000000000004a3       0x2d ./Drivers/STM32F1xx_HAL_Driver/Src/stm32f1xx_hal_tim_ex.o
 .ARM.attributes
                0x00000000000004d0       0x2d ./Drivers/STM32F1xx_HAL_Driver/Src/stm32f1xx_hal_uart.o
 .ARM.attributes
                0x00000000000004fd       0x2d c:/st/stm32cubeide_1.9.0/stm32cubeide/plugins/com.st.stm32cube.ide.mcu.externaltools.gnu-tools-for-stm32.10.3-2021.10.win32_1.0.0.202111181127/tools/bin/../lib/gcc/arm-none-eabi/10.3.1/../../../../arm-none-eabi/lib/thumb/v7-m/nofp\libc_nano.a(lib_a-errno.o)
 .ARM.attributes
                0x000000000000052a       0x2d c:/st/stm32cubeide_1.9.0/stm32cubeide/plugins/com.st.stm32cube.ide.mcu.externaltools.gnu-tools-for-stm32.10.3-2021.10.win32_1.0.0.202111181127/tools/bin/../lib/gcc/arm-none-eabi/10.3.1/../../../../arm-none-eabi/lib/thumb/v7-m/nofp\libc_nano.a(lib_a-impure.o)
 .ARM.attributes
                0x0000000000000557       0x2d c:/st/stm32cubeide_1.9.0/stm32cubeide/plugins/com.st.stm32cube.ide.mcu.externaltools.gnu-tools-for-stm32.10.3-2021.10.win32_1.0.0.202111181127/tools/bin/../lib/gcc/arm-none-eabi/10.3.1/../../../../arm-none-eabi/lib/thumb/v7-m/nofp\libc_nano.a(lib_a-init.o)
 .ARM.attributes
                0x0000000000000584       0x2d c:/st/stm32cubeide_1.9.0/stm32cubeide/plugins/com.st.stm32cube.ide.mcu.externaltools.gnu-tools-for-stm32.10.3-2021.10.win32_1.0.0.202111181127/tools/bin/../lib/gcc/arm-none-eabi/10.3.1/../../../../arm-none-eabi/lib/thumb/v7-m/nofp\libc_nano.a(lib_a-memcpy-stub.o)
 .ARM.attributes
                0x00000000000005b1       0x2d c:/st/stm32cubeide_1.9.0/stm32cubeide/plugins/com.st.stm32cube.ide.mcu.externaltools.gnu-tools-for-stm32.10.3-2021.10.win32_1.0.0.202111181127/tools/bin/../lib/gcc/arm-none-eabi/10.3.1/../../../../arm-none-eabi/lib/thumb/v7-m/nofp\libc_nano.a(lib_a-memset.o)
 .ARM.attributes
                0x00000000000005de       0x2d c:/st/stm32cubeide_1.9.0/stm32cubeide/plugins/com.st.stm32cube.ide.mcu.externaltools.gnu-tools-for-stm32.10.3-2021.10.win32_1.0.0.202111181127/tools/bin/../lib/gcc/arm-none-eabi/10.3.1/../../../../arm-none-eabi/lib/thumb/v7-m/nofp\libm.a(lib_a-wf_sqrt.o)
 .ARM.attributes
                0x000000000000060b       0x2d c:/st/stm32cubeide_1.9.0/stm32cubeide/plugins/com.st.stm32cube.ide.mcu.externaltools.gnu-tools-for-stm32.10.3-2021.10.win32_1.0.0.202111181127/tools/bin/../lib/gcc/arm-none-eabi/10.3.1/../../../../arm-none-eabi/lib/thumb/v7-m/nofp\libm.a(lib_a-ef_sqrt.o)
 .ARM.attributes
                0x0000000000000638       0x1d c:/st/stm32cubeide_1.9.0/stm32cubeide/plugins/com.st.stm32cube.ide.mcu.externaltools.gnu-tools-for-stm32.10.3-2021.10.win32_1.0.0.202111181127/tools/bin/../lib/gcc/arm-none-eabi/10.3.1/thumb/v7-m/nofp\libgcc.a(_arm_addsubdf3.o)
 .ARM.attributes
                0x0000000000000655       0x1d c:/st/stm32cubeide_1.9.0/stm32cubeide/plugins/com.st.stm32cube.ide.mcu.externaltools.gnu-tools-for-stm32.10.3-2021.10.win32_1.0.0.202111181127/tools/bin/../lib/gcc/arm-none-eabi/10.3.1/thumb/v7-m/nofp\libgcc.a(_arm_muldivdf3.o)
 .ARM.attributes
                0x0000000000000672       0x1d c:/st/stm32cubeide_1.9.0/stm32cubeide/plugins/com.st.stm32cube.ide.mcu.externaltools.gnu-tools-for-stm32.10.3-2021.10.win32_1.0.0.202111181127/tools/bin/../lib/gcc/arm-none-eabi/10.3.1/thumb/v7-m/nofp\libgcc.a(_arm_fixunsdfsi.o)
 .ARM.attributes
                0x000000000000068f       0x1d c:/st/stm32cubeide_1.9.0/stm32cubeide/plugins/com.st.stm32cube.ide.mcu.externaltools.gnu-tools-for-stm32.10.3-2021.10.win32_1.0.0.202111181127/tools/bin/../lib/gcc/arm-none-eabi/10.3.1/thumb/v7-m/nofp\libgcc.a(_arm_addsubsf3.o)
 .ARM.attributes
                0x00000000000006ac       0x1d c:/st/stm32cubeide_1.9.0/stm32cubeide/plugins/com.st.stm32cube.ide.mcu.externaltools.gnu-tools-for-stm32.10.3-2021.10.win32_1.0.0.202111181127/tools/bin/../lib/gcc/arm-none-eabi/10.3.1/thumb/v7-m/nofp\libgcc.a(_arm_muldivsf3.o)
 .ARM.attributes
                0x00000000000006c9       0x1d c:/st/stm32cubeide_1.9.0/stm32cubeide/plugins/com.st.stm32cube.ide.mcu.externaltools.gnu-tools-for-stm32.10.3-2021.10.win32_1.0.0.202111181127/tools/bin/../lib/gcc/arm-none-eabi/10.3.1/thumb/v7-m/nofp\libgcc.a(_arm_cmpsf2.o)
 .ARM.attributes
                0x00000000000006e6       0x1d c:/st/stm32cubeide_1.9.0/stm32cubeide/plugins/com.st.stm32cube.ide.mcu.externaltools.gnu-tools-for-stm32.10.3-2021.10.win32_1.0.0.202111181127/tools/bin/../lib/gcc/arm-none-eabi/10.3.1/thumb/v7-m/nofp\libgcc.a(_arm_unordsf2.o)
 .ARM.attributes
                0x0000000000000703       0x1d c:/st/stm32cubeide_1.9.0/stm32cubeide/plugins/com.st.stm32cube.ide.mcu.externaltools.gnu-tools-for-stm32.10.3-2021.10.win32_1.0.0.202111181127/tools/bin/../lib/gcc/arm-none-eabi/10.3.1/thumb/v7-m/nofp\libgcc.a(_arm_fixsfsi.o)
 .ARM.attributes
                0x0000000000000720       0x1d c:/st/stm32cubeide_1.9.0/stm32cubeide/plugins/com.st.stm32cube.ide.mcu.externaltools.gnu-tools-for-stm32.10.3-2021.10.win32_1.0.0.202111181127/tools/bin/../lib/gcc/arm-none-eabi/10.3.1/thumb/v7-m/nofp\libgcc.a(_arm_fixunssfsi.o)
 .ARM.attributes
                0x000000000000073d       0x1d c:/st/stm32cubeide_1.9.0/stm32cubeide/plugins/com.st.stm32cube.ide.mcu.externaltools.gnu-tools-for-stm32.10.3-2021.10.win32_1.0.0.202111181127/tools/bin/../lib/gcc/arm-none-eabi/10.3.1/thumb/v7-m/nofp/crtn.o
OUTPUT(mario.elf elf32-littlearm)
LOAD linker stubs
LOAD c:/st/stm32cubeide_1.9.0/stm32cubeide/plugins/com.st.stm32cube.ide.mcu.externaltools.gnu-tools-for-stm32.10.3-2021.10.win32_1.0.0.202111181127/tools/bin/../lib/gcc/arm-none-eabi/10.3.1/../../../../arm-none-eabi/lib/thumb/v7-m/nofp\libc.a
LOAD c:/st/stm32cubeide_1.9.0/stm32cubeide/plugins/com.st.stm32cube.ide.mcu.externaltools.gnu-tools-for-stm32.10.3-2021.10.win32_1.0.0.202111181127/tools/bin/../lib/gcc/arm-none-eabi/10.3.1/../../../../arm-none-eabi/lib/thumb/v7-m/nofp\libm.a
LOAD c:/st/stm32cubeide_1.9.0/stm32cubeide/plugins/com.st.stm32cube.ide.mcu.externaltools.gnu-tools-for-stm32.10.3-2021.10.win32_1.0.0.202111181127/tools/bin/../lib/gcc/arm-none-eabi/10.3.1/thumb/v7-m/nofp\libgcc.a

.debug_info     0x0000000000000000    0x14bb5
 .debug_info    0x0000000000000000      0x30b ./Core/Src/gpio.o
 .debug_info    0x000000000000030b      0x85b ./Core/Src/i2c.o
 .debug_info    0x0000000000000b66      0x2dc ./Core/Src/main.o
 .debug_info    0x0000000000000e42      0x82a ./Core/Src/spi.o
 .debug_info    0x000000000000166c      0x210 ./Core/Src/stm32f1xx_hal_msp.o
 .debug_info    0x000000000000187c      0x989 ./Core/Src/stm32f1xx_it.o
 .debug_info    0x0000000000002205      0x23d ./Core/Src/system_stm32f1xx.o
 .debug_info    0x0000000000002442      0xd2a ./Core/Src/tim.o
 .debug_info    0x000000000000316c      0x978 ./Core/Src/usart.o
 .debug_info    0x0000000000003ae4       0x22 ./Core/Startup/startup_stm32f103c8tx.o
 .debug_info    0x0000000000003b06     0x1670 ./Core/flymode/quadrotor/mainloop.o
 .debug_info    0x0000000000005176      0x7a0 ./Core/lib/ibus.o
 .debug_info    0x0000000000005916     0x1550 ./Core/lib/maths.o
 .debug_info    0x0000000000006e66     0x1173 ./Core/lib/mpu6500.o
 .debug_info    0x0000000000007fd9      0x266 ./Core/lib/pid.o
 .debug_info    0x000000000000823f      0x7b3 ./Core/lib/pwmwrite.o
 .debug_info    0x00000000000089f2      0x766 ./Core/lib/timeclock.o
 .debug_info    0x0000000000009158      0x734 ./Drivers/STM32F1xx_HAL_Driver/Src/stm32f1xx_hal.o
 .debug_info    0x000000000000988c      0xb20 ./Drivers/STM32F1xx_HAL_Driver/Src/stm32f1xx_hal_cortex.o
 .debug_info    0x000000000000a3ac      0x73f ./Drivers/STM32F1xx_HAL_Driver/Src/stm32f1xx_hal_dma.o
 .debug_info    0x000000000000aaeb      0x615 ./Drivers/STM32F1xx_HAL_Driver/Src/stm32f1xx_hal_gpio.o
 .debug_info    0x000000000000b100     0x2734 ./Drivers/STM32F1xx_HAL_Driver/Src/stm32f1xx_hal_i2c.o
 .debug_info    0x000000000000d834      0x860 ./Drivers/STM32F1xx_HAL_Driver/Src/stm32f1xx_hal_rcc.o
 .debug_info    0x000000000000e094     0x1658 ./Drivers/STM32F1xx_HAL_Driver/Src/stm32f1xx_hal_spi.o
 .debug_info    0x000000000000f6ec     0x29de ./Drivers/STM32F1xx_HAL_Driver/Src/stm32f1xx_hal_tim.o
 .debug_info    0x00000000000120ca     0x1513 ./Drivers/STM32F1xx_HAL_Driver/Src/stm32f1xx_hal_tim_ex.o
 .debug_info    0x00000000000135dd     0x15d8 ./Drivers/STM32F1xx_HAL_Driver/Src/stm32f1xx_hal_uart.o

.debug_abbrev   0x0000000000000000     0x341f
 .debug_abbrev  0x0000000000000000      0x134 ./Core/Src/gpio.o
 .debug_abbrev  0x0000000000000134      0x1ce ./Core/Src/i2c.o
 .debug_abbrev  0x0000000000000302      0x186 ./Core/Src/main.o
 .debug_abbrev  0x0000000000000488      0x1ce ./Core/Src/spi.o
 .debug_abbrev  0x0000000000000656       0xd4 ./Core/Src/stm32f1xx_hal_msp.o
 .debug_abbrev  0x000000000000072a      0x184 ./Core/Src/stm32f1xx_it.o
 .debug_abbrev  0x00000000000008ae      0x13b ./Core/Src/system_stm32f1xx.o
 .debug_abbrev  0x00000000000009e9      0x228 ./Core/Src/tim.o
 .debug_abbrev  0x0000000000000c11      0x1ec ./Core/Src/usart.o
 .debug_abbrev  0x0000000000000dfd       0x12 ./Core/Startup/startup_stm32f103c8tx.o
 .debug_abbrev  0x0000000000000e0f      0x275 ./Core/flymode/quadrotor/mainloop.o
 .debug_abbrev  0x0000000000001084      0x1fc ./Core/lib/ibus.o
 .debug_abbrev  0x0000000000001280      0x29a ./Core/lib/maths.o
 .debug_abbrev  0x000000000000151a      0x2d5 ./Core/lib/mpu6500.o
 .debug_abbrev  0x00000000000017ef      0x10a ./Core/lib/pid.o
 .debug_abbrev  0x00000000000018f9      0x1b5 ./Core/lib/pwmwrite.o
 .debug_abbrev  0x0000000000001aae      0x1f8 ./Core/lib/timeclock.o
 .debug_abbrev  0x0000000000001ca6      0x1fb ./Drivers/STM32F1xx_HAL_Driver/Src/stm32f1xx_hal.o
 .debug_abbrev  0x0000000000001ea1      0x2ed ./Drivers/STM32F1xx_HAL_Driver/Src/stm32f1xx_hal_cortex.o
 .debug_abbrev  0x000000000000218e      0x1fe ./Drivers/STM32F1xx_HAL_Driver/Src/stm32f1xx_hal_dma.o
 .debug_abbrev  0x000000000000238c      0x1bb ./Drivers/STM32F1xx_HAL_Driver/Src/stm32f1xx_hal_gpio.o
 .debug_abbrev  0x0000000000002547      0x288 ./Drivers/STM32F1xx_HAL_Driver/Src/stm32f1xx_hal_i2c.o
 .debug_abbrev  0x00000000000027cf      0x2a8 ./Drivers/STM32F1xx_HAL_Driver/Src/stm32f1xx_hal_rcc.o
 .debug_abbrev  0x0000000000002a77      0x26e ./Drivers/STM32F1xx_HAL_Driver/Src/stm32f1xx_hal_spi.o
 .debug_abbrev  0x0000000000002ce5      0x25d ./Drivers/STM32F1xx_HAL_Driver/Src/stm32f1xx_hal_tim.o
 .debug_abbrev  0x0000000000002f42      0x265 ./Drivers/STM32F1xx_HAL_Driver/Src/stm32f1xx_hal_tim_ex.o
 .debug_abbrev  0x00000000000031a7      0x278 ./Drivers/STM32F1xx_HAL_Driver/Src/stm32f1xx_hal_uart.o

.debug_aranges  0x0000000000000000     0x1380
 .debug_aranges
                0x0000000000000000       0x20 ./Core/Src/gpio.o
 .debug_aranges
                0x0000000000000020       0x30 ./Core/Src/i2c.o
 .debug_aranges
                0x0000000000000050       0x30 ./Core/Src/main.o
 .debug_aranges
                0x0000000000000080       0x30 ./Core/Src/spi.o
 .debug_aranges
                0x00000000000000b0       0x20 ./Core/Src/stm32f1xx_hal_msp.o
 .debug_aranges
                0x00000000000000d0       0x70 ./Core/Src/stm32f1xx_it.o
 .debug_aranges
                0x0000000000000140       0x28 ./Core/Src/system_stm32f1xx.o
 .debug_aranges
                0x0000000000000168       0x40 ./Core/Src/tim.o
 .debug_aranges
                0x00000000000001a8       0x30 ./Core/Src/usart.o
 .debug_aranges
                0x00000000000001d8       0x28 ./Core/Startup/startup_stm32f103c8tx.o
 .debug_aranges
                0x0000000000000200       0x30 ./Core/flymode/quadrotor/mainloop.o
 .debug_aranges
                0x0000000000000230       0x48 ./Core/lib/ibus.o
 .debug_aranges
                0x0000000000000278       0xf8 ./Core/lib/maths.o
 .debug_aranges
                0x0000000000000370       0x70 ./Core/lib/mpu6500.o
 .debug_aranges
                0x00000000000003e0       0x28 ./Core/lib/pid.o
 .debug_aranges
                0x0000000000000408       0x40 ./Core/lib/pwmwrite.o
 .debug_aranges
                0x0000000000000448       0x48 ./Core/lib/timeclock.o
 .debug_aranges
                0x0000000000000490       0xe0 ./Drivers/STM32F1xx_HAL_Driver/Src/stm32f1xx_hal.o
 .debug_aranges
                0x0000000000000570      0x100 ./Drivers/STM32F1xx_HAL_Driver/Src/stm32f1xx_hal_cortex.o
 .debug_aranges
                0x0000000000000670       0x80 ./Drivers/STM32F1xx_HAL_Driver/Src/stm32f1xx_hal_dma.o
 .debug_aranges
                0x00000000000006f0       0x58 ./Drivers/STM32F1xx_HAL_Driver/Src/stm32f1xx_hal_gpio.o
 .debug_aranges
                0x0000000000000748      0x2a0 ./Drivers/STM32F1xx_HAL_Driver/Src/stm32f1xx_hal_i2c.o
 .debug_aranges
                0x00000000000009e8       0x90 ./Drivers/STM32F1xx_HAL_Driver/Src/stm32f1xx_hal_rcc.o
 .debug_aranges
                0x0000000000000a78      0x1d0 ./Drivers/STM32F1xx_HAL_Driver/Src/stm32f1xx_hal_spi.o
 .debug_aranges
                0x0000000000000c48      0x3d0 ./Drivers/STM32F1xx_HAL_Driver/Src/stm32f1xx_hal_tim.o
 .debug_aranges
                0x0000000000001018      0x168 ./Drivers/STM32F1xx_HAL_Driver/Src/stm32f1xx_hal_tim_ex.o
 .debug_aranges
                0x0000000000001180      0x200 ./Drivers/STM32F1xx_HAL_Driver/Src/stm32f1xx_hal_uart.o

.debug_ranges   0x0000000000000000     0x1230
 .debug_ranges  0x0000000000000000       0x10 ./Core/Src/gpio.o
 .debug_ranges  0x0000000000000010       0x20 ./Core/Src/i2c.o
 .debug_ranges  0x0000000000000030       0x20 ./Core/Src/main.o
 .debug_ranges  0x0000000000000050       0x20 ./Core/Src/spi.o
 .debug_ranges  0x0000000000000070       0x10 ./Core/Src/stm32f1xx_hal_msp.o
 .debug_ranges  0x0000000000000080       0x60 ./Core/Src/stm32f1xx_it.o
 .debug_ranges  0x00000000000000e0       0x18 ./Core/Src/system_stm32f1xx.o
 .debug_ranges  0x00000000000000f8       0x30 ./Core/Src/tim.o
 .debug_ranges  0x0000000000000128       0x20 ./Core/Src/usart.o
 .debug_ranges  0x0000000000000148       0x20 ./Core/Startup/startup_stm32f103c8tx.o
 .debug_ranges  0x0000000000000168       0x20 ./Core/flymode/quadrotor/mainloop.o
 .debug_ranges  0x0000000000000188       0x38 ./Core/lib/ibus.o
 .debug_ranges  0x00000000000001c0       0xe8 ./Core/lib/maths.o
 .debug_ranges  0x00000000000002a8       0x60 ./Core/lib/mpu6500.o
 .debug_ranges  0x0000000000000308       0x18 ./Core/lib/pid.o
 .debug_ranges  0x0000000000000320       0x30 ./Core/lib/pwmwrite.o
 .debug_ranges  0x0000000000000350       0x38 ./Core/lib/timeclock.o
 .debug_ranges  0x0000000000000388       0xd0 ./Drivers/STM32F1xx_HAL_Driver/Src/stm32f1xx_hal.o
 .debug_ranges  0x0000000000000458       0xf0 ./Drivers/STM32F1xx_HAL_Driver/Src/stm32f1xx_hal_cortex.o
 .debug_ranges  0x0000000000000548       0x70 ./Drivers/STM32F1xx_HAL_Driver/Src/stm32f1xx_hal_dma.o
 .debug_ranges  0x00000000000005b8       0x48 ./Drivers/STM32F1xx_HAL_Driver/Src/stm32f1xx_hal_gpio.o
 .debug_ranges  0x0000000000000600      0x2b8 ./Drivers/STM32F1xx_HAL_Driver/Src/stm32f1xx_hal_i2c.o
 .debug_ranges  0x00000000000008b8       0x80 ./Drivers/STM32F1xx_HAL_Driver/Src/stm32f1xx_hal_rcc.o
 .debug_ranges  0x0000000000000938      0x1c0 ./Drivers/STM32F1xx_HAL_Driver/Src/stm32f1xx_hal_spi.o
 .debug_ranges  0x0000000000000af8      0x3c0 ./Drivers/STM32F1xx_HAL_Driver/Src/stm32f1xx_hal_tim.o
 .debug_ranges  0x0000000000000eb8      0x158 ./Drivers/STM32F1xx_HAL_Driver/Src/stm32f1xx_hal_tim_ex.o
 .debug_ranges  0x0000000000001010      0x220 ./Drivers/STM32F1xx_HAL_Driver/Src/stm32f1xx_hal_uart.o

.debug_macro    0x0000000000000000    0x19524
 .debug_macro   0x0000000000000000      0x1cb ./Core/Src/gpio.o
 .debug_macro   0x00000000000001cb      0xa6c ./Core/Src/gpio.o
 .debug_macro   0x0000000000000c37      0x227 ./Core/Src/gpio.o
 .debug_macro   0x0000000000000e5e       0x2e ./Core/Src/gpio.o
 .debug_macro   0x0000000000000e8c       0x22 ./Core/Src/gpio.o
 .debug_macro   0x0000000000000eae       0x22 ./Core/Src/gpio.o
 .debug_macro   0x0000000000000ed0       0x8e ./Core/Src/gpio.o
 .debug_macro   0x0000000000000f5e       0x51 ./Core/Src/gpio.o
 .debug_macro   0x0000000000000faf      0x103 ./Core/Src/gpio.o
 .debug_macro   0x00000000000010b2       0x6a ./Core/Src/gpio.o
 .debug_macro   0x000000000000111c      0x1df ./Core/Src/gpio.o
 .debug_macro   0x00000000000012fb       0x1c ./Core/Src/gpio.o
 .debug_macro   0x0000000000001317       0x22 ./Core/Src/gpio.o
 .debug_macro   0x0000000000001339       0xbd ./Core/Src/gpio.o
 .debug_macro   0x00000000000013f6      0xd23 ./Core/Src/gpio.o
 .debug_macro   0x0000000000002119     0xe09e ./Core/Src/gpio.o
 .debug_macro   0x00000000000101b7       0x6d ./Core/Src/gpio.o
 .debug_macro   0x0000000000010224     0x3468 ./Core/Src/gpio.o
 .debug_macro   0x000000000001368c      0x174 ./Core/Src/gpio.o
 .debug_macro   0x0000000000013800       0x5c ./Core/Src/gpio.o
 .debug_macro   0x000000000001385c      0x5be ./Core/Src/gpio.o
 .debug_macro   0x0000000000013e1a      0x289 ./Core/Src/gpio.o
 .debug_macro   0x00000000000140a3      0x1cb ./Core/Src/gpio.o
 .debug_macro   0x000000000001426e      0x114 ./Core/Src/gpio.o
 .debug_macro   0x0000000000014382      0x1b2 ./Core/Src/gpio.o
 .debug_macro   0x0000000000014534       0x27 ./Core/Src/gpio.o
 .debug_macro   0x000000000001455b      0x136 ./Core/Src/gpio.o
 .debug_macro   0x0000000000014691      0x1bc ./Core/Src/gpio.o
 .debug_macro   0x000000000001484d       0x34 ./Core/Src/gpio.o
 .debug_macro   0x0000000000014881       0x3c ./Core/Src/gpio.o
 .debug_macro   0x00000000000148bd       0x57 ./Core/Src/gpio.o
 .debug_macro   0x0000000000014914       0x88 ./Core/Src/gpio.o
 .debug_macro   0x000000000001499c      0x241 ./Core/Src/gpio.o
 .debug_macro   0x0000000000014bdd      0x287 ./Core/Src/gpio.o
 .debug_macro   0x0000000000014e64      0x141 ./Core/Src/gpio.o
 .debug_macro   0x0000000000014fa5      0x217 ./Core/Src/gpio.o
 .debug_macro   0x00000000000151bc      0x8d1 ./Core/Src/gpio.o
 .debug_macro   0x0000000000015a8d      0x279 ./Core/Src/gpio.o
 .debug_macro   0x0000000000015d06       0x83 ./Core/Src/gpio.o
 .debug_macro   0x0000000000015d89      0x1cb ./Core/Src/i2c.o
 .debug_macro   0x0000000000015f54      0x201 ./Core/Src/main.o
 .debug_macro   0x0000000000016155      0x1cb ./Core/Src/spi.o
 .debug_macro   0x0000000000016320      0x1c1 ./Core/Src/stm32f1xx_hal_msp.o
 .debug_macro   0x00000000000164e1      0x1cb ./Core/Src/stm32f1xx_it.o
 .debug_macro   0x00000000000166ac      0x1b7 ./Core/Src/system_stm32f1xx.o
 .debug_macro   0x0000000000016863      0x1cb ./Core/Src/tim.o
 .debug_macro   0x0000000000016a2e      0x1cb ./Core/Src/usart.o
 .debug_macro   0x0000000000016bf9      0x436 ./Core/flymode/quadrotor/mainloop.o
 .debug_macro   0x000000000001702f       0x10 ./Core/flymode/quadrotor/mainloop.o
 .debug_macro   0x000000000001703f       0x52 ./Core/flymode/quadrotor/mainloop.o
 .debug_macro   0x0000000000017091       0x16 ./Core/flymode/quadrotor/mainloop.o
 .debug_macro   0x00000000000170a7       0x7d ./Core/flymode/quadrotor/mainloop.o
 .debug_macro   0x0000000000017124      0x19b ./Core/flymode/quadrotor/mainloop.o
 .debug_macro   0x00000000000172bf       0x22 ./Core/flymode/quadrotor/mainloop.o
 .debug_macro   0x00000000000172e1       0x1c ./Core/flymode/quadrotor/mainloop.o
 .debug_macro   0x00000000000172fd       0x28 ./Core/flymode/quadrotor/mainloop.o
 .debug_macro   0x0000000000017325       0x16 ./Core/flymode/quadrotor/mainloop.o
 .debug_macro   0x000000000001733b       0x20 ./Core/flymode/quadrotor/mainloop.o
 .debug_macro   0x000000000001735b      0x207 ./Core/lib/ibus.o
 .debug_macro   0x0000000000017562      0x18a ./Core/lib/maths.o
 .debug_macro   0x00000000000176ec       0x22 ./Core/lib/maths.o
 .debug_macro   0x000000000001770e      0x2d9 ./Core/lib/mpu6500.o
 .debug_macro   0x00000000000179e7      0x37c ./Core/lib/pid.o
 .debug_macro   0x0000000000017d63       0x97 ./Core/lib/pid.o
 .debug_macro   0x0000000000017dfa       0xfd ./Core/lib/pid.o
 .debug_macro   0x0000000000017ef7       0x56 ./Core/lib/pid.o
 .debug_macro   0x0000000000017f4d      0x1ea ./Core/lib/pwmwrite.o
 .debug_macro   0x0000000000018137      0x1d5 ./Core/lib/timeclock.o
 .debug_macro   0x000000000001830c      0x1db ./Drivers/STM32F1xx_HAL_Driver/Src/stm32f1xx_hal.o
 .debug_macro   0x00000000000184e7      0x1b7 ./Drivers/STM32F1xx_HAL_Driver/Src/stm32f1xx_hal_cortex.o
 .debug_macro   0x000000000001869e      0x1b7 ./Drivers/STM32F1xx_HAL_Driver/Src/stm32f1xx_hal_dma.o
 .debug_macro   0x0000000000018855      0x222 ./Drivers/STM32F1xx_HAL_Driver/Src/stm32f1xx_hal_gpio.o
 .debug_macro   0x0000000000018a77      0x1fe ./Drivers/STM32F1xx_HAL_Driver/Src/stm32f1xx_hal_i2c.o
 .debug_macro   0x0000000000018c75      0x1c9 ./Drivers/STM32F1xx_HAL_Driver/Src/stm32f1xx_hal_rcc.o
 .debug_macro   0x0000000000018e3e      0x1bf ./Drivers/STM32F1xx_HAL_Driver/Src/stm32f1xx_hal_spi.o
 .debug_macro   0x0000000000018ffd      0x1b8 ./Drivers/STM32F1xx_HAL_Driver/Src/stm32f1xx_hal_tim.o
 .debug_macro   0x00000000000191b5      0x1b7 ./Drivers/STM32F1xx_HAL_Driver/Src/stm32f1xx_hal_tim_ex.o
 .debug_macro   0x000000000001936c      0x1b8 ./Drivers/STM32F1xx_HAL_Driver/Src/stm32f1xx_hal_uart.o

.debug_line     0x0000000000000000    0x17ede
 .debug_line    0x0000000000000000      0x6c3 ./Core/Src/gpio.o
 .debug_line    0x00000000000006c3      0x701 ./Core/Src/i2c.o
 .debug_line    0x0000000000000dc4      0x78e ./Core/Src/main.o
 .debug_line    0x0000000000001552      0x713 ./Core/Src/spi.o
 .debug_line    0x0000000000001c65      0x69c ./Core/Src/stm32f1xx_hal_msp.o
 .debug_line    0x0000000000002301      0x78e ./Core/Src/stm32f1xx_it.o
 .debug_line    0x0000000000002a8f      0x71a ./Core/Src/system_stm32f1xx.o
 .debug_line    0x00000000000031a9      0x7f1 ./Core/Src/tim.o
 .debug_line    0x000000000000399a      0x70e ./Core/Src/usart.o
 .debug_line    0x00000000000040a8       0x87 ./Core/Startup/startup_stm32f103c8tx.o
 .debug_line    0x000000000000412f      0xb4d ./Core/flymode/quadrotor/mainloop.o
 .debug_line    0x0000000000004c7c      0x834 ./Core/lib/ibus.o
 .debug_line    0x00000000000054b0      0xeb6 ./Core/lib/maths.o
 .debug_line    0x0000000000006366      0xe41 ./Core/lib/mpu6500.o
 .debug_line    0x00000000000071a7      0x961 ./Core/lib/pid.o
 .debug_line    0x0000000000007b08      0x7ba ./Core/lib/pwmwrite.o
 .debug_line    0x00000000000082c2      0x749 ./Core/lib/timeclock.o
 .debug_line    0x0000000000008a0b      0x947 ./Drivers/STM32F1xx_HAL_Driver/Src/stm32f1xx_hal.o
 .debug_line    0x0000000000009352      0xb2f ./Drivers/STM32F1xx_HAL_Driver/Src/stm32f1xx_hal_cortex.o
 .debug_line    0x0000000000009e81      0xd9f ./Drivers/STM32F1xx_HAL_Driver/Src/stm32f1xx_hal_dma.o
 .debug_line    0x000000000000ac20      0x9de ./Drivers/STM32F1xx_HAL_Driver/Src/stm32f1xx_hal_gpio.o
 .debug_line    0x000000000000b5fe     0x3a31 ./Drivers/STM32F1xx_HAL_Driver/Src/stm32f1xx_hal_i2c.o
 .debug_line    0x000000000000f02f      0xd55 ./Drivers/STM32F1xx_HAL_Driver/Src/stm32f1xx_hal_rcc.o
 .debug_line    0x000000000000fd84     0x1bcc ./Drivers/STM32F1xx_HAL_Driver/Src/stm32f1xx_hal_spi.o
 .debug_line    0x0000000000011950     0x32fd ./Drivers/STM32F1xx_HAL_Driver/Src/stm32f1xx_hal_tim.o
 .debug_line    0x0000000000014c4d     0x186f ./Drivers/STM32F1xx_HAL_Driver/Src/stm32f1xx_hal_tim_ex.o
 .debug_line    0x00000000000164bc     0x1a22 ./Drivers/STM32F1xx_HAL_Driver/Src/stm32f1xx_hal_uart.o

.debug_str      0x0000000000000000    0x8fec5
 .debug_str     0x0000000000000000    0x85ce7 ./Core/Src/gpio.o
                                      0x8602f (size before relaxing)
 .debug_str     0x0000000000085ce7      0x49a ./Core/Src/i2c.o
                                      0x864e9 (size before relaxing)
 .debug_str     0x0000000000086181      0x1ec ./Core/Src/main.o
                                      0x8617a (size before relaxing)
 .debug_str     0x000000000008636d      0x1fb ./Core/Src/spi.o
                                      0x86440 (size before relaxing)
 .debug_str     0x0000000000086568       0x5a ./Core/Src/stm32f1xx_hal_msp.o
                                      0x85fb7 (size before relaxing)
 .debug_str     0x00000000000865c2      0x4f8 ./Core/Src/stm32f1xx_it.o
                                      0x866e5 (size before relaxing)
 .debug_str     0x0000000000086aba       0x7e ./Core/Src/system_stm32f1xx.o
                                      0x85fe2 (size before relaxing)
 .debug_str     0x0000000000086b38      0x49a ./Core/Src/tim.o
                                      0x86a2c (size before relaxing)
 .debug_str     0x0000000000086fd2       0x51 ./Core/Src/usart.o
                                      0x8676a (size before relaxing)
 .debug_str     0x0000000000087023       0x36 ./Core/Startup/startup_stm32f103c8tx.o
                                         0x67 (size before relaxing)
 .debug_str     0x0000000000087059     0x4f99 ./Core/flymode/quadrotor/mainloop.o
                                      0x8ba2f (size before relaxing)
 .debug_str     0x000000000008bff2       0xf7 ./Core/lib/ibus.o
                                      0x864cd (size before relaxing)
 .debug_str     0x000000000008c0e9      0x5d9 ./Core/lib/maths.o
                                       0x7e27 (size before relaxing)
 .debug_str     0x000000000008c6c2      0x1fd ./Core/lib/mpu6500.o
                                      0x8a343 (size before relaxing)
 .debug_str     0x000000000008c8bf       0x83 ./Core/lib/pid.o
                                      0x8a918 (size before relaxing)
 .debug_str     0x000000000008c942       0x94 ./Core/lib/pwmwrite.o
                                      0x8686f (size before relaxing)
 .debug_str     0x000000000008c9d6       0x81 ./Core/lib/timeclock.o
                                      0x864cd (size before relaxing)
 .debug_str     0x000000000008ca57      0x37a ./Drivers/STM32F1xx_HAL_Driver/Src/stm32f1xx_hal.o
                                      0x86715 (size before relaxing)
 .debug_str     0x000000000008cdd1      0x28a ./Drivers/STM32F1xx_HAL_Driver/Src/stm32f1xx_hal_cortex.o
                                      0x86661 (size before relaxing)
 .debug_str     0x000000000008d05b      0x230 ./Drivers/STM32F1xx_HAL_Driver/Src/stm32f1xx_hal_dma.o
                                      0x8638b (size before relaxing)
 .debug_str     0x000000000008d28b      0x2ce ./Drivers/STM32F1xx_HAL_Driver/Src/stm32f1xx_hal_gpio.o
                                      0x86368 (size before relaxing)
 .debug_str     0x000000000008d559      0xb36 ./Drivers/STM32F1xx_HAL_Driver/Src/stm32f1xx_hal_i2c.o
                                      0x87056 (size before relaxing)
 .debug_str     0x000000000008e08f      0x209 ./Drivers/STM32F1xx_HAL_Driver/Src/stm32f1xx_hal_rcc.o
                                      0x86411 (size before relaxing)
 .debug_str     0x000000000008e298      0x505 ./Drivers/STM32F1xx_HAL_Driver/Src/stm32f1xx_hal_spi.o
                                      0x8690e (size before relaxing)
 .debug_str     0x000000000008e79d      0xd05 ./Drivers/STM32F1xx_HAL_Driver/Src/stm32f1xx_hal_tim.o
                                      0x873fc (size before relaxing)
 .debug_str     0x000000000008f4a2      0x493 ./Drivers/STM32F1xx_HAL_Driver/Src/stm32f1xx_hal_tim_ex.o
                                      0x86c18 (size before relaxing)
 .debug_str     0x000000000008f935      0x590 ./Drivers/STM32F1xx_HAL_Driver/Src/stm32f1xx_hal_uart.o
                                      0x86a1c (size before relaxing)

.comment        0x0000000000000000       0x50
 .comment       0x0000000000000000       0x50 ./Core/Src/gpio.o
                                         0x51 (size before relaxing)
 .comment       0x0000000000000050       0x51 ./Core/Src/i2c.o
 .comment       0x0000000000000050       0x51 ./Core/Src/main.o
 .comment       0x0000000000000050       0x51 ./Core/Src/spi.o
 .comment       0x0000000000000050       0x51 ./Core/Src/stm32f1xx_hal_msp.o
 .comment       0x0000000000000050       0x51 ./Core/Src/stm32f1xx_it.o
 .comment       0x0000000000000050       0x51 ./Core/Src/system_stm32f1xx.o
 .comment       0x0000000000000050       0x51 ./Core/Src/tim.o
 .comment       0x0000000000000050       0x51 ./Core/Src/usart.o
 .comment       0x0000000000000050       0x51 ./Core/flymode/quadrotor/mainloop.o
 .comment       0x0000000000000050       0x51 ./Core/lib/ibus.o
 .comment       0x0000000000000050       0x51 ./Core/lib/maths.o
 .comment       0x0000000000000050       0x51 ./Core/lib/mpu6500.o
 .comment       0x0000000000000050       0x51 ./Core/lib/pid.o
 .comment       0x0000000000000050       0x51 ./Core/lib/pwmwrite.o
 .comment       0x0000000000000050       0x51 ./Core/lib/timeclock.o
 .comment       0x0000000000000050       0x51 ./Drivers/STM32F1xx_HAL_Driver/Src/stm32f1xx_hal.o
 .comment       0x0000000000000050       0x51 ./Drivers/STM32F1xx_HAL_Driver/Src/stm32f1xx_hal_cortex.o
 .comment       0x0000000000000050       0x51 ./Drivers/STM32F1xx_HAL_Driver/Src/stm32f1xx_hal_dma.o
 .comment       0x0000000000000050       0x51 ./Drivers/STM32F1xx_HAL_Driver/Src/stm32f1xx_hal_gpio.o
 .comment       0x0000000000000050       0x51 ./Drivers/STM32F1xx_HAL_Driver/Src/stm32f1xx_hal_i2c.o
 .comment       0x0000000000000050       0x51 ./Drivers/STM32F1xx_HAL_Driver/Src/stm32f1xx_hal_rcc.o
 .comment       0x0000000000000050       0x51 ./Drivers/STM32F1xx_HAL_Driver/Src/stm32f1xx_hal_spi.o
 .comment       0x0000000000000050       0x51 ./Drivers/STM32F1xx_HAL_Driver/Src/stm32f1xx_hal_tim.o
 .comment       0x0000000000000050       0x51 ./Drivers/STM32F1xx_HAL_Driver/Src/stm32f1xx_hal_tim_ex.o
 .comment       0x0000000000000050       0x51 ./Drivers/STM32F1xx_HAL_Driver/Src/stm32f1xx_hal_uart.o

.debug_frame    0x0000000000000000     0x5420
 .debug_frame   0x0000000000000000       0x34 ./Core/Src/gpio.o
 .debug_frame   0x0000000000000034       0x74 ./Core/Src/i2c.o
 .debug_frame   0x00000000000000a8       0x68 ./Core/Src/main.o
 .debug_frame   0x0000000000000110       0x74 ./Core/Src/spi.o
 .debug_frame   0x0000000000000184       0x38 ./Core/Src/stm32f1xx_hal_msp.o
 .debug_frame   0x00000000000001bc      0x13c ./Core/Src/stm32f1xx_it.o
 .debug_frame   0x00000000000002f8       0x58 ./Core/Src/system_stm32f1xx.o
 .debug_frame   0x0000000000000350       0xc4 ./Core/Src/tim.o
 .debug_frame   0x0000000000000414       0x74 ./Core/Src/usart.o
 .debug_frame   0x0000000000000488       0x84 ./Core/flymode/quadrotor/mainloop.o
 .debug_frame   0x000000000000050c       0xf0 ./Core/lib/ibus.o
 .debug_frame   0x00000000000005fc      0x44c ./Core/lib/maths.o
 .debug_frame   0x0000000000000a48      0x1a8 ./Core/lib/mpu6500.o
 .debug_frame   0x0000000000000bf0       0x5c ./Core/lib/pid.o
 .debug_frame   0x0000000000000c4c       0xc8 ./Core/lib/pwmwrite.o
 .debug_frame   0x0000000000000d14       0xf8 ./Core/lib/timeclock.o
 .debug_frame   0x0000000000000e0c      0x334 ./Drivers/STM32F1xx_HAL_Driver/Src/stm32f1xx_hal.o
 .debug_frame   0x0000000000001140      0x428 ./Drivers/STM32F1xx_HAL_Driver/Src/stm32f1xx_hal_cortex.o
 .debug_frame   0x0000000000001568      0x208 ./Drivers/STM32F1xx_HAL_Driver/Src/stm32f1xx_hal_dma.o
 .debug_frame   0x0000000000001770      0x14c ./Drivers/STM32F1xx_HAL_Driver/Src/stm32f1xx_hal_gpio.o
 .debug_frame   0x00000000000018bc      0xc5c ./Drivers/STM32F1xx_HAL_Driver/Src/stm32f1xx_hal_i2c.o
 .debug_frame   0x0000000000002518      0x21c ./Drivers/STM32F1xx_HAL_Driver/Src/stm32f1xx_hal_rcc.o
 .debug_frame   0x0000000000002734      0x824 ./Drivers/STM32F1xx_HAL_Driver/Src/stm32f1xx_hal_spi.o
 .debug_frame   0x0000000000002f58     0x11b8 ./Drivers/STM32F1xx_HAL_Driver/Src/stm32f1xx_hal_tim.o
 .debug_frame   0x0000000000004110      0x638 ./Drivers/STM32F1xx_HAL_Driver/Src/stm32f1xx_hal_tim_ex.o
 .debug_frame   0x0000000000004748      0x914 ./Drivers/STM32F1xx_HAL_Driver/Src/stm32f1xx_hal_uart.o
 .debug_frame   0x000000000000505c       0x20 c:/st/stm32cubeide_1.9.0/stm32cubeide/plugins/com.st.stm32cube.ide.mcu.externaltools.gnu-tools-for-stm32.10.3-2021.10.win32_1.0.0.202111181127/tools/bin/../lib/gcc/arm-none-eabi/10.3.1/../../../../arm-none-eabi/lib/thumb/v7-m/nofp\libc_nano.a(lib_a-errno.o)
 .debug_frame   0x000000000000507c       0x2c c:/st/stm32cubeide_1.9.0/stm32cubeide/plugins/com.st.stm32cube.ide.mcu.externaltools.gnu-tools-for-stm32.10.3-2021.10.win32_1.0.0.202111181127/tools/bin/../lib/gcc/arm-none-eabi/10.3.1/../../../../arm-none-eabi/lib/thumb/v7-m/nofp\libc_nano.a(lib_a-init.o)
 .debug_frame   0x00000000000050a8       0x28 c:/st/stm32cubeide_1.9.0/stm32cubeide/plugins/com.st.stm32cube.ide.mcu.externaltools.gnu-tools-for-stm32.10.3-2021.10.win32_1.0.0.202111181127/tools/bin/../lib/gcc/arm-none-eabi/10.3.1/../../../../arm-none-eabi/lib/thumb/v7-m/nofp\libc_nano.a(lib_a-memcpy-stub.o)
 .debug_frame   0x00000000000050d0       0x20 c:/st/stm32cubeide_1.9.0/stm32cubeide/plugins/com.st.stm32cube.ide.mcu.externaltools.gnu-tools-for-stm32.10.3-2021.10.win32_1.0.0.202111181127/tools/bin/../lib/gcc/arm-none-eabi/10.3.1/../../../../arm-none-eabi/lib/thumb/v7-m/nofp\libc_nano.a(lib_a-memset.o)
 .debug_frame   0x00000000000050f0       0x2c c:/st/stm32cubeide_1.9.0/stm32cubeide/plugins/com.st.stm32cube.ide.mcu.externaltools.gnu-tools-for-stm32.10.3-2021.10.win32_1.0.0.202111181127/tools/bin/../lib/gcc/arm-none-eabi/10.3.1/../../../../arm-none-eabi/lib/thumb/v7-m/nofp\libm.a(lib_a-wf_sqrt.o)
 .debug_frame   0x000000000000511c       0x2c c:/st/stm32cubeide_1.9.0/stm32cubeide/plugins/com.st.stm32cube.ide.mcu.externaltools.gnu-tools-for-stm32.10.3-2021.10.win32_1.0.0.202111181127/tools/bin/../lib/gcc/arm-none-eabi/10.3.1/../../../../arm-none-eabi/lib/thumb/v7-m/nofp\libm.a(lib_a-ef_sqrt.o)
 .debug_frame   0x0000000000005148       0xac c:/st/stm32cubeide_1.9.0/stm32cubeide/plugins/com.st.stm32cube.ide.mcu.externaltools.gnu-tools-for-stm32.10.3-2021.10.win32_1.0.0.202111181127/tools/bin/../lib/gcc/arm-none-eabi/10.3.1/thumb/v7-m/nofp\libgcc.a(_arm_addsubdf3.o)
 .debug_frame   0x00000000000051f4       0x50 c:/st/stm32cubeide_1.9.0/stm32cubeide/plugins/com.st.stm32cube.ide.mcu.externaltools.gnu-tools-for-stm32.10.3-2021.10.win32_1.0.0.202111181127/tools/bin/../lib/gcc/arm-none-eabi/10.3.1/thumb/v7-m/nofp\libgcc.a(_arm_muldivdf3.o)
 .debug_frame   0x0000000000005244       0x24 c:/st/stm32cubeide_1.9.0/stm32cubeide/plugins/com.st.stm32cube.ide.mcu.externaltools.gnu-tools-for-stm32.10.3-2021.10.win32_1.0.0.202111181127/tools/bin/../lib/gcc/arm-none-eabi/10.3.1/thumb/v7-m/nofp\libgcc.a(_arm_fixunsdfsi.o)
 .debug_frame   0x0000000000005268       0x4c c:/st/stm32cubeide_1.9.0/stm32cubeide/plugins/com.st.stm32cube.ide.mcu.externaltools.gnu-tools-for-stm32.10.3-2021.10.win32_1.0.0.202111181127/tools/bin/../lib/gcc/arm-none-eabi/10.3.1/thumb/v7-m/nofp\libgcc.a(_arm_addsubsf3.o)
 .debug_frame   0x00000000000052b4       0x38 c:/st/stm32cubeide_1.9.0/stm32cubeide/plugins/com.st.stm32cube.ide.mcu.externaltools.gnu-tools-for-stm32.10.3-2021.10.win32_1.0.0.202111181127/tools/bin/../lib/gcc/arm-none-eabi/10.3.1/thumb/v7-m/nofp\libgcc.a(_arm_muldivsf3.o)
 .debug_frame   0x00000000000052ec       0xc8 c:/st/stm32cubeide_1.9.0/stm32cubeide/plugins/com.st.stm32cube.ide.mcu.externaltools.gnu-tools-for-stm32.10.3-2021.10.win32_1.0.0.202111181127/tools/bin/../lib/gcc/arm-none-eabi/10.3.1/thumb/v7-m/nofp\libgcc.a(_arm_cmpsf2.o)
 .debug_frame   0x00000000000053b4       0x24 c:/st/stm32cubeide_1.9.0/stm32cubeide/plugins/com.st.stm32cube.ide.mcu.externaltools.gnu-tools-for-stm32.10.3-2021.10.win32_1.0.0.202111181127/tools/bin/../lib/gcc/arm-none-eabi/10.3.1/thumb/v7-m/nofp\libgcc.a(_arm_unordsf2.o)
 .debug_frame   0x00000000000053d8       0x24 c:/st/stm32cubeide_1.9.0/stm32cubeide/plugins/com.st.stm32cube.ide.mcu.externaltools.gnu-tools-for-stm32.10.3-2021.10.win32_1.0.0.202111181127/tools/bin/../lib/gcc/arm-none-eabi/10.3.1/thumb/v7-m/nofp\libgcc.a(_arm_fixsfsi.o)
 .debug_frame   0x00000000000053fc       0x24 c:/st/stm32cubeide_1.9.0/stm32cubeide/plugins/com.st.stm32cube.ide.mcu.externaltools.gnu-tools-for-stm32.10.3-2021.10.win32_1.0.0.202111181127/tools/bin/../lib/gcc/arm-none-eabi/10.3.1/thumb/v7-m/nofp\libgcc.a(_arm_fixunssfsi.o)