../Core/lib/debug.c:12:6:debugInit	16	static
../Core/lib/debug.c:17:6:debugLog_val	16	static
../Core/lib/debug.c:21:6:debugLog_fval	32	static
../Core/lib/debug.c:26:6:debugLog_str	16	static
../Core/lib/debug.c:30:6:debug_clear	8	static
../Core/lib/debug.c:33:6:debug_updateScreen	8	static
../Core/lib/debug.c:37:13:reverse	32	static
../Core/lib/debug.c:48:12:intToStr	24	static
../Core/lib/debug.c:63:6:print_float	16	static
../Core/lib/debug.c:68:6:write_char	24	static
../Core/lib/debug.c:74:6:write_int	32	static
