../Core/lib/debug.c:10:6:debugInit	16	static
../Core/lib/debug.c:15:6:debugLog_val	16	static
../Core/lib/debug.c:19:6:debugLog_fval	32	static
../Core/lib/debug.c:24:6:debugLog_str	16	static
../Core/lib/debug.c:28:6:debug_clear	8	static
../Core/lib/debug.c:31:6:debug_updateScreen	8	static
../Core/lib/debug.c:35:13:reverse	32	static
../Core/lib/debug.c:46:12:intToStr	32	static
../Core/lib/debug.c:64:6:print_float	80	static
../Core/lib/debug.c:102:6:print_char	24	static
../Core/lib/debug.c:115:6:print_int	56	static
