../Core/lib/maths.c:50:7:sin_approx	32	static
../Core/lib/maths.c:62:7:cos_approx	16	static
../Core/lib/maths.c:71:7:atan2_approx	56	static
../Core/lib/maths.c:98:7:acos_approx	32	static
../Core/lib/maths.c:110:5:gcd	16	static
../Core/lib/maths.c:119:9:applyDeadband	24	static
../Core/lib/maths.c:128:7:fapplyDeadband	16	static
../Core/lib/maths.c:137:6:devClear	16	static
../Core/lib/maths.c:142:6:devPush	24	static
../Core/lib/maths.c:156:7:devVariance	24	static
../Core/lib/maths.c:161:7:devStandardDeviation	16	static
../Core/lib/maths.c:166:7:degreesToRadians	16	static
../Core/lib/maths.c:171:5:scaleRange	32	static
../Core/lib/maths.c:177:7:scaleRangef	40	static
../Core/lib/maths.c:183:6:buildRotationMatrix	56	static
../Core/lib/maths.c:211:6:applyMatrixRotation	40	static
../Core/lib/maths.c:230:9:quickMedianFilter3	48	static
../Core/lib/maths.c:239:9:quickMedianFilter5	72	static
../Core/lib/maths.c:250:9:quickMedianFilter7	104	static
../Core/lib/maths.c:263:9:quickMedianFilter9	136	static
../Core/lib/maths.c:278:7:quickMedianFilter3f	48	static
../Core/lib/maths.c:287:7:quickMedianFilter5f	72	static
../Core/lib/maths.c:298:7:quickMedianFilter7f	104	static
../Core/lib/maths.c:311:7:quickMedianFilter9f	136	static
../Core/lib/maths.c:326:6:arraySubInt32	32	static
../Core/lib/maths.c:333:9:qPercent	16	static
../Core/lib/maths.c:337:9:qMultiply	16	static
../Core/lib/maths.c:341:10:qConstruct	16	static
../Core/lib/maths.c:346:7:invSqrt_	32	static
