../Core/lib/maths.c:50:7:sin_approx	16	static
../Core/lib/maths.c:62:7:cos_approx	8	static
../Core/lib/maths.c:71:7:atan2_approx	32	static
../Core/lib/maths.c:98:7:acos_approx	16	static
../Core/lib/maths.c:109:5:gcd	0	static
../Core/lib/maths.c:118:9:applyDeadband	0	static
../Core/lib/maths.c:127:7:fapplyDeadband	16	static
../Core/lib/maths.c:136:6:devClear	0	static
../Core/lib/maths.c:141:6:devPush	24	static
../Core/lib/maths.c:155:7:devVariance	8	static
../Core/lib/maths.c:160:7:devStandardDeviation	8	static
../Core/lib/maths.c:165:7:degreesToRadians	8	static
../Core/lib/maths.c:170:5:scaleRange	8	static
../Core/lib/maths.c:176:7:scaleRangef	24	static
../Core/lib/maths.c:182:6:buildRotationMatrix	56	static
../Core/lib/maths.c:210:6:applyMatrixRotation	32	static
../Core/lib/maths.c:229:9:quickMedianFilter3	0	static
../Core/lib/maths.c:238:9:quickMedianFilter5	40	static
../Core/lib/maths.c:249:9:quickMedianFilter7	48	static
../Core/lib/maths.c:262:9:quickMedianFilter9	56	static
../Core/lib/maths.c:277:7:quickMedianFilter3f	16	static
../Core/lib/maths.c:286:7:quickMedianFilter5f	40	static
../Core/lib/maths.c:297:7:quickMedianFilter7f	56	static
../Core/lib/maths.c:310:7:quickMedianFilter9f	64	static
../Core/lib/maths.c:325:6:arraySubInt32	16	static
../Core/lib/maths.c:332:9:qPercent	0	static
../Core/lib/maths.c:336:9:qMultiply	0	static
../Core/lib/maths.c:340:10:qConstruct	0	static
