c:\users\sudo\documents\github\orionflight\core\lib\mavlink\checksum.h:34:20:crc_accumulate	24	static
c:\users\sudo\documents\github\orionflight\core\lib\mavlink\checksum.h:51:20:crc_init	16	static
c:\users\sudo\documents\github\orionflight\core\lib\mavlink\checksum.h:64:24:crc_calculate	24	static
c:\users\sudo\documents\github\orionflight\core\lib\mavlink\checksum.h:84:20:crc_accumulate_buffer	32	static
c:\users\sudo\documents\github\orionflight\core\lib\mavlink\mavlink_helpers.h:17:34:mavlink_get_channel_status	16	static
c:\users\sudo\documents\github\orionflight\core\lib\mavlink\mavlink_helpers.h:68:25:mavlink_finalize_message_chan	24	static
c:\users\sudo\documents\github\orionflight\core\lib\mavlink\mavlink_helpers.h:108:25:mavlink_finalize_message	24	static
c:\users\sudo\documents\github\orionflight\core\lib\mavlink\mavlink_helpers.h:183:25:mavlink_msg_to_send_buffer	24	static
c:\users\sudo\documents\github\orionflight\core\lib\mavlink\common\mavlink_msg_attitude.h:53:24:mavlink_msg_attitude_pack	64	static
C:/Users/sudo/Documents/GitHub/orionflight/Core/lib/scheduler.h:25:6:looptime	32	static
C:/Users/sudo/Documents/GitHub/orionflight/Core/lib/scheduler.h:33:5:fequency_division	16	static
../Core/flymode/quadrotor/mainloop.c:39:6:main_loop	64	static
../Core/flymode/quadrotor/mainloop.c:258:6:HAL_UART_RxCpltCallback	16	static
../Core/flymode/quadrotor/mainloop.c:271:7:storeGyro1	24	static
../Core/flymode/quadrotor/mainloop.c:278:7:storeGyro2	24	static
